Archive member included to satisfy reference by file (symbol)

C:\Users\sujee\Desktop\ARC\SJSU_Coursework\Spring_2017\295B\FreeRTOS_workfolder\SourceCode\FreeRTOS_workspac\CMSISv1p30_LPC17xx\Debug\libCMSISv1p30_LPC17xx.a(system_LPC17xx.o)
                              ./ultsensor.o (SystemCoreClock)
C:\Users\sujee\Desktop\ARC\SJSU_Coursework\Spring_2017\295B\FreeRTOS_workfolder\SourceCode\FreeRTOS_workspac\FreeRTOS_Library\Debug\libFreeRTOS_Library.a(port.o)
                              ./cr_startup_lpc17.o (vPortSVCHandler)
C:\Users\sujee\Desktop\ARC\SJSU_Coursework\Spring_2017\295B\FreeRTOS_workfolder\SourceCode\FreeRTOS_workspac\FreeRTOS_Library\Debug\libFreeRTOS_Library.a(tasks.o)
                              ./main.o (xTaskGenericCreate)
C:\Users\sujee\Desktop\ARC\SJSU_Coursework\Spring_2017\295B\FreeRTOS_workfolder\SourceCode\FreeRTOS_workspac\FreeRTOS_Library\Debug\libFreeRTOS_Library.a(heap_2.o)
                              C:\Users\sujee\Desktop\ARC\SJSU_Coursework\Spring_2017\295B\FreeRTOS_workfolder\SourceCode\FreeRTOS_workspac\FreeRTOS_Library\Debug\libFreeRTOS_Library.a(tasks.o) (pvPortMalloc)
C:\Users\sujee\Desktop\ARC\SJSU_Coursework\Spring_2017\295B\FreeRTOS_workfolder\SourceCode\FreeRTOS_workspac\FreeRTOS_Library\Debug\libFreeRTOS_Library.a(list.o)
                              C:\Users\sujee\Desktop\ARC\SJSU_Coursework\Spring_2017\295B\FreeRTOS_workfolder\SourceCode\FreeRTOS_workspac\FreeRTOS_Library\Debug\libFreeRTOS_Library.a(tasks.o) (vListInitialise)
c:/nxp/mcuxpressoide_10.0.0_344/ide/tools/bin/../lib/gcc/arm-none-eabi/5.4.1/../../../../arm-none-eabi/lib/armv7-m\libcr_semihost.a(_cr_assert.o)
                              ./src/mbrtu.o (__assertion_failed)
c:/nxp/mcuxpressoide_10.0.0_344/ide/tools/bin/../lib/gcc/arm-none-eabi/5.4.1/../../../../arm-none-eabi/lib/armv7-m\libcr_semihost.a(__ciob.o)
                              c:/nxp/mcuxpressoide_10.0.0_344/ide/tools/bin/../lib/gcc/arm-none-eabi/5.4.1/../../../../arm-none-eabi/lib/armv7-m\libcr_semihost.a(_cr_assert.o) (__Ciob)
c:/nxp/mcuxpressoide_10.0.0_344/ide/tools/bin/../lib/gcc/arm-none-eabi/5.4.1/../../../../arm-none-eabi/lib/armv7-m\libcr_semihost.a(__sys_appexit.o)
                              c:/nxp/mcuxpressoide_10.0.0_344/ide/tools/bin/../lib/gcc/arm-none-eabi/5.4.1/../../../../arm-none-eabi/lib/armv7-m\libcr_semihost.a(_cr_assert.o) (__sys_appexit)
c:/nxp/mcuxpressoide_10.0.0_344/ide/tools/bin/../lib/gcc/arm-none-eabi/5.4.1/../../../../arm-none-eabi/lib/armv7-m\libcr_c.a(memcpy.o)
                              ./src/mbfuncother.o (memcpy)
c:/nxp/mcuxpressoide_10.0.0_344/ide/tools/bin/../lib/gcc/arm-none-eabi/5.4.1/../../../../arm-none-eabi/lib/armv7-m\libcr_c.a(memset.o)
                              C:\Users\sujee\Desktop\ARC\SJSU_Coursework\Spring_2017\295B\FreeRTOS_workfolder\SourceCode\FreeRTOS_workspac\FreeRTOS_Library\Debug\libFreeRTOS_Library.a(tasks.o) (memset)
c:/nxp/mcuxpressoide_10.0.0_344/ide/tools/bin/../lib/gcc/arm-none-eabi/5.4.1/../../../../arm-none-eabi/lib/armv7-m\libcr_c.a(_deferredlazyseek.o)
                              c:/nxp/mcuxpressoide_10.0.0_344/ide/tools/bin/../lib/gcc/arm-none-eabi/5.4.1/../../../../arm-none-eabi/lib/armv7-m\libcr_semihost.a(_cr_assert.o) (__flsbuf)
c:/nxp/mcuxpressoide_10.0.0_344/ide/tools/bin/../lib/gcc/arm-none-eabi/5.4.1/../../../../arm-none-eabi/lib/armv7-m\libcr_c.a(_fflush.o)
                              c:/nxp/mcuxpressoide_10.0.0_344/ide/tools/bin/../lib/gcc/arm-none-eabi/5.4.1/../../../../arm-none-eabi/lib/armv7-m\libcr_c.a(_deferredlazyseek.o) (_fflush)
c:/nxp/mcuxpressoide_10.0.0_344/ide/tools/bin/../lib/gcc/arm-none-eabi/5.4.1/../../../../arm-none-eabi/lib/armv7-m\libcr_c.a(_writebuf.o)
                              c:/nxp/mcuxpressoide_10.0.0_344/ide/tools/bin/../lib/gcc/arm-none-eabi/5.4.1/../../../../arm-none-eabi/lib/armv7-m\libcr_c.a(_deferredlazyseek.o) (_Cwritebuf)
c:/nxp/mcuxpressoide_10.0.0_344/ide/tools/bin/../lib/gcc/arm-none-eabi/5.4.1/../../../../arm-none-eabi/lib/armv7-m\libcr_c.a(alloc.o)
                              c:/nxp/mcuxpressoide_10.0.0_344/ide/tools/bin/../lib/gcc/arm-none-eabi/5.4.1/../../../../arm-none-eabi/lib/armv7-m\libcr_c.a(_deferredlazyseek.o) (_Csys_alloc)
c:/nxp/mcuxpressoide_10.0.0_344/ide/tools/bin/../lib/gcc/arm-none-eabi/5.4.1/../../../../arm-none-eabi/lib/armv7-m\libcr_c.a(fpprintf.o)
                              ./main.o (printf)
c:/nxp/mcuxpressoide_10.0.0_344/ide/tools/bin/../lib/gcc/arm-none-eabi/5.4.1/../../../../arm-none-eabi/lib/armv7-m\libcr_c.a(fputs.o)
                              c:/nxp/mcuxpressoide_10.0.0_344/ide/tools/bin/../lib/gcc/arm-none-eabi/5.4.1/../../../../arm-none-eabi/lib/armv7-m\libcr_semihost.a(_cr_assert.o) (fputs)
c:/nxp/mcuxpressoide_10.0.0_344/ide/tools/bin/../lib/gcc/arm-none-eabi/5.4.1/../../../../arm-none-eabi/lib/armv7-m\libcr_c.a(fseek.o)
[...]
Memory Configuration

Name             Origin             Length             Attributes
MFlash512        0x00000000         0x00080000         xr
RamLoc32         0x10000000         0x00008000         xrw
RamAHB32         0x2007c000         0x00008000         xrw
*default*        0x00000000         0xffffffff

Linker script and memory map

LOAD ./src/cr_startup_lpc175x_6x.o
LOAD ./src/crp.o
LOAD ./src/mb.o
LOAD ./src/mbcrc.o
LOAD ./src/mbfunccoils.o
LOAD ./src/mbfuncdisc.o
LOAD ./src/mbfuncinput.o
LOAD ./src/mbfuncother.o
LOAD ./src/mbrtu.o
LOAD ./src/mbutils.o
LOAD ./src/modbus.o
LOAD ./src/portevent.o
LOAD ./src/portserial.o
LOAD ./src/porttimer.o
LOAD ./include/mbfuncholding.o
LOAD ./Sensors.o
LOAD ./cr_startup_lpc17.o
LOAD ./main.o
LOAD ./ultsensor.o
LOAD C:\Users\sujee\Desktop\ARC\SJSU_Coursework\Spring_2017\295B\FreeRTOS_workfolder\SourceCode\FreeRTOS_workspac\CMSISv1p30_LPC17xx\Debug\libCMSISv1p30_LPC17xx.a
LOAD C:\Users\sujee\Desktop\ARC\SJSU_Coursework\Spring_2017\295B\FreeRTOS_workfolder\SourceCode\FreeRTOS_workspac\FreeRTOS_Library\Debug\libFreeRTOS_Library.a
START GROUP
LOAD c:/nxp/mcuxpressoide_10.0.0_344/ide/tools/bin/../lib/gcc/arm-none-eabi/5.4.1/../../../../arm-none-eabi/lib/armv7-m\libcr_semihost.a
LOAD c:/nxp/mcuxpressoide_10.0.0_344/ide/tools/bin/../lib/gcc/arm-none-eabi/5.4.1/../../../../arm-none-eabi/lib/armv7-m\libcr_c.a
LOAD c:/nxp/mcuxpressoide_10.0.0_344/ide/tools/bin/../lib/gcc/arm-none-eabi/5.4.1/armv7-m\libcr_eabihelpers.a
END GROUP
                0x00000000                __base_MFlash512 = 0x0
                0x00000000                __base_Flash = 0x0
                0x00080000                __top_MFlash512 = 0x80000
                0x00080000                __top_Flash = 0x80000
                0x10000000                __base_RamLoc32 = 0x10000000
                0x10000000                __base_RAM = 0x10000000
                0x10008000                __top_RamLoc32 = 0x10008000
                0x10008000                __top_RAM = 0x10008000
                0x2007c000                __base_RamAHB32 = 0x2007c000
                0x2007c000                __base_RAM2 = 0x2007c000
                0x20084000                __top_RamAHB32 = 0x20084000
                0x20084000                __top_RAM2 = 0x20084000

.text           0x00000000     0x5918
 FILL mask 0xff
                0x00000000                __vectors_start__ = ABSOLUTE (.)
 *(.isr_vector)
 .isr_vector    0x00000000       0xc4 ./cr_startup_lpc17.o
                0x00000000                g_pfnVectors
                0x000000c4                . = ALIGN (0x4)
                0x000000c4                __section_table_start = .
                0x000000c4                __data_section_table = .
                0x000000c4        0x4 LONG 0x5918 LOADADDR (.data)
                0x000000c8        0x4 LONG 0x10000000 ADDR (.data)
                0x000000cc        0x4 LONG 0xa4 SIZEOF (.data)
                0x000000d0        0x4 LONG 0x5918 LOADADDR (.data_RAM2)
                0x000000d4        0x4 LONG 0x2007c000 ADDR (.data_RAM2)
                0x000000d8        0x4 LONG 0x0 SIZEOF (.data_RAM2)
                0x000000dc                __data_section_table_end = .
                0x000000dc                __bss_section_table = .
                0x000000dc        0x4 LONG 0x100000a8 ADDR (.bss)
                0x000000e0        0x4 LONG 0xc90 SIZEOF (.bss)
                0x000000e4        0x4 LONG 0x2007c000 ADDR (.bss_RAM2)
                0x000000e8        0x4 LONG 0x0 SIZEOF (.bss_RAM2)
                0x000000ec                __bss_section_table_end = .
                0x000000ec                __section_table_end = .
 *(.after_vectors*)
 *(.text*)
 .text.eMBInit  0x000000ec       0xf8 ./src/mb.o
                0x000000ec                eMBInit
 .text.eMBEnable
                0x000001e4       0x38 ./src/mb.o
                0x000001e4                eMBEnable
 .text.eMBPoll  0x0000021c      0x174 ./src/mb.o
                0x0000021c                eMBPoll
 .text.usMBCRC16
                0x00000390       0x6c ./src/mbcrc.o
                0x00000390                usMBCRC16
 .text.eMBFuncReadCoils
                0x000003fc      0x100 ./src/mbfunccoils.o
                0x000003fc                eMBFuncReadCoils
 .text.eMBFuncWriteCoil
                0x000004fc       0xa8 ./src/mbfunccoils.o
                0x000004fc                eMBFuncWriteCoil
 .text.eMBFuncWriteMultipleCoils
                0x000005a4       0xd0 ./src/mbfunccoils.o
                0x000005a4                eMBFuncWriteMultipleCoils
 .text.eMBFuncReadDiscreteInputs
                0x00000674      0x100 ./src/mbfuncdisc.o
                0x00000674                eMBFuncReadDiscreteInputs
 .text.eMBFuncReadInputRegister
                0x00000774       0xe4 ./src/mbfuncinput.o
                0x00000774                eMBFuncReadInputRegister
 .text.eMBFuncReportSlaveID
                0x00000858       0x38 ./src/mbfuncother.o
                0x00000858                eMBFuncReportSlaveID
 .text.eMBRTUInit
                0x00000890       0x90 ./src/mbrtu.o
                0x00000890                eMBRTUInit
 .text.eMBRTUStart
                0x00000920       0x20 ./src/mbrtu.o
                0x00000920                eMBRTUStart
 .text.eMBRTUStop
                0x00000940       0x14 ./src/mbrtu.o
                0x00000940                eMBRTUStop
 .text.eMBRTUReceive
                0x00000954       0x90 ./src/mbrtu.o
                0x00000954                eMBRTUReceive
 .text.eMBRTUSend
                0x000009e4       0xc0 ./src/mbrtu.o
                0x000009e4                eMBRTUSend
 .text.xMBRTUReceiveFSM
                0x00000aa4       0xc0 ./src/mbrtu.o
                0x00000aa4                xMBRTUReceiveFSM
 .text.xMBRTUTransmitFSM
                0x00000b64       0xa4 ./src/mbrtu.o
                0x00000b64                xMBRTUTransmitFSM
 .text.xMBRTUTimerT35Expired
                0x00000c08       0x78 ./src/mbrtu.o
                0x00000c08                xMBRTUTimerT35Expired
 .text.sys_get_cpu_clock
                0x00000c80      0x160 ./src/mbutils.o
                0x00000c80                sys_get_cpu_clock
 .text.prveMBError2Exception
                0x00000de0       0x3c ./src/mbutils.o
                0x00000de0                prveMBError2Exception
 .text.xMBPortEventInit
                0x00000e1c       0x18 ./src/portevent.o
                0x00000e1c                xMBPortEventInit
 .text.xMBPortEventPost
                0x00000e34       0x2c ./src/portevent.o
                0x00000e34                xMBPortEventPost
 .text.xMBPortEventGet
                0x00000e60       0x3c ./src/portevent.o
                0x00000e60                xMBPortEventGet
 .text.NVIC_EnableIRQ
                0x00000e9c       0x30 ./src/portserial.o
 .text.Chip_Clock_IsMainPLLEnabled
                0x00000ecc       0x24 ./src/portserial.o
 .text.Chip_Clock_GetMainOscRate
                0x00000ef0       0x14 ./src/portserial.o
 .text.Chip_Clock_GetSYSCLKRate
                0x00000f04       0x10 ./src/portserial.o
                0x00000f04                Chip_Clock_GetSYSCLKRate
 .text.Chip_Clock_GetMainPLLInClockRate
                0x00000f14       0x10 ./src/portserial.o
 .text.Chip_Clock_GetMainPLLOutClockRate
                0x00000f24       0x54 ./src/portserial.o
                0x00000f24                Chip_Clock_GetMainPLLOutClockRate
 .text.Chip_Clock_IsMainPLLConnected
                0x00000f78       0x24 ./src/portserial.o
 .text.Chip_Clock_GetCPUClockSource
                0x00000f9c       0x24 ./src/portserial.o
                0x00000f9c                Chip_Clock_GetCPUClockSource
 .text.Chip_Clock_GetMainClockRate
                0x00000fc0       0x28 ./src/portserial.o
                0x00000fc0                Chip_Clock_GetMainClockRate
 .text.Chip_Clock_GetCPUClockDiv
                0x00000fe8       0x1c ./src/portserial.o
                0x00000fe8                Chip_Clock_GetCPUClockDiv
 .text.Chip_Clock_GetSystemClockRate
                0x00001004       0x18 ./src/portserial.o
                0x00001004                Chip_Clock_GetSystemClockRate
 .text.Chip_Clock_GetPCLKDiv
                0x0000101c       0x88 ./src/portserial.o
                0x0000101c                Chip_Clock_GetPCLKDiv
 .text.Chip_UART_GetClkIndex
                0x000010a4       0x50 ./src/portserial.o
 .text.Chip_Clock_GetPeripheralClockRate
                0x000010f4       0x28 ./src/portserial.o
                0x000010f4                Chip_Clock_GetPeripheralClockRate
 .text.Chip_UART_SetBaud
                0x0000111c       0x7c ./src/portserial.o
                0x0000111c                Chip_UART_SetBaud
 .text.vMBPortSerialEnable
                0x00001198       0x60 ./src/portserial.o
                0x00001198                vMBPortSerialEnable
 .text.xMBPortSerialInit
                0x000011f8       0xec ./src/portserial.o
                0x000011f8                xMBPortSerialInit
 .text.xMBPortSerialPutByte
                0x000012e4       0x30 ./src/portserial.o
                0x000012e4                xMBPortSerialPutByte
 .text.xMBPortSerialGetByte
                0x00001314       0x24 ./src/portserial.o
                0x00001314                xMBPortSerialGetByte
 .text.UART2_IRQHandler
                0x00001338       0x6c ./src/portserial.o
                0x00001338                UART2_IRQHandler
 .text.prvvUARTTxReadyISR
                0x000013a4       0x14 ./src/portserial.o
 .text.prvvUARTRxISR
                0x000013b8       0x14 ./src/portserial.o
 .text.NVIC_EnableIRQ
                0x000013cc       0x30 ./src/porttimer.o
 .text.NVIC_ClearPendingIRQ
                0x000013fc       0x34 ./src/porttimer.o
 .text.xMBPortTimersInit
                0x00001430       0x80 ./src/porttimer.o
                0x00001430                xMBPortTimersInit
 .text.vMBPortTimersEnable
                0x000014b0       0x2c ./src/porttimer.o
                0x000014b0                vMBPortTimersEnable
 .text.vMBPortTimersDisable
                0x000014dc       0x14 ./src/porttimer.o
                0x000014dc                vMBPortTimersDisable
 .text.prvvTIMERExpiredISR
                0x000014f0       0x14 ./src/porttimer.o
 .text.TIMER0_IRQHandler
                0x00001504       0x14 ./src/porttimer.o
                0x00001504                TIMER0_IRQHandler
 .text.eMBFuncWriteHoldingRegister
                0x00001518       0x6c ./include/mbfuncholding.o
                0x00001518                eMBFuncWriteHoldingRegister
 .text.eMBFuncWriteMultipleHoldingRegister
                0x00001584       0xb4 ./include/mbfuncholding.o
                0x00001584                eMBFuncWriteMultipleHoldingRegister
 .text.eMBFuncReadHoldingRegister
                0x00001638       0xe0 ./include/mbfuncholding.o
                0x00001638                eMBFuncReadHoldingRegister
 .text.eMBFuncReadWriteMultipleHoldingRegister
                0x00001718      0x154 ./include/mbfuncholding.o
                0x00001718                eMBFuncReadWriteMultipleHoldingRegister
 .text.InitADC  0x0000186c       0x58 ./Sensors.o
                0x0000186c                InitADC
 .text.MAGSEN   0x000018c4       0x9c ./Sensors.o
                0x000018c4                MAGSEN
 .text.MAGSEN_Task
                0x00001960       0x38 ./Sensors.o
                0x00001960                MAGSEN_Task
 .text.Reset_Handler
                0x00001998       0x68 ./cr_startup_lpc17.o
                0x00001998                ResetISR
                0x00001998                Reset_Handler
 .text.NMI_Handler
                0x00001a00        0x8 ./cr_startup_lpc17.o
                0x00001a00                NMI_Handler
 .text.HardFault_Handler
                0x00001a08        0x8 ./cr_startup_lpc17.o
                0x00001a08                HardFault_Handler
 .text.MemManage_Handler
                0x00001a10        0x8 ./cr_startup_lpc17.o
                0x00001a10                MemManage_Handler
 .text.BusFault_Handler
                0x00001a18        0x8 ./cr_startup_lpc17.o
                0x00001a18                BusFault_Handler
 .text.UsageFault_Handler
                0x00001a20        0x8 ./cr_startup_lpc17.o
                0x00001a20                UsageFault_Handler
 .text.DebugMon_Handler
                0x00001a28        0x8 ./cr_startup_lpc17.o
                0x00001a28                DebugMon_Handler
 .text.IntDefaultHandler
                0x00001a30        0x8 ./cr_startup_lpc17.o
                0x00001a30                RIT_IRQHandler
                0x00001a30                I2C0_IRQHandler
                0x00001a30                PWM1_IRQHandler
                0x00001a30                I2C1_IRQHandler
                0x00001a30                EINT2_IRQHandler
                0x00001a30                UART1_IRQHandler
                0x00001a30                TIMER3_IRQHandler
                0x00001a30                UART0_IRQHandler
                0x00001a30                PLL0_IRQHandler
                0x00001a30                CAN_IRQHandler
                0x00001a30                PLL1_IRQHandler
                0x00001a30                SSP0_IRQHandler
                0x00001a30                I2S_IRQHandler
                0x00001a30                I2C2_IRQHandler
                0x00001a30                RTC_IRQHandler
                0x00001a30                SPI_IRQHandler
                0x00001a30                EINT1_IRQHandler
                0x00001a30                TIMER1_IRQHandler
                0x00001a30                ADC_IRQHandler
                0x00001a30                SSP1_IRQHandler
                0x00001a30                USB_IRQHandler
                0x00001a30                BOD_IRQHandler
                0x00001a30                WDT_IRQHandler
                0x00001a30                QEI_IRQHandler
                0x00001a30                EINT0_IRQHandler
                0x00001a30                DMA_IRQHandler
                0x00001a30                UART3_IRQHandler
                0x00001a30                MCPWM_IRQHandler
                0x00001a30                ENET_IRQHandler
 .text.MODBUS_Task
                0x00001a38       0x68 ./main.o
                0x00001a38                MODBUS_Task
 .text.main     0x00001aa0       0x90 ./main.o
                0x00001aa0                main
 .text.eMBRegInputCB
                0x00001b30       0x88 ./main.o
                0x00001b30                eMBRegInputCB
 .text.eMBRegHoldingCB
                0x00001bb8       0xf0 ./main.o
                0x00001bb8                eMBRegHoldingCB
 .text.eMBRegCoilsCB
                0x00001ca8       0x5c ./main.o
                0x00001ca8                eMBRegCoilsCB
 .text.eMBRegDiscreteCB
                0x00001d04       0x1c ./main.o
                0x00001d04                eMBRegDiscreteCB
 .text.NVIC_EnableIRQ
                0x00001d20       0x30 ./ultsensor.o
 .text.NVIC_SetPriority
                0x00001d50       0x54 ./ultsensor.o
 .text.getPrescalarForUs
                0x00001da4       0xa0 ./ultsensor.o
                0x00001da4                getPrescalarForUs
 .text.TIMER2_IRQHandler
                0x00001e44       0x2c ./ultsensor.o
                0x00001e44                TIMER2_IRQHandler
 .text.delay_us
                0x00001e70       0x28 ./ultsensor.o
                0x00001e70                delay_us
 .text.EINT3_IRQHandler
                0x00001e98       0x6c ./ultsensor.o
                0x00001e98                EINT3_IRQHandler
 .text.ULTSEN_init
                0x00001f04       0xcc ./ultsensor.o
                0x00001f04                ULTSEN_init
 .text.ULTSEN   0x00001fd0       0xd0 ./ultsensor.o
                0x00001fd0                ULTSEN
 .text.ULTSEN_Task
                0x000020a0       0x3c ./ultsensor.o
                0x000020a0                ULTSEN_Task
 .text.SystemInit
                0x000020dc      0x138 C:\Users\sujee\Desktop\ARC\SJSU_Coursework\Spring_2017\295B\FreeRTOS_workfolder\SourceCode\FreeRTOS_workspac\CMSISv1p30_LPC17xx\Debug\libCMSISv1p30_LPC17xx.a(system_LPC17xx.o)
                0x000020dc                SystemInit
 .text          0x00002214      0x12c C:\Users\sujee\Desktop\ARC\SJSU_Coursework\Spring_2017\295B\FreeRTOS_workfolder\SourceCode\FreeRTOS_workspac\FreeRTOS_Library\Debug\libFreeRTOS_Library.a(port.o)
                0x00002214                pxPortInitialiseStack
                0x00002230                vPortSVCHandler
                0x00002250                vPortStartFirstTask
                0x0000225c                xPortStartScheduler
                0x00002298                vPortEndScheduler
                0x0000229c                vPortYieldFromISR
                0x000022ac                vPortEnterCritical
                0x000022c4                vPortExitCritical
                0x000022dc                xPortPendSVHandler
                0x00002318                xPortSysTickHandler
 .text          0x00002340      0xa70 C:\Users\sujee\Desktop\ARC\SJSU_Coursework\Spring_2017\295B\FreeRTOS_workfolder\SourceCode\FreeRTOS_workspac\FreeRTOS_Library\Debug\libFreeRTOS_Library.a(tasks.o)
                0x00002340                xTaskGenericCreate
                0x000024d8                vTaskDelete
                0x00002540                uxTaskPriorityGet
                0x0000255c                vTaskPrioritySet
                0x000025f4                xTaskIsTaskSuspended
                0x00002618                vTaskResume
                0x0000267c                xTaskResumeFromISR
                0x000026ec                vTaskStartScheduler
                0x00002734                vTaskEndScheduler
                0x00002750                vTaskSuspendAll
                0x00002764                xTaskGetTickCount
                0x0000277c                xTaskGetTickCountFromISR
                0x00002788                uxTaskGetNumberOfTasks
                0x00002794                vTaskIncrementTick
                0x00002838                xTaskResumeAll
                0x0000290c                vTaskDelayUntil
                0x0000298c                vTaskDelay
                0x00002a38                vTaskSwitchContext
                0x00002ac0                vTaskSuspend
                0x00002b68                vTaskPlaceOnEventList
                0x00002bc0                xTaskRemoveFromEventList
                0x00002c34                vTaskSetTimeOutState
                0x00002c48                xTaskCheckForTimeOut
                0x00002cac                vTaskMissedYield
                0x00002cbc                uxTaskGetStackHighWaterMark
                0x00002ce8                xTaskGetCurrentTaskHandle
                0x00002cf4                vTaskPriorityInherit
                0x00002d64                vTaskPriorityDisinherit
 .text          0x00002db0      0x114 C:\Users\sujee\Desktop\ARC\SJSU_Coursework\Spring_2017\295B\FreeRTOS_workfolder\SourceCode\FreeRTOS_workspac\FreeRTOS_Library\Debug\libFreeRTOS_Library.a(heap_2.o)
                0x00002db0                pvPortMalloc
                0x00002e70                vPortFree
                0x00002eb4                xPortGetFreeHeapSize
                0x00002ec0                vPortInitialiseBlocks
 .text          0x00002ec4       0x9c C:\Users\sujee\Desktop\ARC\SJSU_Coursework\Spring_2017\295B\FreeRTOS_workfolder\SourceCode\FreeRTOS_workspac\FreeRTOS_Library\Debug\libFreeRTOS_Library.a(list.o)
                0x00002ec4                vListInitialise
                0x00002edc                vListInitialiseItem
                0x00002ee4                vListInsertEnd
                0x00002f00                vListInsert
                0x00002f3c                vListRemove
 .text.__assertion_failed
                0x00002f60       0x4c c:/nxp/mcuxpressoide_10.0.0_344/ide/tools/bin/../lib/gcc/arm-none-eabi/5.4.1/../../../../arm-none-eabi/lib/armv7-m\libcr_semihost.a(_cr_assert.o)
                0x00002f60                __assertion_failed
 .text.__sys_appexit
                0x00002fac        0xc c:/nxp/mcuxpressoide_10.0.0_344/ide/tools/bin/../lib/gcc/arm-none-eabi/5.4.1/../../../../arm-none-eabi/lib/armv7-m\libcr_semihost.a(__sys_appexit.o)
                0x00002fac                __sys_appexit
                0x00002fac                __exit
 .text.memcpy   0x00002fb8        0x4 c:/nxp/mcuxpressoide_10.0.0_344/ide/tools/bin/../lib/gcc/arm-none-eabi/5.4.1/../../../../arm-none-eabi/lib/armv7-m\libcr_c.a(memcpy.o)
                0x00002fb8                memcpy
 .text.memset   0x00002fbc        0x4 c:/nxp/mcuxpressoide_10.0.0_344/ide/tools/bin/../lib/gcc/arm-none-eabi/5.4.1/../../../../arm-none-eabi/lib/armv7-m\libcr_c.a(memset.o)
                0x00002fbc                memset
 .text._deferredlazyseek
                0x00002fc0       0x40 c:/nxp/mcuxpressoide_10.0.0_344/ide/tools/bin/../lib/gcc/arm-none-eabi/5.4.1/../../../../arm-none-eabi/lib/armv7-m\libcr_c.a(_deferredlazyseek.o)
                0x00002fc0                _deferredlazyseek
 .text.__flsbuf
                0x00003000      0x13e c:/nxp/mcuxpressoide_10.0.0_344/ide/tools/bin/../lib/gcc/arm-none-eabi/5.4.1/../../../../arm-none-eabi/lib/armv7-m\libcr_c.a(_deferredlazyseek.o)
                0x00003000                __flsbuf
 .text._fflush  0x0000313e       0x54 c:/nxp/mcuxpressoide_10.0.0_344/ide/tools/bin/../lib/gcc/arm-none-eabi/5.4.1/../../../../arm-none-eabi/lib/armv7-m\libcr_c.a(_fflush.o)
                0x0000313e                _fflush
 *fill*         0x00003192        0x2 ff
 .text._Cwritebuf
                0x00003194       0x68 c:/nxp/mcuxpressoide_10.0.0_344/ide/tools/bin/../lib/gcc/arm-none-eabi/5.4.1/../../../../arm-none-eabi/lib/armv7-m\libcr_c.a(_writebuf.o)
                0x00003194                _Cwritebuf
 .text.malloc   0x000031fc       0xc8 c:/nxp/mcuxpressoide_10.0.0_344/ide/tools/bin/../lib/gcc/arm-none-eabi/5.4.1/../../../../arm-none-eabi/lib/armv7-m\libcr_c.a(alloc.o)
                0x000031fc                malloc
 .text.free     0x000032c4       0x30 c:/nxp/mcuxpressoide_10.0.0_344/ide/tools/bin/../lib/gcc/arm-none-eabi/5.4.1/../../../../arm-none-eabi/lib/armv7-m\libcr_c.a(alloc.o)
                0x000032c4                free
 .text._Csys_alloc
                0x000032f4       0x20 c:/nxp/mcuxpressoide_10.0.0_344/ide/tools/bin/../lib/gcc/arm-none-eabi/5.4.1/../../../../arm-none-eabi/lib/armv7-m\libcr_c.a(alloc.o)
                0x000032f4                _Csys_alloc
 .text.fp_round
                0x00003314       0x4c c:/nxp/mcuxpressoide_10.0.0_344/ide/tools/bin/../lib/gcc/arm-none-eabi/5.4.1/../../../../arm-none-eabi/lib/armv7-m\libcr_c.a(fpprintf.o)
 .text.pr_dec.constprop.1
                0x00003360       0x26 c:/nxp/mcuxpressoide_10.0.0_344/ide/tools/bin/../lib/gcc/arm-none-eabi/5.4.1/../../../../arm-none-eabi/lib/armv7-m\libcr_c.a(fpprintf.o)
 *fill*         0x00003386        0x2 ff
 .text.sprintf  0x00003388       0x6c c:/nxp/mcuxpressoide_10.0.0_344/ide/tools/bin/../lib/gcc/arm-none-eabi/5.4.1/../../../../arm-none-eabi/lib/armv7-m\libcr_c.a(fpprintf.o)
                0x00003388                sprintf
 *fill*         0x000033f4        0x4 ff
 .text.fp_display
                0x000033f8      0x8ec c:/nxp/mcuxpressoide_10.0.0_344/ide/tools/bin/../lib/gcc/arm-none-eabi/5.4.1/../../../../arm-none-eabi/lib/armv7-m\libcr_c.a(fpprintf.o)
 .text.vsnprintf
                0x00003ce4       0x5c c:/nxp/mcuxpressoide_10.0.0_344/ide/tools/bin/../lib/gcc/arm-none-eabi/5.4.1/../../../../arm-none-eabi/lib/armv7-m\libcr_c.a(fpprintf.o)
                0x00003ce4                vsnprintf
 .text.printf   0x00003d40       0x54 c:/nxp/mcuxpressoide_10.0.0_344/ide/tools/bin/../lib/gcc/arm-none-eabi/5.4.1/../../../../arm-none-eabi/lib/armv7-m\libcr_c.a(fpprintf.o)
                0x00003d40                printf
 .text.fputs    0x00003d94       0x2c c:/nxp/mcuxpressoide_10.0.0_344/ide/tools/bin/../lib/gcc/arm-none-eabi/5.4.1/../../../../arm-none-eabi/lib/armv7-m\libcr_c.a(fputs.o)
                0x00003d94                fputs
 .text.fseek    0x00003dc0      0x100 c:/nxp/mcuxpressoide_10.0.0_344/ide/tools/bin/../lib/gcc/arm-none-eabi/5.4.1/../../../../arm-none-eabi/lib/armv7-m\libcr_c.a(fseek.o)
                0x00003dc0                fseek
 .text.ftell    0x00003ec0       0x48 c:/nxp/mcuxpressoide_10.0.0_344/ide/tools/bin/../lib/gcc/arm-none-eabi/5.4.1/../../../../arm-none-eabi/lib/armv7-m\libcr_c.a(ftell.o)
                0x00003ec0                ftell
 .text.__vfprintf
                0x00003f08      0xd28 c:/nxp/mcuxpressoide_10.0.0_344/ide/tools/bin/../lib/gcc/arm-none-eabi/5.4.1/../../../../arm-none-eabi/lib/armv7-m\libcr_c.a(printf.o)
                0x00003f08                __vfprintf
 .text.strlen   0x00004c30       0x4a c:/nxp/mcuxpressoide_10.0.0_344/ide/tools/bin/../lib/gcc/arm-none-eabi/5.4.1/../../../../arm-none-eabi/lib/armv7-m\libcr_c.a(strlen.o)
                0x00004c30                strlen
 .text.strncpy  0x00004c7a       0x56 c:/nxp/mcuxpressoide_10.0.0_344/ide/tools/bin/../lib/gcc/arm-none-eabi/5.4.1/../../../../arm-none-eabi/lib/armv7-m\libcr_c.a(strncpy.o)
                0x00004c7a                strncpy
 .text._sbrk    0x00004cd0       0x40 c:/nxp/mcuxpressoide_10.0.0_344/ide/tools/bin/../lib/gcc/arm-none-eabi/5.4.1/../../../../arm-none-eabi/lib/armv7-m\libcr_c.a(_cr_sbrk.o)
                0x00004cd0                _sbrk
 .text._frexpl  0x00004d10       0x5a c:/nxp/mcuxpressoide_10.0.0_344/ide/tools/bin/../lib/gcc/arm-none-eabi/5.4.1/../../../../arm-none-eabi/lib/armv7-m\libcr_c.a(_frexpl.o)
                0x00004d10                _frexpl
 *fill*         0x00004d6a        0x2 ff
 .text._ldexpl  0x00004d6c       0x4c c:/nxp/mcuxpressoide_10.0.0_344/ide/tools/bin/../lib/gcc/arm-none-eabi/5.4.1/../../../../arm-none-eabi/lib/armv7-m\libcr_c.a(_ldexpl.o)
                0x00004d6c                _ldexpl
 .text.__check_heap_overflow
                0x00004db8       0x18 c:/nxp/mcuxpressoide_10.0.0_344/ide/tools/bin/../lib/gcc/arm-none-eabi/5.4.1/../../../../arm-none-eabi/lib/armv7-m\libcr_c.a(_cr_check_heap.o)
                0x00004db8                __check_heap_overflow
 .text.__aeabi_dmul
                0x00004dd0      0x110 c:/nxp/mcuxpressoide_10.0.0_344/ide/tools/bin/../lib/gcc/arm-none-eabi/5.4.1/armv7-m\libcr_eabihelpers.a(double.o)
                0x00004dd0                __aeabi_dmul
 .text.__aeabi_ddiv
                0x00004ee0      0x138 c:/nxp/mcuxpressoide_10.0.0_344/ide/tools/bin/../lib/gcc/arm-none-eabi/5.4.1/armv7-m\libcr_eabihelpers.a(double.o)
                0x00004ee0                __aeabi_ddiv
 .text.__aeabi_dsub
                0x00005018      0x1a0 c:/nxp/mcuxpressoide_10.0.0_344/ide/tools/bin/../lib/gcc/arm-none-eabi/5.4.1/armv7-m\libcr_eabihelpers.a(double.o)
                0x00005018                __aeabi_dsub
 .text.__aeabi_dadd
                0x000051b8      0x10c c:/nxp/mcuxpressoide_10.0.0_344/ide/tools/bin/../lib/gcc/arm-none-eabi/5.4.1/armv7-m\libcr_eabihelpers.a(double.o)
                0x000051b8                __aeabi_dadd
 .text.__aeabi_d2iz
                0x000052c4       0x40 c:/nxp/mcuxpressoide_10.0.0_344/ide/tools/bin/../lib/gcc/arm-none-eabi/5.4.1/armv7-m\libcr_eabihelpers.a(double.o)
                0x000052c4                __aeabi_d2iz
 .text.__bhs_ui2d
                0x00005304       0x46 c:/nxp/mcuxpressoide_10.0.0_344/ide/tools/bin/../lib/gcc/arm-none-eabi/5.4.1/armv7-m\libcr_eabihelpers.a(double.o)
                0x00005304                __bhs_ui2d
 .text.__aeabi_i2d
                0x0000534a       0x10 c:/nxp/mcuxpressoide_10.0.0_344/ide/tools/bin/../lib/gcc/arm-none-eabi/5.4.1/armv7-m\libcr_eabihelpers.a(double.o)
                0x0000534a                __aeabi_i2d
 .text.__aeabi_dcmpeq
                0x0000535a       0x2c c:/nxp/mcuxpressoide_10.0.0_344/ide/tools/bin/../lib/gcc/arm-none-eabi/5.4.1/armv7-m\libcr_eabihelpers.a(double.o)
                0x0000535a                __aeabi_dcmpeq
 .text.__aeabi_dcmplt
                0x00005386       0x54 c:/nxp/mcuxpressoide_10.0.0_344/ide/tools/bin/../lib/gcc/arm-none-eabi/5.4.1/armv7-m\libcr_eabihelpers.a(double.o)
                0x00005386                __aeabi_dcmplt
 .text.__aeabi_dcmple
                0x000053da       0x54 c:/nxp/mcuxpressoide_10.0.0_344/ide/tools/bin/../lib/gcc/arm-none-eabi/5.4.1/armv7-m\libcr_eabihelpers.a(double.o)
                0x000053da                __aeabi_dcmple
 .text.__aeabi_dcmpge
                0x0000542e       0x54 c:/nxp/mcuxpressoide_10.0.0_344/ide/tools/bin/../lib/gcc/arm-none-eabi/5.4.1/armv7-m\libcr_eabihelpers.a(double.o)
                0x0000542e                __aeabi_dcmpge
 .text.__aeabi_memcpy
                0x00005482       0x34 c:/nxp/mcuxpressoide_10.0.0_344/ide/tools/bin/../lib/gcc/arm-none-eabi/5.4.1/armv7-m\libcr_eabihelpers.a(memcpy.o)
                0x00005482                __aeabi_memcpy
                0x0000548c                __aeabi_memcpy8
                0x0000548c                __aeabi_memcpy4
 .text.__aeabi_memset_lowlevel
                0x000054b6       0x32 c:/nxp/mcuxpressoide_10.0.0_344/ide/tools/bin/../lib/gcc/arm-none-eabi/5.4.1/armv7-m\libcr_eabihelpers.a(memcpy.o)
                0x000054b6                __aeabi_lowlevel_memset
 .text.__sys_flen
                0x000054e8        0xc c:/nxp/mcuxpressoide_10.0.0_344/ide/tools/bin/../lib/gcc/arm-none-eabi/5.4.1/../../../../arm-none-eabi/lib/armv7-m\libcr_semihost.a(__sys_flen.o)
                0x000054e8                __sys_flen
 .text.__sys_istty
                0x000054f4        0xc c:/nxp/mcuxpressoide_10.0.0_344/ide/tools/bin/../lib/gcc/arm-none-eabi/5.4.1/../../../../arm-none-eabi/lib/armv7-m\libcr_semihost.a(__sys_istty.o)
                0x000054f4                __sys_istty
 .text.__sys_seek
                0x00005500        0xc c:/nxp/mcuxpressoide_10.0.0_344/ide/tools/bin/../lib/gcc/arm-none-eabi/5.4.1/../../../../arm-none-eabi/lib/armv7-m\libcr_semihost.a(__sys_seek.o)
                0x00005500                __sys_seek
 .text.__sys_write
                0x0000550c        0xc c:/nxp/mcuxpressoide_10.0.0_344/ide/tools/bin/../lib/gcc/arm-none-eabi/5.4.1/../../../../arm-none-eabi/lib/armv7-m\libcr_semihost.a(__sys_write.o)
                0x0000550c                __sys_write
 *(.rodata .rodata.* .constdata .constdata.*)
 .rodata        0x00005518      0x200 ./src/mbcrc.o
 .rodata        0x00005718      0x114 ./src/mbrtu.o
 .rodata        0x0000582c       0x46 ./main.o
 *fill*         0x00005872        0x2 ff
 .rodata.str1.4
                0x00005874        0x8 C:\Users\sujee\Desktop\ARC\SJSU_Coursework\Spring_2017\295B\FreeRTOS_workfolder\SourceCode\FreeRTOS_workspac\FreeRTOS_Library\Debug\libFreeRTOS_Library.a(tasks.o)
                                  0x5 (size before relaxing)
 .rodata.str1.1
                0x0000587c       0x15 c:/nxp/mcuxpressoide_10.0.0_344/ide/tools/bin/../lib/gcc/arm-none-eabi/5.4.1/../../../../arm-none-eabi/lib/armv7-m\libcr_semihost.a(_cr_assert.o)
 .rodata.str1.1
                0x00005891       0x18 c:/nxp/mcuxpressoide_10.0.0_344/ide/tools/bin/../lib/gcc/arm-none-eabi/5.4.1/../../../../arm-none-eabi/lib/armv7-m\libcr_c.a(alloc.o)
 .rodata.str1.1
                0x000058a9       0x32 c:/nxp/mcuxpressoide_10.0.0_344/ide/tools/bin/../lib/gcc/arm-none-eabi/5.4.1/../../../../arm-none-eabi/lib/armv7-m\libcr_c.a(fpprintf.o)
                                 0x35 (size before relaxing)
 .rodata.str1.1
                0x000058db       0x31 c:/nxp/mcuxpressoide_10.0.0_344/ide/tools/bin/../lib/gcc/arm-none-eabi/5.4.1/../../../../arm-none-eabi/lib/armv7-m\libcr_c.a(printf.o)
                                 0x38 (size before relaxing)
 *fill*         0x0000590c        0x4 ff
 .rodata.__huge_vall
                0x00005910        0x8 c:/nxp/mcuxpressoide_10.0.0_344/ide/tools/bin/../lib/gcc/arm-none-eabi/5.4.1/../../../../arm-none-eabi/lib/armv7-m\libcr_c.a(_hugeval.o)
                0x00005910                __huge_vall
                0x00005918                . = ALIGN (0x4)

.glue_7         0x00005918        0x0
 .glue_7        0x00005918        0x0 linker stubs

.glue_7t        0x00005918        0x0
 .glue_7t       0x00005918        0x0 linker stubs

.vfp11_veneer   0x00005918        0x0
 .vfp11_veneer  0x00005918        0x0 linker stubs

.v4_bx          0x00005918        0x0
 .v4_bx         0x00005918        0x0 linker stubs

.iplt           0x00005918        0x0
 .iplt          0x00005918        0x0 ./src/cr_startup_lpc175x_6x.o

.rel.dyn        0x00005918        0x0
 .rel.iplt      0x00005918        0x0 ./src/cr_startup_lpc175x_6x.o

.ARM.extab
 *(.ARM.extab* .gnu.linkonce.armextab.*)
                0x00005918                __exidx_start = .

.ARM.exidx
 *(.ARM.exidx* .gnu.linkonce.armexidx.*)
                0x00005918                __exidx_end = .
                0x00005918                _etext = .

.data_RAM2      0x2007c000        0x0 load address 0x00005918
 FILL mask 0xff
                [!provide]                PROVIDE (__start_data_RAM2, .)
 *(.ramfunc.$RAM2)
 *(.ramfunc.$RamAHB32)
 *(.data.$RAM2*)
 *(.data.$RamAHB32*)
                0x2007c000                . = ALIGN (0x4)
                [!provide]                PROVIDE (__end_data_RAM2, .)

.uninit_RESERVED
                0x10000000        0x0
 *(.bss.$RESERVED*)
                0x10000000                . = ALIGN (0x4)
                0x10000000                _end_uninit_RESERVED = .

.data           0x10000000       0xa4 load address 0x00005918
 FILL mask 0xff
                0x10000000                _data = .
 *(vtable)
 *(.ramfunc*)
 *(.data*)
 .data          0x10000000       0x84 ./src/mb.o
 .data          0x10000084       0x14 ./main.o
                0x10000088                final_data
 .data          0x10000098        0x4 C:\Users\sujee\Desktop\ARC\SJSU_Coursework\Spring_2017\295B\FreeRTOS_workfolder\SourceCode\FreeRTOS_workspac\CMSISv1p30_LPC17xx\Debug\libCMSISv1p30_LPC17xx.a(system_LPC17xx.o)
                0x10000098                SystemCoreClock
 .data          0x1000009c        0x4 C:\Users\sujee\Desktop\ARC\SJSU_Coursework\Spring_2017\295B\FreeRTOS_workfolder\SourceCode\FreeRTOS_workspac\FreeRTOS_Library\Debug\libFreeRTOS_Library.a(port.o)
 .data          0x100000a0        0x4 C:\Users\sujee\Desktop\ARC\SJSU_Coursework\Spring_2017\295B\FreeRTOS_workfolder\SourceCode\FreeRTOS_workspac\FreeRTOS_Library\Debug\libFreeRTOS_Library.a(heap_2.o)
                0x100000a4                . = ALIGN (0x4)
                0x100000a4                _edata = .

.igot.plt       0x100000a4        0x0 load address 0x000059bc
 .igot.plt      0x100000a4        0x0 ./src/cr_startup_lpc175x_6x.o

.bss_RAM2       0x2007c000        0x0
                [!provide]                PROVIDE (__start_bss_RAM2, .)
 *(.bss.$RAM2*)
 *(.bss.$RamAHB32*)
                0x2007c000                . = ALIGN ((. != 0x0)?0x4:0x1)
                [!provide]                PROVIDE (__end_bss_RAM2, .)

.bss            0x100000a8      0xc90
                0x100000a8                _bss = .
 *(.bss*)
 .bss           0x100000a8       0x24 ./src/mb.o
 .bss           0x100000cc       0x22 ./src/mbfuncother.o
 *fill*         0x100000ee        0x2 
 .bss           0x100000f0        0xc ./src/mbrtu.o
 .bss           0x100000fc        0x2 ./src/portevent.o
 *fill*         0x100000fe        0x2 
 .bss           0x10000100        0xc ./main.o
 .bss           0x1000010c      0x100 C:\Users\sujee\Desktop\ARC\SJSU_Coursework\Spring_2017\295B\FreeRTOS_workfolder\SourceCode\FreeRTOS_workspac\FreeRTOS_Library\Debug\libFreeRTOS_Library.a(tasks.o)
                0x10000110                pxCurrentTCB
 *fill*         0x1000020c        0x4 
 .bss           0x10000210      0x818 C:\Users\sujee\Desktop\ARC\SJSU_Coursework\Spring_2017\295B\FreeRTOS_workfolder\SourceCode\FreeRTOS_workspac\FreeRTOS_Library\Debug\libFreeRTOS_Library.a(heap_2.o)
 .bss.__Ciob    0x10000a28      0x1e0 c:/nxp/mcuxpressoide_10.0.0_344/ide/tools/bin/../lib/gcc/arm-none-eabi/5.4.1/../../../../arm-none-eabi/lib/armv7-m\libcr_semihost.a(__ciob.o)
                0x10000a28                __Ciob
 .bss.__heaps   0x10000c08        0x4 c:/nxp/mcuxpressoide_10.0.0_344/ide/tools/bin/../lib/gcc/arm-none-eabi/5.4.1/../../../../arm-none-eabi/lib/armv7-m\libcr_c.a(__init_alloc.o)
                0x10000c08                __heaps
 .bss.__end_of_heap
                0x10000c0c        0x4 c:/nxp/mcuxpressoide_10.0.0_344/ide/tools/bin/../lib/gcc/arm-none-eabi/5.4.1/../../../../arm-none-eabi/lib/armv7-m\libcr_c.a(__init_alloc.o)
                0x10000c0c                __end_of_heap
 .bss.errno     0x10000c10        0x4 c:/nxp/mcuxpressoide_10.0.0_344/ide/tools/bin/../lib/gcc/arm-none-eabi/5.4.1/../../../../arm-none-eabi/lib/armv7-m\libcr_c.a(errno.o)
                0x10000c10                errno
 *(COMMON)
 COMMON         0x10000c14       0x14 ./src/mb.o
                0x10000c14                pxMBFrameCBTransmitterEmpty
                0x10000c18                pxMBPortCBTimerExpired
                0x10000c1c                pxMBFrameCBByteReceived
                0x10000c20                pxMBFrameCBTransmitFSMCur
                0x10000c24                pxMBFrameCBReceiveFSMCur
 COMMON         0x10000c28      0x100 ./src/mbrtu.o
                0x10000c28                ucRTUBuf
 COMMON         0x10000d28        0x2 ./src/porttimer.o
                0x10000d28                gusTimer3_5
 *fill*         0x10000d2a        0x2 
 COMMON         0x10000d2c        0xc ./main.o
                0x10000d2c                Ult
                0x10000d38                . = ALIGN (0x4)
                0x10000d38                _ebss = .
                [!provide]                PROVIDE (end, .)

.noinit_RAM2    0x2007c000        0x0
 *(.noinit.$RAM2*)
 *(.noinit.$RamAHB32*)
                0x2007c000                . = ALIGN (0x4)

.noinit         0x10000d38        0x0
                0x10000d38                _noinit = .
 *(.noinit*)
                0x10000d38                . = ALIGN (0x4)
                0x10000d38                _end_noinit = .
                0x10000d38                PROVIDE (_pvHeapStart, DEFINED (__user_heap_base)?__user_heap_base:.)
                0x10008000                PROVIDE (_vStackTop, DEFINED (__user_stack_top)?__user_stack_top:(__top_RamLoc32 - 0x0))
                [!provide]                PROVIDE (__valid_user_code_checksum, (0x0 - ((((((_vStackTop + (ResetISR + 0x1)) + (NMI_Handler + 0x1)) + (HardFault_Handler + 0x1)) + (DEFINED (MemManage_Handler)?MemManage_Handler:0x0 + 0x1)) + (DEFINED (BusFault_Handler)?BusFault_Handler:0x0 + 0x1)) + (DEFINED (UsageFault_Handler)?UsageFault_Handler:0x0 + 0x1))))
OUTPUT(SimpleDemo.axf elf32-littlearm)

.debug_info     0x00000000     0x6f4e
 .debug_info    0x00000000      0x5e0 ./src/mb.o
 .debug_info    0x000005e0      0x146 ./src/mbcrc.o
 .debug_info    0x00000726      0x2f5 ./src/mbfunccoils.o
 .debug_info    0x00000a1b      0x1d4 ./src/mbfuncdisc.o
 .debug_info    0x00000bef      0x1c6 ./src/mbfuncinput.o
 .debug_info    0x00000db5      0x242 ./src/mbfuncother.o
 .debug_info    0x00000ff7      0x4b2 ./src/mbrtu.o
 .debug_info    0x000014a9      0x61a ./src/mbutils.o
 .debug_info    0x00001ac3      0x166 ./src/portevent.o
 .debug_info    0x00001c29      0xfed ./src/portserial.o
 .debug_info    0x00002c16      0x704 ./src/porttimer.o
 .debug_info    0x0000331a      0x36c ./include/mbfuncholding.o
 .debug_info    0x00003686      0x639 ./Sensors.o
 .debug_info    0x00003cbf      0x1c4 ./cr_startup_lpc17.o
 .debug_info    0x00003e83      0x431 ./main.o
 .debug_info    0x000042b4      0xd0c ./ultsensor.o
 .debug_info    0x00004fc0      0x2e3 C:\Users\sujee\Desktop\ARC\SJSU_Coursework\Spring_2017\295B\FreeRTOS_workfolder\SourceCode\FreeRTOS_workspac\CMSISv1p30_LPC17xx\Debug\libCMSISv1p30_LPC17xx.a(system_LPC17xx.o)
 .debug_info    0x000052a3      0x211 C:\Users\sujee\Desktop\ARC\SJSU_Coursework\Spring_2017\295B\FreeRTOS_workfolder\SourceCode\FreeRTOS_workspac\FreeRTOS_Library\Debug\libFreeRTOS_Library.a(port.o)
 .debug_info    0x000054b4     0x1503 C:\Users\sujee\Desktop\ARC\SJSU_Coursework\Spring_2017\295B\FreeRTOS_workfolder\SourceCode\FreeRTOS_workspac\FreeRTOS_Library\Debug\libFreeRTOS_Library.a(tasks.o)
 .debug_info    0x000069b7      0x300 C:\Users\sujee\Desktop\ARC\SJSU_Coursework\Spring_2017\295B\FreeRTOS_workfolder\SourceCode\FreeRTOS_workspac\FreeRTOS_Library\Debug\libFreeRTOS_Library.a(heap_2.o)
 .debug_info    0x00006cb7      0x297 C:\Users\sujee\Desktop\ARC\SJSU_Coursework\Spring_2017\295B\FreeRTOS_workfolder\SourceCode\FreeRTOS_workspac\FreeRTOS_Library\Debug\libFreeRTOS_Library.a(list.o)

.debug_abbrev   0x00000000     0x1b2e
 .debug_abbrev  0x00000000      0x162 ./src/mb.o
 .debug_abbrev  0x00000162       0x96 ./src/mbcrc.o
 .debug_abbrev  0x000001f8       0xc1 ./src/mbfunccoils.o
 .debug_abbrev  0x000002b9       0x93 ./src/mbfuncdisc.o
 .debug_abbrev  0x0000034c       0x93 ./src/mbfuncinput.o
 .debug_abbrev  0x000003df       0xae ./src/mbfuncother.o
 .debug_abbrev  0x0000048d      0x136 ./src/mbrtu.o
 .debug_abbrev  0x000005c3      0x186 ./src/mbutils.o
 .debug_abbrev  0x00000749       0xaf ./src/portevent.o
 .debug_abbrev  0x000007f8      0x36c ./src/portserial.o
 .debug_abbrev  0x00000b64      0x1d5 ./src/porttimer.o
 .debug_abbrev  0x00000d39       0xcd ./include/mbfuncholding.o
 .debug_abbrev  0x00000e06      0x163 ./Sensors.o
 .debug_abbrev  0x00000f69       0xde ./cr_startup_lpc17.o
 .debug_abbrev  0x00001047      0x13a ./main.o
 .debug_abbrev  0x00001181      0x27a ./ultsensor.o
 .debug_abbrev  0x000013fb       0xce C:\Users\sujee\Desktop\ARC\SJSU_Coursework\Spring_2017\295B\FreeRTOS_workfolder\SourceCode\FreeRTOS_workspac\CMSISv1p30_LPC17xx\Debug\libCMSISv1p30_LPC17xx.a(system_LPC17xx.o)
 .debug_abbrev  0x000014c9      0x14e C:\Users\sujee\Desktop\ARC\SJSU_Coursework\Spring_2017\295B\FreeRTOS_workfolder\SourceCode\FreeRTOS_workspac\FreeRTOS_Library\Debug\libFreeRTOS_Library.a(port.o)
 .debug_abbrev  0x00001617      0x2a3 C:\Users\sujee\Desktop\ARC\SJSU_Coursework\Spring_2017\295B\FreeRTOS_workfolder\SourceCode\FreeRTOS_workspac\FreeRTOS_Library\Debug\libFreeRTOS_Library.a(tasks.o)
 .debug_abbrev  0x000018ba      0x1ad C:\Users\sujee\Desktop\ARC\SJSU_Coursework\Spring_2017\295B\FreeRTOS_workfolder\SourceCode\FreeRTOS_workspac\FreeRTOS_Library\Debug\libFreeRTOS_Library.a(heap_2.o)
 .debug_abbrev  0x00001a67       0xc7 C:\Users\sujee\Desktop\ARC\SJSU_Coursework\Spring_2017\295B\FreeRTOS_workfolder\SourceCode\FreeRTOS_workspac\FreeRTOS_Library\Debug\libFreeRTOS_Library.a(list.o)

.debug_aranges  0x00000000      0x510
 .debug_aranges
                0x00000000       0x48 ./src/mb.o
 .debug_aranges
                0x00000048       0x20 ./src/mbcrc.o
 .debug_aranges
                0x00000068       0x30 ./src/mbfunccoils.o
 .debug_aranges
                0x00000098       0x20 ./src/mbfuncdisc.o
 .debug_aranges
                0x000000b8       0x20 ./src/mbfuncinput.o
 .debug_aranges
                0x000000d8       0x28 ./src/mbfuncother.o
 .debug_aranges
                0x00000100       0x58 ./src/mbrtu.o
 .debug_aranges
                0x00000158       0x40 ./src/mbutils.o
 .debug_aranges
                0x00000198       0x30 ./src/portevent.o
 .debug_aranges
                0x000001c8       0xd0 ./src/portserial.o
 .debug_aranges
                0x00000298       0x50 ./src/porttimer.o
 .debug_aranges
                0x000002e8       0x38 ./include/mbfuncholding.o
 .debug_aranges
                0x00000320       0x30 ./Sensors.o
 .debug_aranges
                0x00000350       0x70 ./cr_startup_lpc17.o
 .debug_aranges
                0x000003c0       0x48 ./main.o
 .debug_aranges
                0x00000408       0x60 ./ultsensor.o
 .debug_aranges
                0x00000468       0x28 C:\Users\sujee\Desktop\ARC\SJSU_Coursework\Spring_2017\295B\FreeRTOS_workfolder\SourceCode\FreeRTOS_workspac\CMSISv1p30_LPC17xx\Debug\libCMSISv1p30_LPC17xx.a(system_LPC17xx.o)
 .debug_aranges
                0x00000490       0x20 C:\Users\sujee\Desktop\ARC\SJSU_Coursework\Spring_2017\295B\FreeRTOS_workfolder\SourceCode\FreeRTOS_workspac\FreeRTOS_Library\Debug\libFreeRTOS_Library.a(port.o)
 .debug_aranges
                0x000004b0       0x20 C:\Users\sujee\Desktop\ARC\SJSU_Coursework\Spring_2017\295B\FreeRTOS_workfolder\SourceCode\FreeRTOS_workspac\FreeRTOS_Library\Debug\libFreeRTOS_Library.a(tasks.o)
 .debug_aranges
                0x000004d0       0x20 C:\Users\sujee\Desktop\ARC\SJSU_Coursework\Spring_2017\295B\FreeRTOS_workfolder\SourceCode\FreeRTOS_workspac\FreeRTOS_Library\Debug\libFreeRTOS_Library.a(heap_2.o)
 .debug_aranges
                0x000004f0       0x20 C:\Users\sujee\Desktop\ARC\SJSU_Coursework\Spring_2017\295B\FreeRTOS_workfolder\SourceCode\FreeRTOS_workspac\FreeRTOS_Library\Debug\libFreeRTOS_Library.a(list.o)

.debug_ranges   0x00000000      0x3d8
 .debug_ranges  0x00000000       0x38 ./src/mb.o
 .debug_ranges  0x00000038       0x10 ./src/mbcrc.o
 .debug_ranges  0x00000048       0x20 ./src/mbfunccoils.o
 .debug_ranges  0x00000068       0x10 ./src/mbfuncdisc.o
 .debug_ranges  0x00000078       0x10 ./src/mbfuncinput.o
 .debug_ranges  0x00000088       0x18 ./src/mbfuncother.o
 .debug_ranges  0x000000a0       0x48 ./src/mbrtu.o
 .debug_ranges  0x000000e8       0x30 ./src/mbutils.o
 .debug_ranges  0x00000118       0x20 ./src/portevent.o
 .debug_ranges  0x00000138       0xc0 ./src/portserial.o
 .debug_ranges  0x000001f8       0x40 ./src/porttimer.o
 .debug_ranges  0x00000238       0x28 ./include/mbfuncholding.o
 .debug_ranges  0x00000260       0x20 ./Sensors.o
 .debug_ranges  0x00000280       0x60 ./cr_startup_lpc17.o
 .debug_ranges  0x000002e0       0x38 ./main.o
 .debug_ranges  0x00000318       0x50 ./ultsensor.o
 .debug_ranges  0x00000368       0x18 C:\Users\sujee\Desktop\ARC\SJSU_Coursework\Spring_2017\295B\FreeRTOS_workfolder\SourceCode\FreeRTOS_workspac\CMSISv1p30_LPC17xx\Debug\libCMSISv1p30_LPC17xx.a(system_LPC17xx.o)
 .debug_ranges  0x00000380       0x10 C:\Users\sujee\Desktop\ARC\SJSU_Coursework\Spring_2017\295B\FreeRTOS_workfolder\SourceCode\FreeRTOS_workspac\FreeRTOS_Library\Debug\libFreeRTOS_Library.a(port.o)
 .debug_ranges  0x00000390       0x48 C:\Users\sujee\Desktop\ARC\SJSU_Coursework\Spring_2017\295B\FreeRTOS_workfolder\SourceCode\FreeRTOS_workspac\FreeRTOS_Library\Debug\libFreeRTOS_Library.a(tasks.o)

.debug_macro    0x00000000     0x3ed0
 .debug_macro   0x00000000       0xe3 ./src/mb.o
 .debug_macro   0x000000e3       0x10 ./src/mb.o
 .debug_macro   0x000000f3      0x12d ./src/mb.o
 .debug_macro   0x00000220       0x28 ./src/mb.o
 .debug_macro   0x00000248       0x16 ./src/mb.o
 .debug_macro   0x0000025e      0x5b2 ./src/mb.o
 .debug_macro   0x00000810       0x2e ./src/mb.o
 .debug_macro   0x0000083e       0x9a ./src/mb.o
 .debug_macro   0x000008d8       0x7c ./src/mb.o
 .debug_macro   0x00000954       0x6a ./src/mb.o
 .debug_macro   0x000009be       0x22 ./src/mb.o
 .debug_macro   0x000009e0       0x4e ./src/mbcrc.o
 .debug_macro   0x00000a2e       0x1c ./src/mbcrc.o
 .debug_macro   0x00000a4a      0x119 ./src/mbfunccoils.o
 .debug_macro   0x00000b63       0xdd ./src/mbfuncdisc.o
 .debug_macro   0x00000c40       0xe3 ./src/mbfuncinput.o
 .debug_macro   0x00000d23       0xc5 ./src/mbfuncother.o
 .debug_macro   0x00000de8       0xee ./src/mbrtu.o
 .debug_macro   0x00000ed6       0xfe ./src/mbutils.o
 .debug_macro   0x00000fd4       0x1c ./src/mbutils.o
 .debug_macro   0x00000ff0      0x7d5 ./src/mbutils.o
 .debug_macro   0x000017c5      0x2c7 ./src/mbutils.o
 .debug_macro   0x00001a8c       0x8e ./src/portevent.o
 .debug_macro   0x00001b1a      0x12c ./src/portserial.o
 .debug_macro   0x00001c46       0x88 ./src/portserial.o
 .debug_macro   0x00001cce       0xd4 ./src/porttimer.o
 .debug_macro   0x00001da2       0x16 ./src/porttimer.o
 .debug_macro   0x00001db8      0x135 ./include/mbfuncholding.o
 .debug_macro   0x00001eed       0xf4 ./Sensors.o
 .debug_macro   0x00001fe1       0x16 ./Sensors.o
 .debug_macro   0x00001ff7       0x46 ./Sensors.o
 .debug_macro   0x0000203d       0xca ./Sensors.o
 .debug_macro   0x00002107       0xa3 ./Sensors.o
 .debug_macro   0x000021aa       0x12 ./Sensors.o
 .debug_macro   0x000021bc       0x1e ./Sensors.o
 .debug_macro   0x000021da      0x15b ./Sensors.o
 .debug_macro   0x00002335       0x42 ./Sensors.o
 .debug_macro   0x00002377       0x56 ./Sensors.o
 .debug_macro   0x000023cd       0x40 ./Sensors.o
 .debug_macro   0x0000240d       0x52 ./cr_startup_lpc17.o
 .debug_macro   0x0000245f      0x1a8 ./main.o
 .debug_macro   0x00002607       0x6a ./main.o
 .debug_macro   0x00002671       0x62 ./main.o
 .debug_macro   0x000026d3       0x1c ./main.o
 .debug_macro   0x000026ef       0x40 ./main.o
 .debug_macro   0x0000272f      0x11f ./ultsensor.o
 .debug_macro   0x0000284e      0x113 C:\Users\sujee\Desktop\ARC\SJSU_Coursework\Spring_2017\295B\FreeRTOS_workfolder\SourceCode\FreeRTOS_workspac\CMSISv1p30_LPC17xx\Debug\libCMSISv1p30_LPC17xx.a(system_LPC17xx.o)
 .debug_macro   0x00002961      0x880 C:\Users\sujee\Desktop\ARC\SJSU_Coursework\Spring_2017\295B\FreeRTOS_workfolder\SourceCode\FreeRTOS_workspac\CMSISv1p30_LPC17xx\Debug\libCMSISv1p30_LPC17xx.a(system_LPC17xx.o)
 .debug_macro   0x000031e1      0x119 C:\Users\sujee\Desktop\ARC\SJSU_Coursework\Spring_2017\295B\FreeRTOS_workfolder\SourceCode\FreeRTOS_workspac\FreeRTOS_Library\Debug\libFreeRTOS_Library.a(port.o)
 .debug_macro   0x000032fa      0x874 C:\Users\sujee\Desktop\ARC\SJSU_Coursework\Spring_2017\295B\FreeRTOS_workfolder\SourceCode\FreeRTOS_workspac\FreeRTOS_Library\Debug\libFreeRTOS_Library.a(port.o)
 .debug_macro   0x00003b6e      0x166 C:\Users\sujee\Desktop\ARC\SJSU_Coursework\Spring_2017\295B\FreeRTOS_workfolder\SourceCode\FreeRTOS_workspac\FreeRTOS_Library\Debug\libFreeRTOS_Library.a(tasks.o)
 .debug_macro   0x00003cd4       0x16 C:\Users\sujee\Desktop\ARC\SJSU_Coursework\Spring_2017\295B\FreeRTOS_workfolder\SourceCode\FreeRTOS_workspac\FreeRTOS_Library\Debug\libFreeRTOS_Library.a(tasks.o)
 .debug_macro   0x00003cea      0x10a C:\Users\sujee\Desktop\ARC\SJSU_Coursework\Spring_2017\295B\FreeRTOS_workfolder\SourceCode\FreeRTOS_workspac\FreeRTOS_Library\Debug\libFreeRTOS_Library.a(heap_2.o)
 .debug_macro   0x00003df4       0xdc C:\Users\sujee\Desktop\ARC\SJSU_Coursework\Spring_2017\295B\FreeRTOS_workfolder\SourceCode\FreeRTOS_workspac\FreeRTOS_Library\Debug\libFreeRTOS_Library.a(list.o)

.debug_line     0x00000000     0x44bf
 .debug_line    0x00000000      0x322 ./src/mb.o
 .debug_line    0x00000322      0x196 ./src/mbcrc.o
 .debug_line    0x000004b8      0x27d ./src/mbfunccoils.o
 .debug_line    0x00000735      0x218 ./src/mbfuncdisc.o
 .debug_line    0x0000094d      0x20f ./src/mbfuncinput.o
 .debug_line    0x00000b5c      0x226 ./src/mbfuncother.o
 .debug_line    0x00000d82      0x305 ./src/mbrtu.o
 .debug_line    0x00001087      0x31b ./src/mbutils.o
 .debug_line    0x000013a2      0x1e9 ./src/portevent.o
 .debug_line    0x0000158b      0x4b9 ./src/portserial.o
 .debug_line    0x00001a44      0x303 ./src/porttimer.o
 .debug_line    0x00001d47      0x22f ./include/mbfuncholding.o
 .debug_line    0x00001f76      0x407 ./Sensors.o
 .debug_line    0x0000237d      0x27e ./cr_startup_lpc17.o
 .debug_line    0x000025fb      0x567 ./main.o
 .debug_line    0x00002b62      0x4d8 ./ultsensor.o
 .debug_line    0x0000303a      0x22a C:\Users\sujee\Desktop\ARC\SJSU_Coursework\Spring_2017\295B\FreeRTOS_workfolder\SourceCode\FreeRTOS_workspac\CMSISv1p30_LPC17xx\Debug\libCMSISv1p30_LPC17xx.a(system_LPC17xx.o)
 .debug_line    0x00003264      0x3e2 C:\Users\sujee\Desktop\ARC\SJSU_Coursework\Spring_2017\295B\FreeRTOS_workfolder\SourceCode\FreeRTOS_workspac\FreeRTOS_Library\Debug\libFreeRTOS_Library.a(port.o)
 .debug_line    0x00003646      0x68d C:\Users\sujee\Desktop\ARC\SJSU_Coursework\Spring_2017\295B\FreeRTOS_workfolder\SourceCode\FreeRTOS_workspac\FreeRTOS_Library\Debug\libFreeRTOS_Library.a(tasks.o)
 .debug_line    0x00003cd3      0x413 C:\Users\sujee\Desktop\ARC\SJSU_Coursework\Spring_2017\295B\FreeRTOS_workfolder\SourceCode\FreeRTOS_workspac\FreeRTOS_Library\Debug\libFreeRTOS_Library.a(heap_2.o)
 .debug_line    0x000040e6      0x3d9 C:\Users\sujee\Desktop\ARC\SJSU_Coursework\Spring_2017\295B\FreeRTOS_workfolder\SourceCode\FreeRTOS_workspac\FreeRTOS_Library\Debug\libFreeRTOS_Library.a(list.o)

.debug_str      0x00000000     0xebd8
 .debug_str     0x00000000     0x4894 ./src/mb.o
                               0x4956 (size before relaxing)
 .debug_str     0x00004894       0x41 ./src/mbcrc.o
                               0x3d1e (size before relaxing)
 .debug_str     0x000048d5      0x340 ./src/mbfunccoils.o
                               0x4960 (size before relaxing)
 .debug_str     0x00004c15       0x99 ./src/mbfuncdisc.o
                               0x4730 (size before relaxing)
 .debug_str     0x00004cae       0xc9 ./src/mbfuncinput.o
                               0x4757 (size before relaxing)
 .debug_str     0x00004d77       0x8d ./src/mbfuncother.o
                               0x46ba (size before relaxing)
 .debug_str     0x00004e04      0x1fc ./src/mbrtu.o
                               0x45e7 (size before relaxing)
 .debug_str     0x00005000     0x4280 ./src/mbutils.o
                               0x8628 (size before relaxing)
 .debug_str     0x00009280       0x6f ./src/portevent.o
                               0x4254 (size before relaxing)
 .debug_str     0x000092ef      0xe02 ./src/portserial.o
                               0x91a4 (size before relaxing)
 .debug_str     0x0000a0f1      0x119 ./src/porttimer.o
                               0x8622 (size before relaxing)
 .debug_str     0x0000a20a      0x396 ./include/mbfuncholding.o
                               0x4b5e (size before relaxing)
 .debug_str     0x0000a5a0     0x1a43 ./Sensors.o
                               0x9a66 (size before relaxing)
 .debug_str     0x0000bfe3      0x146 ./cr_startup_lpc17.o
                               0x3d18 (size before relaxing)
 .debug_str     0x0000c129      0xe7a ./main.o
                               0xaa9a (size before relaxing)
 .debug_str     0x0000cfa3      0x2eb ./ultsensor.o
                               0xaa35 (size before relaxing)
 .debug_str     0x0000d28e      0x414 C:\Users\sujee\Desktop\ARC\SJSU_Coursework\Spring_2017\295B\FreeRTOS_workfolder\SourceCode\FreeRTOS_workspac\CMSISv1p30_LPC17xx\Debug\libCMSISv1p30_LPC17xx.a(system_LPC17xx.o)
                               0x7f89 (size before relaxing)
 .debug_str     0x0000d6a2      0x4a7 C:\Users\sujee\Desktop\ARC\SJSU_Coursework\Spring_2017\295B\FreeRTOS_workfolder\SourceCode\FreeRTOS_workspac\FreeRTOS_Library\Debug\libFreeRTOS_Library.a(port.o)
                               0x9776 (size before relaxing)
 .debug_str     0x0000db49      0xc06 C:\Users\sujee\Desktop\ARC\SJSU_Coursework\Spring_2017\295B\FreeRTOS_workfolder\SourceCode\FreeRTOS_workspac\FreeRTOS_Library\Debug\libFreeRTOS_Library.a(tasks.o)
                               0xa37a (size before relaxing)
 .debug_str     0x0000e74f      0x442 C:\Users\sujee\Desktop\ARC\SJSU_Coursework\Spring_2017\295B\FreeRTOS_workfolder\SourceCode\FreeRTOS_workspac\FreeRTOS_Library\Debug\libFreeRTOS_Library.a(heap_2.o)
                               0x9907 (size before relaxing)
 .debug_str     0x0000eb91       0x47 C:\Users\sujee\Desktop\ARC\SJSU_Coursework\Spring_2017\295B\FreeRTOS_workfolder\SourceCode\FreeRTOS_workspac\FreeRTOS_Library\Debug\libFreeRTOS_Library.a(list.o)
                               0x9252 (size before relaxing)

.comment        0x00000000       0x6e
 .comment       0x00000000       0x6e ./src/mb.o
                                 0x6f (size before relaxing)
 .comment       0x0000006e       0x6f ./src/mbcrc.o
 .comment       0x0000006e       0x6f ./src/mbfunccoils.o
 .comment       0x0000006e       0x6f ./src/mbfuncdisc.o
 .comment       0x0000006e       0x6f ./src/mbfuncinput.o
 .comment       0x0000006e       0x6f ./src/mbfuncother.o
 .comment       0x0000006e       0x6f ./src/mbrtu.o
 .comment       0x0000006e       0x6f ./src/mbutils.o
 .comment       0x0000006e       0x6f ./src/portevent.o
 .comment       0x0000006e       0x6f ./src/portserial.o
 .comment       0x0000006e       0x6f ./src/porttimer.o
 .comment       0x0000006e       0x6f ./include/mbfuncholding.o
 .comment       0x0000006e       0x6f ./Sensors.o
 .comment       0x0000006e       0x6f ./cr_startup_lpc17.o
 .comment       0x0000006e       0x6f ./main.o
 .comment       0x0000006e       0x6f ./ultsensor.o
 .comment       0x0000006e       0x6f C:\Users\sujee\Desktop\ARC\SJSU_Coursework\Spring_2017\295B\FreeRTOS_workfolder\SourceCode\FreeRTOS_workspac\CMSISv1p30_LPC17xx\Debug\libCMSISv1p30_LPC17xx.a(system_LPC17xx.o)
 .comment       0x0000006e       0x6f C:\Users\sujee\Desktop\ARC\SJSU_Coursework\Spring_2017\295B\FreeRTOS_workfolder\SourceCode\FreeRTOS_workspac\FreeRTOS_Library\Debug\libFreeRTOS_Library.a(port.o)
 .comment       0x0000006e       0x6f C:\Users\sujee\Desktop\ARC\SJSU_Coursework\Spring_2017\295B\FreeRTOS_workfolder\SourceCode\FreeRTOS_workspac\FreeRTOS_Library\Debug\libFreeRTOS_Library.a(tasks.o)
 .comment       0x0000006e       0x6f C:\Users\sujee\Desktop\ARC\SJSU_Coursework\Spring_2017\295B\FreeRTOS_workfolder\SourceCode\FreeRTOS_workspac\FreeRTOS_Library\Debug\libFreeRTOS_Library.a(heap_2.o)
 .comment       0x0000006e       0x6f C:\Users\sujee\Desktop\ARC\SJSU_Coursework\Spring_2017\295B\FreeRTOS_workfolder\SourceCode\FreeRTOS_workspac\FreeRTOS_Library\Debug\libFreeRTOS_Library.a(list.o)
 .comment       0x0000006e       0x6f c:/nxp/mcuxpressoide_10.0.0_344/ide/tools/bin/../lib/gcc/arm-none-eabi/5.4.1/../../../../arm-none-eabi/lib/armv7-m\libcr_semihost.a(_cr_assert.o)
 .comment       0x0000006e       0x6f c:/nxp/mcuxpressoide_10.0.0_344/ide/tools/bin/../lib/gcc/arm-none-eabi/5.4.1/../../../../arm-none-eabi/lib/armv7-m\libcr_semihost.a(__ciob.o)
 .comment       0x0000006e       0x6f c:/nxp/mcuxpressoide_10.0.0_344/ide/tools/bin/../lib/gcc/arm-none-eabi/5.4.1/../../../../arm-none-eabi/lib/armv7-m\libcr_c.a(memcpy.o)
 .comment       0x0000006e       0x6f c:/nxp/mcuxpressoide_10.0.0_344/ide/tools/bin/../lib/gcc/arm-none-eabi/5.4.1/../../../../arm-none-eabi/lib/armv7-m\libcr_c.a(memset.o)
 .comment       0x0000006e       0x6f c:/nxp/mcuxpressoide_10.0.0_344/ide/tools/bin/../lib/gcc/arm-none-eabi/5.4.1/../../../../arm-none-eabi/lib/armv7-m\libcr_c.a(_deferredlazyseek.o)
 .comment       0x0000006e       0x6f c:/nxp/mcuxpressoide_10.0.0_344/ide/tools/bin/../lib/gcc/arm-none-eabi/5.4.1/../../../../arm-none-eabi/lib/armv7-m\libcr_c.a(_fflush.o)
 .comment       0x0000006e       0x6f c:/nxp/mcuxpressoide_10.0.0_344/ide/tools/bin/../lib/gcc/arm-none-eabi/5.4.1/../../../../arm-none-eabi/lib/armv7-m\libcr_c.a(_writebuf.o)
 .comment       0x0000006e       0x6f c:/nxp/mcuxpressoide_10.0.0_344/ide/tools/bin/../lib/gcc/arm-none-eabi/5.4.1/../../../../arm-none-eabi/lib/armv7-m\libcr_c.a(alloc.o)
 .comment       0x0000006e       0x6f c:/nxp/mcuxpressoide_10.0.0_344/ide/tools/bin/../lib/gcc/arm-none-eabi/5.4.1/../../../../arm-none-eabi/lib/armv7-m\libcr_c.a(fpprintf.o)
 .comment       0x0000006e       0x6f c:/nxp/mcuxpressoide_10.0.0_344/ide/tools/bin/../lib/gcc/arm-none-eabi/5.4.1/../../../../arm-none-eabi/lib/armv7-m\libcr_c.a(fputs.o)
 .comment       0x0000006e       0x6f c:/nxp/mcuxpressoide_10.0.0_344/ide/tools/bin/../lib/gcc/arm-none-eabi/5.4.1/../../../../arm-none-eabi/lib/armv7-m\libcr_c.a(fseek.o)
 .comment       0x0000006e       0x6f c:/nxp/mcuxpressoide_10.0.0_344/ide/tools/bin/../lib/gcc/arm-none-eabi/5.4.1/../../../../arm-none-eabi/lib/armv7-m\libcr_c.a(ftell.o)
 .comment       0x0000006e       0x6f c:/nxp/mcuxpressoide_10.0.0_344/ide/tools/bin/../lib/gcc/arm-none-eabi/5.4.1/../../../../arm-none-eabi/lib/armv7-m\libcr_c.a(printf.o)
 .comment       0x0000006e       0x6f c:/nxp/mcuxpressoide_10.0.0_344/ide/tools/bin/../lib/gcc/arm-none-eabi/5.4.1/../../../../arm-none-eabi/lib/armv7-m\libcr_c.a(strlen.o)
 .comment       0x0000006e       0x6f c:/nxp/mcuxpressoide_10.0.0_344/ide/tools/bin/../lib/gcc/arm-none-eabi/5.4.1/../../../../arm-none-eabi/lib/armv7-m\libcr_c.a(strncpy.o)
 .comment       0x0000006e       0x6f c:/nxp/mcuxpressoide_10.0.0_344/ide/tools/bin/../lib/gcc/arm-none-eabi/5.4.1/../../../../arm-none-eabi/lib/armv7-m\libcr_c.a(__init_alloc.o)
 .comment       0x0000006e       0x6f c:/nxp/mcuxpressoide_10.0.0_344/ide/tools/bin/../lib/gcc/arm-none-eabi/5.4.1/../../../../arm-none-eabi/lib/armv7-m\libcr_c.a(_cr_sbrk.o)
 .comment       0x0000006e       0x6f c:/nxp/mcuxpressoide_10.0.0_344/ide/tools/bin/../lib/gcc/arm-none-eabi/5.4.1/../../../../arm-none-eabi/lib/armv7-m\libcr_c.a(_frexpl.o)
 .comment       0x0000006e       0x6f c:/nxp/mcuxpressoide_10.0.0_344/ide/tools/bin/../lib/gcc/arm-none-eabi/5.4.1/../../../../arm-none-eabi/lib/armv7-m\libcr_c.a(_ldexpl.o)
 .comment       0x0000006e       0x6f c:/nxp/mcuxpressoide_10.0.0_344/ide/tools/bin/../lib/gcc/arm-none-eabi/5.4.1/../../../../arm-none-eabi/lib/armv7-m\libcr_c.a(errno.o)
 .comment       0x0000006e       0x6f c:/nxp/mcuxpressoide_10.0.0_344/ide/tools/bin/../lib/gcc/arm-none-eabi/5.4.1/../../../../arm-none-eabi/lib/armv7-m\libcr_c.a(_cr_check_heap.o)
 .comment       0x0000006e       0x6f c:/nxp/mcuxpressoide_10.0.0_344/ide/tools/bin/../lib/gcc/arm-none-eabi/5.4.1/../../../../arm-none-eabi/lib/armv7-m\libcr_c.a(_hugeval.o)
 .comment       0x0000006e       0x6f c:/nxp/mcuxpressoide_10.0.0_344/ide/tools/bin/../lib/gcc/arm-none-eabi/5.4.1/armv7-m\libcr_eabihelpers.a(double.o)

.ARM.attributes
                0x00000000       0x31
 .ARM.attributes
                0x00000000       0x33 ./src/mb.o
 .ARM.attributes
                0x00000033       0x33 ./src/mbcrc.o
 .ARM.attributes
                0x00000066       0x33 ./src/mbfunccoils.o
 .ARM.attributes
                0x00000099       0x33 ./src/mbfuncdisc.o
 .ARM.attributes
                0x000000cc       0x33 ./src/mbfuncinput.o
 .ARM.attributes
                0x000000ff       0x33 ./src/mbfuncother.o
 .ARM.attributes
                0x00000132       0x33 ./src/mbrtu.o
 .ARM.attributes
                0x00000165       0x33 ./src/mbutils.o
 .ARM.attributes
                0x00000198       0x33 ./src/portevent.o
 .ARM.attributes
                0x000001cb       0x33 ./src/portserial.o
 .ARM.attributes
                0x000001fe       0x33 ./src/porttimer.o
 .ARM.attributes
                0x00000231       0x33 ./include/mbfuncholding.o
 .ARM.attributes
                0x00000264       0x33 ./Sensors.o
 .ARM.attributes
                0x00000297       0x33 ./cr_startup_lpc17.o
 .ARM.attributes
                0x000002ca       0x33 ./main.o
 .ARM.attributes
                0x000002fd       0x33 ./ultsensor.o
 .ARM.attributes
                0x00000330       0x33 C:\Users\sujee\Desktop\ARC\SJSU_Coursework\Spring_2017\295B\FreeRTOS_workfolder\SourceCode\FreeRTOS_workspac\CMSISv1p30_LPC17xx\Debug\libCMSISv1p30_LPC17xx.a(system_LPC17xx.o)
 .ARM.attributes
                0x00000363       0x33 C:\Users\sujee\Desktop\ARC\SJSU_Coursework\Spring_2017\295B\FreeRTOS_workfolder\SourceCode\FreeRTOS_workspac\FreeRTOS_Library\Debug\libFreeRTOS_Library.a(port.o)
 .ARM.attributes
                0x00000396       0x33 C:\Users\sujee\Desktop\ARC\SJSU_Coursework\Spring_2017\295B\FreeRTOS_workfolder\SourceCode\FreeRTOS_workspac\FreeRTOS_Library\Debug\libFreeRTOS_Library.a(tasks.o)
 .ARM.attributes
                0x000003c9       0x33 C:\Users\sujee\Desktop\ARC\SJSU_Coursework\Spring_2017\295B\FreeRTOS_workfolder\SourceCode\FreeRTOS_workspac\FreeRTOS_Library\Debug\libFreeRTOS_Library.a(heap_2.o)
 .ARM.attributes
                0x000003fc       0x33 C:\Users\sujee\Desktop\ARC\SJSU_Coursework\Spring_2017\295B\FreeRTOS_workfolder\SourceCode\FreeRTOS_workspac\FreeRTOS_Library\Debug\libFreeRTOS_Library.a(list.o)
 .ARM.attributes
                0x0000042f       0x33 c:/nxp/mcuxpressoide_10.0.0_344/ide/tools/bin/../lib/gcc/arm-none-eabi/5.4.1/../../../../arm-none-eabi/lib/armv7-m\libcr_semihost.a(_cr_assert.o)
 .ARM.attributes
                0x00000462       0x33 c:/nxp/mcuxpressoide_10.0.0_344/ide/tools/bin/../lib/gcc/arm-none-eabi/5.4.1/../../../../arm-none-eabi/lib/armv7-m\libcr_semihost.a(__ciob.o)
 .ARM.attributes
                0x00000495       0x21 c:/nxp/mcuxpressoide_10.0.0_344/ide/tools/bin/../lib/gcc/arm-none-eabi/5.4.1/../../../../arm-none-eabi/lib/armv7-m\libcr_semihost.a(__sys_appexit.o)
 .ARM.attributes
                0x000004b6       0x33 c:/nxp/mcuxpressoide_10.0.0_344/ide/tools/bin/../lib/gcc/arm-none-eabi/5.4.1/../../../../arm-none-eabi/lib/armv7-m\libcr_c.a(memcpy.o)
 .ARM.attributes
                0x000004e9       0x33 c:/nxp/mcuxpressoide_10.0.0_344/ide/tools/bin/../lib/gcc/arm-none-eabi/5.4.1/../../../../arm-none-eabi/lib/armv7-m\libcr_c.a(memset.o)
 .ARM.attributes
                0x0000051c       0x33 c:/nxp/mcuxpressoide_10.0.0_344/ide/tools/bin/../lib/gcc/arm-none-eabi/5.4.1/../../../../arm-none-eabi/lib/armv7-m\libcr_c.a(_deferredlazyseek.o)
 .ARM.attributes
                0x0000054f       0x33 c:/nxp/mcuxpressoide_10.0.0_344/ide/tools/bin/../lib/gcc/arm-none-eabi/5.4.1/../../../../arm-none-eabi/lib/armv7-m\libcr_c.a(_fflush.o)
 .ARM.attributes
                0x00000582       0x33 c:/nxp/mcuxpressoide_10.0.0_344/ide/tools/bin/../lib/gcc/arm-none-eabi/5.4.1/../../../../arm-none-eabi/lib/armv7-m\libcr_c.a(_writebuf.o)
 .ARM.attributes
                0x000005b5       0x33 c:/nxp/mcuxpressoide_10.0.0_344/ide/tools/bin/../lib/gcc/arm-none-eabi/5.4.1/../../../../arm-none-eabi/lib/armv7-m\libcr_c.a(alloc.o)
 .ARM.attributes
                0x000005e8       0x33 c:/nxp/mcuxpressoide_10.0.0_344/ide/tools/bin/../lib/gcc/arm-none-eabi/5.4.1/../../../../arm-none-eabi/lib/armv7-m\libcr_c.a(fpprintf.o)
 .ARM.attributes
                0x0000061b       0x33 c:/nxp/mcuxpressoide_10.0.0_344/ide/tools/bin/../lib/gcc/arm-none-eabi/5.4.1/../../../../arm-none-eabi/lib/armv7-m\libcr_c.a(fputs.o)
 .ARM.attributes
                0x0000064e       0x33 c:/nxp/mcuxpressoide_10.0.0_344/ide/tools/bin/../lib/gcc/arm-none-eabi/5.4.1/../../../../arm-none-eabi/lib/armv7-m\libcr_c.a(fseek.o)
 .ARM.attributes
                0x00000681       0x33 c:/nxp/mcuxpressoide_10.0.0_344/ide/tools/bin/../lib/gcc/arm-none-eabi/5.4.1/../../../../arm-none-eabi/lib/armv7-m\libcr_c.a(ftell.o)
 .ARM.attributes
                0x000006b4       0x33 c:/nxp/mcuxpressoide_10.0.0_344/ide/tools/bin/../lib/gcc/arm-none-eabi/5.4.1/../../../../arm-none-eabi/lib/armv7-m\libcr_c.a(printf.o)
 .ARM.attributes
                0x000006e7       0x33 c:/nxp/mcuxpressoide_10.0.0_344/ide/tools/bin/../lib/gcc/arm-none-eabi/5.4.1/../../../../arm-none-eabi/lib/armv7-m\libcr_c.a(strlen.o)
 .ARM.attributes
                0x0000071a       0x33 c:/nxp/mcuxpressoide_10.0.0_344/ide/tools/bin/../lib/gcc/arm-none-eabi/5.4.1/../../../../arm-none-eabi/lib/armv7-m\libcr_c.a(strncpy.o)
 .ARM.attributes
                0x0000074d       0x33 c:/nxp/mcuxpressoide_10.0.0_344/ide/tools/bin/../lib/gcc/arm-none-eabi/5.4.1/../../../../arm-none-eabi/lib/armv7-m\libcr_c.a(__init_alloc.o)
 .ARM.attributes
                0x00000780       0x33 c:/nxp/mcuxpressoide_10.0.0_344/ide/tools/bin/../lib/gcc/arm-none-eabi/5.4.1/../../../../arm-none-eabi/lib/armv7-m\libcr_c.a(_cr_sbrk.o)
 .ARM.attributes
                0x000007b3       0x33 c:/nxp/mcuxpressoide_10.0.0_344/ide/tools/bin/../lib/gcc/arm-none-eabi/5.4.1/../../../../arm-none-eabi/lib/armv7-m\libcr_c.a(_frexpl.o)
 .ARM.attributes
                0x000007e6       0x33 c:/nxp/mcuxpressoide_10.0.0_344/ide/tools/bin/../lib/gcc/arm-none-eabi/5.4.1/../../../../arm-none-eabi/lib/armv7-m\libcr_c.a(_ldexpl.o)
 .ARM.attributes
                0x00000819       0x33 c:/nxp/mcuxpressoide_10.0.0_344/ide/tools/bin/../lib/gcc/arm-none-eabi/5.4.1/../../../../arm-none-eabi/lib/armv7-m\libcr_c.a(errno.o)
 .ARM.attributes
                0x0000084c       0x33 c:/nxp/mcuxpressoide_10.0.0_344/ide/tools/bin/../lib/gcc/arm-none-eabi/5.4.1/../../../../arm-none-eabi/lib/armv7-m\libcr_c.a(_cr_check_heap.o)
 .ARM.attributes
                0x0000087f       0x33 c:/nxp/mcuxpressoide_10.0.0_344/ide/tools/bin/../lib/gcc/arm-none-eabi/5.4.1/../../../../arm-none-eabi/lib/armv7-m\libcr_c.a(_hugeval.o)
 .ARM.attributes
                0x000008b2       0x33 c:/nxp/mcuxpressoide_10.0.0_344/ide/tools/bin/../lib/gcc/arm-none-eabi/5.4.1/armv7-m\libcr_eabihelpers.a(double.o)
 .ARM.attributes
                0x000008e5       0x21 c:/nxp/mcuxpressoide_10.0.0_344/ide/tools/bin/../lib/gcc/arm-none-eabi/5.4.1/armv7-m\libcr_eabihelpers.a(memcpy.o)
 .ARM.attributes
                0x00000906       0x21 c:/nxp/mcuxpressoide_10.0.0_344/ide/tools/bin/../lib/gcc/arm-none-eabi/5.4.1/../../../../arm-none-eabi/lib/armv7-m\libcr_semihost.a(__sys_flen.o)
 .ARM.attributes
                0x00000927       0x21 c:/nxp/mcuxpressoide_10.0.0_344/ide/tools/bin/../lib/gcc/arm-none-eabi/5.4.1/../../../../arm-none-eabi/lib/armv7-m\libcr_semihost.a(__sys_istty.o)
 .ARM.attributes
                0x00000948       0x21 c:/nxp/mcuxpressoide_10.0.0_344/ide/tools/bin/../lib/gcc/arm-none-eabi/5.4.1/../../../../arm-none-eabi/lib/armv7-m\libcr_semihost.a(__sys_seek.o)
 .ARM.attributes
                0x00000969       0x21 c:/nxp/mcuxpressoide_10.0.0_344/ide/tools/bin/../lib/gcc/arm-none-eabi/5.4.1/../../../../arm-none-eabi/lib/armv7-m\libcr_semihost.a(__sys_write.o)

.debug_frame    0x00000000     0x1258
 .debug_frame   0x00000000       0xec ./src/mb.o
 .debug_frame   0x000000ec       0x38 ./src/mbcrc.o
 .debug_frame   0x00000124       0x7c ./src/mbfunccoils.o
 .debug_frame   0x000001a0       0x34 ./src/mbfuncdisc.o
 .debug_frame   0x000001d4       0x34 ./src/mbfuncinput.o
 .debug_frame   0x00000208       0x58 ./src/mbfuncother.o
 .debug_frame   0x00000260      0x120 ./src/mbrtu.o
 .debug_frame   0x00000380       0xd4 ./src/mbutils.o
 .debug_frame   0x00000454       0x80 ./src/portevent.o
 .debug_frame   0x000004d4      0x320 ./src/portserial.o
 .debug_frame   0x000007f4       0xfc ./src/porttimer.o
 .debug_frame   0x000008f0       0xa0 ./include/mbfuncholding.o
 .debug_frame   0x00000990       0x7c ./Sensors.o
 .debug_frame   0x00000a0c      0x120 ./cr_startup_lpc17.o
 .debug_frame   0x00000b2c       0xf0 ./main.o
 .debug_frame   0x00000c1c      0x15c ./ultsensor.o
 .debug_frame   0x00000d78       0x50 C:\Users\sujee\Desktop\ARC\SJSU_Coursework\Spring_2017\295B\FreeRTOS_workfolder\SourceCode\FreeRTOS_workspac\CMSISv1p30_LPC17xx\Debug\libCMSISv1p30_LPC17xx.a(system_LPC17xx.o)
 .debug_frame   0x00000dc8       0xc0 C:\Users\sujee\Desktop\ARC\SJSU_Coursework\Spring_2017\295B\FreeRTOS_workfolder\SourceCode\FreeRTOS_workspac\FreeRTOS_Library\Debug\libFreeRTOS_Library.a(port.o)
 .debug_frame   0x00000e88      0x2f4 C:\Users\sujee\Desktop\ARC\SJSU_Coursework\Spring_2017\295B\FreeRTOS_workfolder\SourceCode\FreeRTOS_workspac\FreeRTOS_Library\Debug\libFreeRTOS_Library.a(tasks.o)
 .debug_frame   0x0000117c       0x70 C:\Users\sujee\Desktop\ARC\SJSU_Coursework\Spring_2017\295B\FreeRTOS_workfolder\SourceCode\FreeRTOS_workspac\FreeRTOS_Library\Debug\libFreeRTOS_Library.a(heap_2.o)
 .debug_frame   0x000011ec       0x6c C:\Users\sujee\Desktop\ARC\SJSU_Coursework\Spring_2017\295B\FreeRTOS_workfolder\SourceCode\FreeRTOS_workspac\FreeRTOS_Library\Debug\libFreeRTOS_Library.a(list.o)

.debug_loc      0x00000000      0xf15
 .debug_loc     0x00000000       0x5f C:\Users\sujee\Desktop\ARC\SJSU_Coursework\Spring_2017\295B\FreeRTOS_workfolder\SourceCode\FreeRTOS_workspac\FreeRTOS_Library\Debug\libFreeRTOS_Library.a(port.o)
 .debug_loc     0x0000005f      0xc45 C:\Users\sujee\Desktop\ARC\SJSU_Coursework\Spring_2017\295B\FreeRTOS_workfolder\SourceCode\FreeRTOS_workspac\FreeRTOS_Library\Debug\libFreeRTOS_Library.a(tasks.o)
 .debug_loc     0x00000ca4      0x22d C:\Users\sujee\Desktop\ARC\SJSU_Coursework\Spring_2017\295B\FreeRTOS_workfolder\SourceCode\FreeRTOS_workspac\FreeRTOS_Library\Debug\libFreeRTOS_Library.a(heap_2.o)
 .debug_loc     0x00000ed1       0x44 C:\Users\sujee\Desktop\ARC\SJSU_Coursework\Spring_2017\295B\FreeRTOS_workfolder\SourceCode\FreeRTOS_workspac\FreeRTOS_Library\Debug\libFreeRTOS_Library.a(list.o)
