Archive member included to satisfy reference by file (symbol)

/Users/sudheerdoddapaneni/Documents/Sudheer/Sem4/Project/LPCXpresso/RTOS_Proj3/CMSISv1p30_LPC17xx/Debug/libCMSISv1p30_LPC17xx.a(system_LPC17xx.o)
                              ./cr_startup_lpc17.o (SystemInit)
/Users/sudheerdoddapaneni/Documents/Sudheer/Sem4/Project/LPCXpresso/RTOS_Proj3/FreeRTOS_Library/Debug/libFreeRTOS_Library.a(port.o)
                              ./cr_startup_lpc17.o (vPortSVCHandler)
/Users/sudheerdoddapaneni/Documents/Sudheer/Sem4/Project/LPCXpresso/RTOS_Proj3/FreeRTOS_Library/Debug/libFreeRTOS_Library.a(tasks.o)
                              ./main.o (xTaskGenericCreate)
/Users/sudheerdoddapaneni/Documents/Sudheer/Sem4/Project/LPCXpresso/RTOS_Proj3/FreeRTOS_Library/Debug/libFreeRTOS_Library.a(heap_2.o)
                              /Users/sudheerdoddapaneni/Documents/Sudheer/Sem4/Project/LPCXpresso/RTOS_Proj3/FreeRTOS_Library/Debug/libFreeRTOS_Library.a(tasks.o) (pvPortMalloc)
/Users/sudheerdoddapaneni/Documents/Sudheer/Sem4/Project/LPCXpresso/RTOS_Proj3/FreeRTOS_Library/Debug/libFreeRTOS_Library.a(list.o)
                              /Users/sudheerdoddapaneni/Documents/Sudheer/Sem4/Project/LPCXpresso/RTOS_Proj3/FreeRTOS_Library/Debug/libFreeRTOS_Library.a(tasks.o) (vListInitialise)
/Applications/lpcxpresso_8.2.2_650/lpcxpresso/tools/bin/../lib/gcc/arm-none-eabi/5.4.1/../../../../arm-none-eabi/lib/armv7-m/libcr_c.a(memset.o)
                              /Users/sudheerdoddapaneni/Documents/Sudheer/Sem4/Project/LPCXpresso/RTOS_Proj3/FreeRTOS_Library/Debug/libFreeRTOS_Library.a(tasks.o) (memset)
/Applications/lpcxpresso_8.2.2_650/lpcxpresso/tools/bin/../lib/gcc/arm-none-eabi/5.4.1/../../../../arm-none-eabi/lib/armv7-m/libcr_c.a(fpprintf.o)
                              ./Sensors.o (printf)
/Applications/lpcxpresso_8.2.2_650/lpcxpresso/tools/bin/../lib/gcc/arm-none-eabi/5.4.1/../../../../arm-none-eabi/lib/armv7-m/libcr_c.a(printf.o)
                              /Applications/lpcxpresso_8.2.2_650/lpcxpresso/tools/bin/../lib/gcc/arm-none-eabi/5.4.1/../../../../arm-none-eabi/lib/armv7-m/libcr_c.a(fpprintf.o) (__vfprintf)
/Applications/lpcxpresso_8.2.2_650/lpcxpresso/tools/bin/../lib/gcc/arm-none-eabi/5.4.1/../../../../arm-none-eabi/lib/armv7-m/libcr_c.a(stdio.o)
                              /Applications/lpcxpresso_8.2.2_650/lpcxpresso/tools/bin/../lib/gcc/arm-none-eabi/5.4.1/../../../../arm-none-eabi/lib/armv7-m/libcr_c.a(fpprintf.o) (__Ciob)
/Applications/lpcxpresso_8.2.2_650/lpcxpresso/tools/bin/../lib/gcc/arm-none-eabi/5.4.1/../../../../arm-none-eabi/lib/armv7-m/libcr_c.a(strlen.o)
                              /Applications/lpcxpresso_8.2.2_650/lpcxpresso/tools/bin/../lib/gcc/arm-none-eabi/5.4.1/../../../../arm-none-eabi/lib/armv7-m/libcr_c.a(printf.o) (strlen)
/Applications/lpcxpresso_8.2.2_650/lpcxpresso/tools/bin/../lib/gcc/arm-none-eabi/5.4.1/../../../../arm-none-eabi/lib/armv7-m/libcr_c.a(strncpy.o)
                              /Users/sudheerdoddapaneni/Documents/Sudheer/Sem4/Project/LPCXpresso/RTOS_Proj3/FreeRTOS_Library/Debug/libFreeRTOS_Library.a(tasks.o) (strncpy)
/Applications/lpcxpresso_8.2.2_650/lpcxpresso/tools/bin/../lib/gcc/arm-none-eabi/5.4.1/../../../../arm-none-eabi/lib/armv7-m/libcr_c.a(__fillbuf.o)
                              /Applications/lpcxpresso_8.2.2_650/lpcxpresso/tools/bin/../lib/gcc/arm-none-eabi/5.4.1/../../../../arm-none-eabi/lib/armv7-m/libcr_c.a(stdio.o) (__filbuf)
/Applications/lpcxpresso_8.2.2_650/lpcxpresso/tools/bin/../lib/gcc/arm-none-eabi/5.4.1/../../../../arm-none-eabi/lib/armv7-m/libcr_c.a(_deferredlazyseek.o)
                              /Applications/lpcxpresso_8.2.2_650/lpcxpresso/tools/bin/../lib/gcc/arm-none-eabi/5.4.1/../../../../arm-none-eabi/lib/armv7-m/libcr_c.a(__fillbuf.o) (_deferredlazyseek)
/Applications/lpcxpresso_8.2.2_650/lpcxpresso/tools/bin/../lib/gcc/arm-none-eabi/5.4.1/../../../../arm-none-eabi/lib/armv7-m/libcr_c.a(_fflush.o)
                              /Applications/lpcxpresso_8.2.2_650/lpcxpresso/tools/bin/../lib/gcc/arm-none-eabi/5.4.1/../../../../arm-none-eabi/lib/armv7-m/libcr_c.a(__fillbuf.o) (_fflush)
/Applications/lpcxpresso_8.2.2_650/lpcxpresso/tools/bin/../lib/gcc/arm-none-eabi/5.4.1/../../../../arm-none-eabi/lib/armv7-m/libcr_c.a(_frexpl.o)
                              /Applications/lpcxpresso_8.2.2_650/lpcxpresso/tools/bin/../lib/gcc/arm-none-eabi/5.4.1/../../../../arm-none-eabi/lib/armv7-m/libcr_c.a(fpprintf.o) (_frexpl)
/Applications/lpcxpresso_8.2.2_650/lpcxpresso/tools/bin/../lib/gcc/arm-none-eabi/5.4.1/../../../../arm-none-eabi/lib/armv7-m/libcr_c.a(_ldexpl.o)
                              /Applications/lpcxpresso_8.2.2_650/lpcxpresso/tools/bin/../lib/gcc/arm-none-eabi/5.4.1/../../../../arm-none-eabi/lib/armv7-m/libcr_c.a(fpprintf.o) (_ldexpl)
/Applications/lpcxpresso_8.2.2_650/lpcxpresso/tools/bin/../lib/gcc/arm-none-eabi/5.4.1/../../../../arm-none-eabi/lib/armv7-m/libcr_c.a(_writebuf.o)
[...]
Memory Configuration

Name             Origin             Length             Attributes
MFlash512        0x0000000000000000 0x0000000000080000 xr
RamLoc32         0x0000000010000000 0x0000000000008000 xrw
RamAHB32         0x000000002007c000 0x0000000000008000 xrw
*default*        0x0000000000000000 0xffffffffffffffff

Linker script and memory map

LOAD ./Sensors.o
LOAD ./cr_startup_lpc17.o
LOAD ./main.o
LOAD /Users/sudheerdoddapaneni/Documents/Sudheer/Sem4/Project/LPCXpresso/RTOS_Proj3/CMSISv1p30_LPC17xx/Debug/libCMSISv1p30_LPC17xx.a
LOAD /Users/sudheerdoddapaneni/Documents/Sudheer/Sem4/Project/LPCXpresso/RTOS_Proj3/FreeRTOS_Library/Debug/libFreeRTOS_Library.a
START GROUP
LOAD /Applications/lpcxpresso_8.2.2_650/lpcxpresso/tools/bin/../lib/gcc/arm-none-eabi/5.4.1/../../../../arm-none-eabi/lib/armv7-m/libcr_semihost.a
LOAD /Applications/lpcxpresso_8.2.2_650/lpcxpresso/tools/bin/../lib/gcc/arm-none-eabi/5.4.1/../../../../arm-none-eabi/lib/armv7-m/libcr_c.a
LOAD /Applications/lpcxpresso_8.2.2_650/lpcxpresso/tools/bin/../lib/gcc/arm-none-eabi/5.4.1/armv7-m/libcr_eabihelpers.a
END GROUP
                0x0000000000000000                __base_MFlash512 = 0x0
                0x0000000000000000                __base_Flash = 0x0
                0x0000000000080000                __top_MFlash512 = 0x80000
                0x0000000000080000                __top_Flash = 0x80000
                0x0000000010000000                __base_RamLoc32 = 0x10000000
                0x0000000010000000                __base_RAM = 0x10000000
                0x0000000010008000                __top_RamLoc32 = 0x10008000
                0x0000000010008000                __top_RAM = 0x10008000
                0x000000002007c000                __base_RamAHB32 = 0x2007c000
                0x000000002007c000                __base_RAM2 = 0x2007c000
                0x0000000020084000                __top_RamAHB32 = 0x20084000
                0x0000000020084000                __top_RAM2 = 0x20084000

.text           0x0000000000000000     0x3798
 FILL mask 0xff
                0x0000000000000000                __vectors_start__ = ABSOLUTE (.)
 *(.isr_vector)
 .isr_vector    0x0000000000000000       0xc4 ./cr_startup_lpc17.o
                0x0000000000000000                g_pfnVectors
                0x00000000000000c4                . = ALIGN (0x4)
                0x00000000000000c4                __section_table_start = .
                0x00000000000000c4                __data_section_table = .
                0x00000000000000c4        0x4 LONG 0x3798 LOADADDR (.data)
                0x00000000000000c8        0x4 LONG 0x10000000 ADDR (.data)
                0x00000000000000cc        0x4 LONG 0x8 SIZEOF (.data)
                0x00000000000000d0        0x4 LONG 0x3798 LOADADDR (.data_RAM2)
                0x00000000000000d4        0x4 LONG 0x2007c000 ADDR (.data_RAM2)
                0x00000000000000d8        0x4 LONG 0x0 SIZEOF (.data_RAM2)
                0x00000000000000dc                __data_section_table_end = .
                0x00000000000000dc                __bss_section_table = .
                0x00000000000000dc        0x4 LONG 0x10000008 ADDR (.bss)
                0x00000000000000e0        0x4 LONG 0xa64 SIZEOF (.bss)
                0x00000000000000e4        0x4 LONG 0x2007c000 ADDR (.bss_RAM2)
                0x00000000000000e8        0x4 LONG 0x0 SIZEOF (.bss_RAM2)
                0x00000000000000ec                __bss_section_table_end = .
                0x00000000000000ec                __section_table_end = .
 *(.after_vectors*)
 *(.text*)
 .text.InitADC  0x00000000000000ec       0x58 ./Sensors.o
                0x00000000000000ec                InitADC
 .text.MAGSEN   0x0000000000000144       0x9c ./Sensors.o
                0x0000000000000144                MAGSEN
 .text.MAGSEN_Task
                0x00000000000001e0       0x38 ./Sensors.o
                0x00000000000001e0                MAGSEN_Task
 .text.Reset_Handler
                0x0000000000000218       0x68 ./cr_startup_lpc17.o
                0x0000000000000218                Reset_Handler
                0x0000000000000218                ResetISR
 .text.NMI_Handler
                0x0000000000000280        0x8 ./cr_startup_lpc17.o
                0x0000000000000280                NMI_Handler
 .text.HardFault_Handler
                0x0000000000000288        0x8 ./cr_startup_lpc17.o
                0x0000000000000288                HardFault_Handler
 .text.MemManage_Handler
                0x0000000000000290        0x8 ./cr_startup_lpc17.o
                0x0000000000000290                MemManage_Handler
 .text.BusFault_Handler
                0x0000000000000298        0x8 ./cr_startup_lpc17.o
                0x0000000000000298                BusFault_Handler
 .text.UsageFault_Handler
                0x00000000000002a0        0x8 ./cr_startup_lpc17.o
                0x00000000000002a0                UsageFault_Handler
 .text.DebugMon_Handler
                0x00000000000002a8        0x8 ./cr_startup_lpc17.o
                0x00000000000002a8                DebugMon_Handler
 .text.IntDefaultHandler
                0x00000000000002b0        0x8 ./cr_startup_lpc17.o
                0x00000000000002b0                ENET_IRQHandler
                0x00000000000002b0                RIT_IRQHandler
                0x00000000000002b0                I2C0_IRQHandler
                0x00000000000002b0                PWM1_IRQHandler
                0x00000000000002b0                I2C1_IRQHandler
                0x00000000000002b0                EINT2_IRQHandler
                0x00000000000002b0                UART1_IRQHandler
                0x00000000000002b0                EINT3_IRQHandler
                0x00000000000002b0                TIMER3_IRQHandler
                0x00000000000002b0                UART0_IRQHandler
                0x00000000000002b0                PLL0_IRQHandler
                0x00000000000002b0                CAN_IRQHandler
                0x00000000000002b0                PLL1_IRQHandler
                0x00000000000002b0                SSP0_IRQHandler
                0x00000000000002b0                I2S_IRQHandler
                0x00000000000002b0                I2C2_IRQHandler
                0x00000000000002b0                RTC_IRQHandler
                0x00000000000002b0                TIMER0_IRQHandler
                0x00000000000002b0                SPI_IRQHandler
                0x00000000000002b0                EINT1_IRQHandler
                0x00000000000002b0                TIMER1_IRQHandler
                0x00000000000002b0                UART2_IRQHandler
                0x00000000000002b0                ADC_IRQHandler
                0x00000000000002b0                SSP1_IRQHandler
                0x00000000000002b0                USB_IRQHandler
                0x00000000000002b0                BOD_IRQHandler
                0x00000000000002b0                WDT_IRQHandler
                0x00000000000002b0                QEI_IRQHandler
                0x00000000000002b0                EINT0_IRQHandler
                0x00000000000002b0                DMA_IRQHandler
                0x00000000000002b0                UART3_IRQHandler
                0x00000000000002b0                MCPWM_IRQHandler
                0x00000000000002b0                TIMER2_IRQHandler
 .text.main     0x00000000000002b8       0x48 ./main.o
                0x00000000000002b8                main
 .text.SystemInit
                0x0000000000000300      0x138 /Users/sudheerdoddapaneni/Documents/Sudheer/Sem4/Project/LPCXpresso/RTOS_Proj3/CMSISv1p30_LPC17xx/Debug/libCMSISv1p30_LPC17xx.a(system_LPC17xx.o)
                0x0000000000000300                SystemInit
 .text          0x0000000000000438      0x12c /Users/sudheerdoddapaneni/Documents/Sudheer/Sem4/Project/LPCXpresso/RTOS_Proj3/FreeRTOS_Library/Debug/libFreeRTOS_Library.a(port.o)
                0x0000000000000438                pxPortInitialiseStack
                0x0000000000000454                vPortSVCHandler
                0x0000000000000474                vPortStartFirstTask
                0x0000000000000480                xPortStartScheduler
                0x00000000000004bc                vPortEndScheduler
                0x00000000000004c0                vPortYieldFromISR
                0x00000000000004d0                vPortEnterCritical
                0x00000000000004e8                vPortExitCritical
                0x0000000000000500                xPortPendSVHandler
                0x000000000000053c                xPortSysTickHandler
 .text          0x0000000000000564      0xa44 /Users/sudheerdoddapaneni/Documents/Sudheer/Sem4/Project/LPCXpresso/RTOS_Proj3/FreeRTOS_Library/Debug/libFreeRTOS_Library.a(tasks.o)
                0x0000000000000564                xTaskGenericCreate
                0x00000000000006fc                vTaskDelete
                0x0000000000000764                uxTaskPriorityGet
                0x0000000000000780                vTaskPrioritySet
                0x0000000000000818                xTaskIsTaskSuspended
                0x000000000000083c                vTaskResume
                0x00000000000008a0                xTaskResumeFromISR
                0x0000000000000910                vTaskStartScheduler
                0x0000000000000958                vTaskEndScheduler
                0x0000000000000974                vTaskSuspendAll
                0x0000000000000988                xTaskGetTickCount
                0x00000000000009a0                xTaskGetTickCountFromISR
                0x00000000000009ac                uxTaskGetNumberOfTasks
                0x00000000000009b8                vTaskIncrementTick
                0x0000000000000a5c                xTaskResumeAll
                0x0000000000000b30                vTaskDelayUntil
                0x0000000000000bb0                vTaskDelay
                0x0000000000000c5c                vTaskSwitchContext
                0x0000000000000ce4                vTaskSuspend
                0x0000000000000d8c                vTaskPlaceOnEventList
                0x0000000000000de4                xTaskRemoveFromEventList
                0x0000000000000e58                vTaskSetTimeOutState
                0x0000000000000e6c                xTaskCheckForTimeOut
                0x0000000000000ed0                vTaskMissedYield
                0x0000000000000ee0                xTaskGetCurrentTaskHandle
                0x0000000000000eec                vTaskPriorityInherit
                0x0000000000000f5c                vTaskPriorityDisinherit
 .text          0x0000000000000fa8      0x114 /Users/sudheerdoddapaneni/Documents/Sudheer/Sem4/Project/LPCXpresso/RTOS_Proj3/FreeRTOS_Library/Debug/libFreeRTOS_Library.a(heap_2.o)
                0x0000000000000fa8                pvPortMalloc
                0x0000000000001068                vPortFree
                0x00000000000010ac                xPortGetFreeHeapSize
                0x00000000000010b8                vPortInitialiseBlocks
 .text          0x00000000000010bc       0x9c /Users/sudheerdoddapaneni/Documents/Sudheer/Sem4/Project/LPCXpresso/RTOS_Proj3/FreeRTOS_Library/Debug/libFreeRTOS_Library.a(list.o)
                0x00000000000010bc                vListInitialise
                0x00000000000010d4                vListInitialiseItem
                0x00000000000010dc                vListInsertEnd
                0x00000000000010f8                vListInsert
                0x0000000000001134                vListRemove
 .text.memset   0x0000000000001158        0x4 /Applications/lpcxpresso_8.2.2_650/lpcxpresso/tools/bin/../lib/gcc/arm-none-eabi/5.4.1/../../../../arm-none-eabi/lib/armv7-m/libcr_c.a(memset.o)
                0x0000000000001158                memset
 .text.fp_round
                0x000000000000115c       0x4c /Applications/lpcxpresso_8.2.2_650/lpcxpresso/tools/bin/../lib/gcc/arm-none-eabi/5.4.1/../../../../arm-none-eabi/lib/armv7-m/libcr_c.a(fpprintf.o)
 .text.pr_dec.constprop.1
                0x00000000000011a8       0x26 /Applications/lpcxpresso_8.2.2_650/lpcxpresso/tools/bin/../lib/gcc/arm-none-eabi/5.4.1/../../../../arm-none-eabi/lib/armv7-m/libcr_c.a(fpprintf.o)
 *fill*         0x00000000000011ce        0x2 ff
 .text.sprintf  0x00000000000011d0       0x6c /Applications/lpcxpresso_8.2.2_650/lpcxpresso/tools/bin/../lib/gcc/arm-none-eabi/5.4.1/../../../../arm-none-eabi/lib/armv7-m/libcr_c.a(fpprintf.o)
                0x00000000000011d0                sprintf
 *fill*         0x000000000000123c        0x4 ff
 .text.fp_display
                0x0000000000001240      0x8ec /Applications/lpcxpresso_8.2.2_650/lpcxpresso/tools/bin/../lib/gcc/arm-none-eabi/5.4.1/../../../../arm-none-eabi/lib/armv7-m/libcr_c.a(fpprintf.o)
 .text.vsnprintf
                0x0000000000001b2c       0x5c /Applications/lpcxpresso_8.2.2_650/lpcxpresso/tools/bin/../lib/gcc/arm-none-eabi/5.4.1/../../../../arm-none-eabi/lib/armv7-m/libcr_c.a(fpprintf.o)
                0x0000000000001b2c                vsnprintf
 .text.printf   0x0000000000001b88       0x54 /Applications/lpcxpresso_8.2.2_650/lpcxpresso/tools/bin/../lib/gcc/arm-none-eabi/5.4.1/../../../../arm-none-eabi/lib/armv7-m/libcr_c.a(fpprintf.o)
                0x0000000000001b88                printf
 .text.__vfprintf
                0x0000000000001bdc      0xd28 /Applications/lpcxpresso_8.2.2_650/lpcxpresso/tools/bin/../lib/gcc/arm-none-eabi/5.4.1/../../../../arm-none-eabi/lib/armv7-m/libcr_c.a(printf.o)
                0x0000000000001bdc                __vfprintf
 .text.strlen   0x0000000000002904       0x4a /Applications/lpcxpresso_8.2.2_650/lpcxpresso/tools/bin/../lib/gcc/arm-none-eabi/5.4.1/../../../../arm-none-eabi/lib/armv7-m/libcr_c.a(strlen.o)
                0x0000000000002904                strlen
 .text.strncpy  0x000000000000294e       0x56 /Applications/lpcxpresso_8.2.2_650/lpcxpresso/tools/bin/../lib/gcc/arm-none-eabi/5.4.1/../../../../arm-none-eabi/lib/armv7-m/libcr_c.a(strncpy.o)
                0x000000000000294e                strncpy
 .text._deferredlazyseek
                0x00000000000029a4       0x44 /Applications/lpcxpresso_8.2.2_650/lpcxpresso/tools/bin/../lib/gcc/arm-none-eabi/5.4.1/../../../../arm-none-eabi/lib/armv7-m/libcr_c.a(_deferredlazyseek.o)
                0x00000000000029a4                _deferredlazyseek
 .text.__flsbuf
                0x00000000000029e8      0x140 /Applications/lpcxpresso_8.2.2_650/lpcxpresso/tools/bin/../lib/gcc/arm-none-eabi/5.4.1/../../../../arm-none-eabi/lib/armv7-m/libcr_c.a(_deferredlazyseek.o)
                0x00000000000029e8                __flsbuf
 .text._fflush  0x0000000000002b28       0x58 /Applications/lpcxpresso_8.2.2_650/lpcxpresso/tools/bin/../lib/gcc/arm-none-eabi/5.4.1/../../../../arm-none-eabi/lib/armv7-m/libcr_c.a(_fflush.o)
                0x0000000000002b28                _fflush
 .text._frexpl  0x0000000000002b80       0x5a /Applications/lpcxpresso_8.2.2_650/lpcxpresso/tools/bin/../lib/gcc/arm-none-eabi/5.4.1/../../../../arm-none-eabi/lib/armv7-m/libcr_c.a(_frexpl.o)
                0x0000000000002b80                _frexpl
 *fill*         0x0000000000002bda        0x2 ff
 .text._ldexpl  0x0000000000002bdc       0x4c /Applications/lpcxpresso_8.2.2_650/lpcxpresso/tools/bin/../lib/gcc/arm-none-eabi/5.4.1/../../../../arm-none-eabi/lib/armv7-m/libcr_c.a(_ldexpl.o)
                0x0000000000002bdc                _ldexpl
 .text._Cwritebuf
                0x0000000000002c28       0x68 /Applications/lpcxpresso_8.2.2_650/lpcxpresso/tools/bin/../lib/gcc/arm-none-eabi/5.4.1/../../../../arm-none-eabi/lib/armv7-m/libcr_c.a(_writebuf.o)
                0x0000000000002c28                _Cwritebuf
 .text.malloc   0x0000000000002c90       0xc8 /Applications/lpcxpresso_8.2.2_650/lpcxpresso/tools/bin/../lib/gcc/arm-none-eabi/5.4.1/../../../../arm-none-eabi/lib/armv7-m/libcr_c.a(alloc.o)
                0x0000000000002c90                malloc
 .text.free     0x0000000000002d58       0x30 /Applications/lpcxpresso_8.2.2_650/lpcxpresso/tools/bin/../lib/gcc/arm-none-eabi/5.4.1/../../../../arm-none-eabi/lib/armv7-m/libcr_c.a(alloc.o)
                0x0000000000002d58                free
 .text._Csys_alloc
                0x0000000000002d88       0x20 /Applications/lpcxpresso_8.2.2_650/lpcxpresso/tools/bin/../lib/gcc/arm-none-eabi/5.4.1/../../../../arm-none-eabi/lib/armv7-m/libcr_c.a(alloc.o)
                0x0000000000002d88                _Csys_alloc
 .text.fseek    0x0000000000002da8      0x110 /Applications/lpcxpresso_8.2.2_650/lpcxpresso/tools/bin/../lib/gcc/arm-none-eabi/5.4.1/../../../../arm-none-eabi/lib/armv7-m/libcr_c.a(fseek.o)
                0x0000000000002da8                fseek
 .text.ftell    0x0000000000002eb8       0x4c /Applications/lpcxpresso_8.2.2_650/lpcxpresso/tools/bin/../lib/gcc/arm-none-eabi/5.4.1/../../../../arm-none-eabi/lib/armv7-m/libcr_c.a(ftell.o)
                0x0000000000002eb8                ftell
 .text._sbrk    0x0000000000002f04       0x40 /Applications/lpcxpresso_8.2.2_650/lpcxpresso/tools/bin/../lib/gcc/arm-none-eabi/5.4.1/../../../../arm-none-eabi/lib/armv7-m/libcr_c.a(_cr_sbrk.o)
                0x0000000000002f04                _sbrk
 .text.__check_heap_overflow
                0x0000000000002f44       0x18 /Applications/lpcxpresso_8.2.2_650/lpcxpresso/tools/bin/../lib/gcc/arm-none-eabi/5.4.1/../../../../arm-none-eabi/lib/armv7-m/libcr_c.a(_cr_check_heap.o)
                0x0000000000002f44                __check_heap_overflow
 .text.__aeabi_dmul
                0x0000000000002f5c      0x110 /Applications/lpcxpresso_8.2.2_650/lpcxpresso/tools/bin/../lib/gcc/arm-none-eabi/5.4.1/armv7-m/libcr_eabihelpers.a(double.o)
                0x0000000000002f5c                __aeabi_dmul
 .text.__aeabi_ddiv
                0x000000000000306c      0x138 /Applications/lpcxpresso_8.2.2_650/lpcxpresso/tools/bin/../lib/gcc/arm-none-eabi/5.4.1/armv7-m/libcr_eabihelpers.a(double.o)
                0x000000000000306c                __aeabi_ddiv
 .text.__aeabi_dsub
                0x00000000000031a4      0x1a0 /Applications/lpcxpresso_8.2.2_650/lpcxpresso/tools/bin/../lib/gcc/arm-none-eabi/5.4.1/armv7-m/libcr_eabihelpers.a(double.o)
                0x00000000000031a4                __aeabi_dsub
 .text.__aeabi_dadd
                0x0000000000003344      0x10c /Applications/lpcxpresso_8.2.2_650/lpcxpresso/tools/bin/../lib/gcc/arm-none-eabi/5.4.1/armv7-m/libcr_eabihelpers.a(double.o)
                0x0000000000003344                __aeabi_dadd
 .text.__aeabi_d2iz
                0x0000000000003450       0x40 /Applications/lpcxpresso_8.2.2_650/lpcxpresso/tools/bin/../lib/gcc/arm-none-eabi/5.4.1/armv7-m/libcr_eabihelpers.a(double.o)
                0x0000000000003450                __aeabi_d2iz
 .text.__bhs_ui2d
                0x0000000000003490       0x46 /Applications/lpcxpresso_8.2.2_650/lpcxpresso/tools/bin/../lib/gcc/arm-none-eabi/5.4.1/armv7-m/libcr_eabihelpers.a(double.o)
                0x0000000000003490                __bhs_ui2d
 .text.__aeabi_i2d
                0x00000000000034d6       0x10 /Applications/lpcxpresso_8.2.2_650/lpcxpresso/tools/bin/../lib/gcc/arm-none-eabi/5.4.1/armv7-m/libcr_eabihelpers.a(double.o)
                0x00000000000034d6                __aeabi_i2d
 .text.__aeabi_dcmpeq
                0x00000000000034e6       0x2c /Applications/lpcxpresso_8.2.2_650/lpcxpresso/tools/bin/../lib/gcc/arm-none-eabi/5.4.1/armv7-m/libcr_eabihelpers.a(double.o)
                0x00000000000034e6                __aeabi_dcmpeq
 .text.__aeabi_dcmplt
                0x0000000000003512       0x54 /Applications/lpcxpresso_8.2.2_650/lpcxpresso/tools/bin/../lib/gcc/arm-none-eabi/5.4.1/armv7-m/libcr_eabihelpers.a(double.o)
                0x0000000000003512                __aeabi_dcmplt
 .text.__aeabi_dcmple
                0x0000000000003566       0x54 /Applications/lpcxpresso_8.2.2_650/lpcxpresso/tools/bin/../lib/gcc/arm-none-eabi/5.4.1/armv7-m/libcr_eabihelpers.a(double.o)
                0x0000000000003566                __aeabi_dcmple
 .text.__aeabi_dcmpge
                0x00000000000035ba       0x54 /Applications/lpcxpresso_8.2.2_650/lpcxpresso/tools/bin/../lib/gcc/arm-none-eabi/5.4.1/armv7-m/libcr_eabihelpers.a(double.o)
                0x00000000000035ba                __aeabi_dcmpge
 .text.__aeabi_memset_lowlevel
                0x000000000000360e       0x32 /Applications/lpcxpresso_8.2.2_650/lpcxpresso/tools/bin/../lib/gcc/arm-none-eabi/5.4.1/armv7-m/libcr_eabihelpers.a(memcpy.o)
                0x000000000000360e                __aeabi_lowlevel_memset
 .text.__sys_appexit
                0x0000000000003640        0xc /Applications/lpcxpresso_8.2.2_650/lpcxpresso/tools/bin/../lib/gcc/arm-none-eabi/5.4.1/../../../../arm-none-eabi/lib/armv7-m/libcr_semihost.a(__sys_appexit.o)
                0x0000000000003640                __exit
                0x0000000000003640                __sys_appexit
 .text.__sys_flen
                0x000000000000364c        0xc /Applications/lpcxpresso_8.2.2_650/lpcxpresso/tools/bin/../lib/gcc/arm-none-eabi/5.4.1/../../../../arm-none-eabi/lib/armv7-m/libcr_semihost.a(__sys_flen.o)
                0x000000000000364c                __sys_flen
 .text.__sys_istty
                0x0000000000003658        0xc /Applications/lpcxpresso_8.2.2_650/lpcxpresso/tools/bin/../lib/gcc/arm-none-eabi/5.4.1/../../../../arm-none-eabi/lib/armv7-m/libcr_semihost.a(__sys_istty.o)
                0x0000000000003658                __sys_istty
 .text.__sys_seek
                0x0000000000003664        0xc /Applications/lpcxpresso_8.2.2_650/lpcxpresso/tools/bin/../lib/gcc/arm-none-eabi/5.4.1/../../../../arm-none-eabi/lib/armv7-m/libcr_semihost.a(__sys_seek.o)
                0x0000000000003664                __sys_seek
 .text.__sys_write
                0x0000000000003670        0xc /Applications/lpcxpresso_8.2.2_650/lpcxpresso/tools/bin/../lib/gcc/arm-none-eabi/5.4.1/../../../../arm-none-eabi/lib/armv7-m/libcr_semihost.a(__sys_write.o)
                0x0000000000003670                __write
                0x0000000000003670                __sys_write
 *(.rodata .rodata.* .constdata .constdata.*)
 .rodata        0x000000000000367c       0x29 ./Sensors.o
 *fill*         0x00000000000036a5        0x3 ff
 .rodata        0x00000000000036a8       0x5b ./main.o
 *fill*         0x0000000000003703        0x1 ff
 .rodata.str1.4
                0x0000000000003704        0x8 /Users/sudheerdoddapaneni/Documents/Sudheer/Sem4/Project/LPCXpresso/RTOS_Proj3/FreeRTOS_Library/Debug/libFreeRTOS_Library.a(tasks.o)
                                          0x5 (size before relaxing)
 .rodata.str1.1
                0x000000000000370c       0x34 /Applications/lpcxpresso_8.2.2_650/lpcxpresso/tools/bin/../lib/gcc/arm-none-eabi/5.4.1/../../../../arm-none-eabi/lib/armv7-m/libcr_c.a(fpprintf.o)
                                         0x35 (size before relaxing)
 .rodata.str1.1
                0x0000000000003740       0x31 /Applications/lpcxpresso_8.2.2_650/lpcxpresso/tools/bin/../lib/gcc/arm-none-eabi/5.4.1/../../../../arm-none-eabi/lib/armv7-m/libcr_c.a(printf.o)
                                         0x38 (size before relaxing)
 .rodata.str1.1
                0x0000000000003771       0x18 /Applications/lpcxpresso_8.2.2_650/lpcxpresso/tools/bin/../lib/gcc/arm-none-eabi/5.4.1/../../../../arm-none-eabi/lib/armv7-m/libcr_c.a(alloc.o)
 *fill*         0x0000000000003789        0x7 ff
 .rodata.__huge_vall
                0x0000000000003790        0x8 /Applications/lpcxpresso_8.2.2_650/lpcxpresso/tools/bin/../lib/gcc/arm-none-eabi/5.4.1/../../../../arm-none-eabi/lib/armv7-m/libcr_c.a(_hugeval.o)
                0x0000000000003790                __huge_vall
                0x0000000000003798                . = ALIGN (0x4)

.glue_7         0x0000000000003798        0x0
 .glue_7        0x0000000000003798        0x0 linker stubs

.glue_7t        0x0000000000003798        0x0
 .glue_7t       0x0000000000003798        0x0 linker stubs

.vfp11_veneer   0x0000000000003798        0x0
 .vfp11_veneer  0x0000000000003798        0x0 linker stubs

.v4_bx          0x0000000000003798        0x0
 .v4_bx         0x0000000000003798        0x0 linker stubs

.iplt           0x0000000000003798        0x0
 .iplt          0x0000000000003798        0x0 ./Sensors.o

.rel.dyn        0x0000000000003798        0x0
 .rel.iplt      0x0000000000003798        0x0 ./Sensors.o

.ARM.extab
 *(.ARM.extab* .gnu.linkonce.armextab.*)
                0x0000000000003798                __exidx_start = .

.ARM.exidx
 *(.ARM.exidx* .gnu.linkonce.armexidx.*)
                0x0000000000003798                __exidx_end = .
                0x0000000000003798                _etext = .

.data_RAM2      0x000000002007c000        0x0 load address 0x0000000000003798
 FILL mask 0xff
                [!provide]                        PROVIDE (__start_data_RAM2, .)
 *(.ramfunc.$RAM2)
 *(.ramfunc.$RamAHB32)
 *(.data.$RAM2*)
 *(.data.$RamAHB32*)
                0x000000002007c000                . = ALIGN (0x4)
                [!provide]                        PROVIDE (__end_data_RAM2, .)

.uninit_RESERVED
                0x0000000010000000        0x0
 *(.bss.$RESERVED*)
                0x0000000010000000                . = ALIGN (0x4)
                0x0000000010000000                _end_uninit_RESERVED = .

.data           0x0000000010000000        0x8 load address 0x0000000000003798
 FILL mask 0xff
                0x0000000010000000                _data = .
 *(vtable)
 *(.ramfunc*)
 *(.data*)
 .data          0x0000000010000000        0x4 /Users/sudheerdoddapaneni/Documents/Sudheer/Sem4/Project/LPCXpresso/RTOS_Proj3/FreeRTOS_Library/Debug/libFreeRTOS_Library.a(port.o)
 .data          0x0000000010000004        0x4 /Users/sudheerdoddapaneni/Documents/Sudheer/Sem4/Project/LPCXpresso/RTOS_Proj3/FreeRTOS_Library/Debug/libFreeRTOS_Library.a(heap_2.o)
                0x0000000010000008                . = ALIGN (0x4)
                0x0000000010000008                _edata = .

.igot.plt       0x0000000010000008        0x0 load address 0x00000000000037a0
 .igot.plt      0x0000000010000008        0x0 ./Sensors.o

.bss_RAM2       0x000000002007c000        0x0
                [!provide]                        PROVIDE (__start_bss_RAM2, .)
 *(.bss.$RAM2*)
 *(.bss.$RamAHB32*)
                0x000000002007c000                . = ALIGN ((. != 0x0)?0x4:0x1)
                [!provide]                        PROVIDE (__end_bss_RAM2, .)

.bss            0x0000000010000008      0xa64
                0x0000000010000008                _bss = .
 *(.bss*)
 .bss           0x0000000010000008      0x100 /Users/sudheerdoddapaneni/Documents/Sudheer/Sem4/Project/LPCXpresso/RTOS_Proj3/FreeRTOS_Library/Debug/libFreeRTOS_Library.a(tasks.o)
                0x000000001000000c                pxCurrentTCB
 .bss           0x0000000010000108      0x818 /Users/sudheerdoddapaneni/Documents/Sudheer/Sem4/Project/LPCXpresso/RTOS_Proj3/FreeRTOS_Library/Debug/libFreeRTOS_Library.a(heap_2.o)
 .bss.__Ciob    0x0000000010000920      0x140 /Applications/lpcxpresso_8.2.2_650/lpcxpresso/tools/bin/../lib/gcc/arm-none-eabi/5.4.1/../../../../arm-none-eabi/lib/armv7-m/libcr_c.a(stdio.o)
                0x0000000010000920                __Ciob
 .bss.errno     0x0000000010000a60        0x4 /Applications/lpcxpresso_8.2.2_650/lpcxpresso/tools/bin/../lib/gcc/arm-none-eabi/5.4.1/../../../../arm-none-eabi/lib/armv7-m/libcr_c.a(errno.o)
                0x0000000010000a60                errno
 .bss.__heaps   0x0000000010000a64        0x4 /Applications/lpcxpresso_8.2.2_650/lpcxpresso/tools/bin/../lib/gcc/arm-none-eabi/5.4.1/../../../../arm-none-eabi/lib/armv7-m/libcr_c.a(__init_alloc.o)
                0x0000000010000a64                __heaps
 .bss.__end_of_heap
                0x0000000010000a68        0x4 /Applications/lpcxpresso_8.2.2_650/lpcxpresso/tools/bin/../lib/gcc/arm-none-eabi/5.4.1/../../../../arm-none-eabi/lib/armv7-m/libcr_c.a(__init_alloc.o)
                0x0000000010000a68                __end_of_heap
 *(COMMON)
                0x0000000010000a6c                . = ALIGN (0x4)
                0x0000000010000a6c                _ebss = .
                [!provide]                        PROVIDE (end, .)

.noinit_RAM2    0x000000002007c000        0x0
 *(.noinit.$RAM2*)
 *(.noinit.$RamAHB32*)
                0x000000002007c000                . = ALIGN (0x4)

.noinit         0x0000000010000a6c        0x0
                0x0000000010000a6c                _noinit = .
 *(.noinit*)
                0x0000000010000a6c                . = ALIGN (0x4)
                0x0000000010000a6c                _end_noinit = .
                0x0000000010000a6c                PROVIDE (_pvHeapStart, DEFINED (__user_heap_base)?__user_heap_base:.)
                0x0000000010008000                PROVIDE (_vStackTop, DEFINED (__user_stack_top)?__user_stack_top:(__top_RamLoc32 - 0x0))
                [!provide]                        PROVIDE (__valid_user_code_checksum, (0x0 - ((((((_vStackTop + (ResetISR + 0x1)) + (NMI_Handler + 0x1)) + (HardFault_Handler + 0x1)) + (DEFINED (MemManage_Handler)?MemManage_Handler:0x0 + 0x1)) + (DEFINED (BusFault_Handler)?BusFault_Handler:0x0 + 0x1)) + (DEFINED (UsageFault_Handler)?UsageFault_Handler:0x0 + 0x1))))
OUTPUT(SimpleDemo.axf elf32-littlearm)

.debug_info     0x0000000000000000     0x273c
 .debug_info    0x0000000000000000      0x609 ./Sensors.o
 .debug_info    0x0000000000000609      0x1c4 ./cr_startup_lpc17.o
 .debug_info    0x00000000000007cd       0xa4 ./main.o
 .debug_info    0x0000000000000871      0x2e3 /Users/sudheerdoddapaneni/Documents/Sudheer/Sem4/Project/LPCXpresso/RTOS_Proj3/CMSISv1p30_LPC17xx/Debug/libCMSISv1p30_LPC17xx.a(system_LPC17xx.o)
 .debug_info    0x0000000000000b54      0x211 /Users/sudheerdoddapaneni/Documents/Sudheer/Sem4/Project/LPCXpresso/RTOS_Proj3/FreeRTOS_Library/Debug/libFreeRTOS_Library.a(port.o)
 .debug_info    0x0000000000000d65     0x1440 /Users/sudheerdoddapaneni/Documents/Sudheer/Sem4/Project/LPCXpresso/RTOS_Proj3/FreeRTOS_Library/Debug/libFreeRTOS_Library.a(tasks.o)
 .debug_info    0x00000000000021a5      0x300 /Users/sudheerdoddapaneni/Documents/Sudheer/Sem4/Project/LPCXpresso/RTOS_Proj3/FreeRTOS_Library/Debug/libFreeRTOS_Library.a(heap_2.o)
 .debug_info    0x00000000000024a5      0x297 /Users/sudheerdoddapaneni/Documents/Sudheer/Sem4/Project/LPCXpresso/RTOS_Proj3/FreeRTOS_Library/Debug/libFreeRTOS_Library.a(list.o)

.debug_abbrev   0x0000000000000000      0x9de
 .debug_abbrev  0x0000000000000000      0x16e ./Sensors.o
 .debug_abbrev  0x000000000000016e       0xde ./cr_startup_lpc17.o
 .debug_abbrev  0x000000000000024c       0x5f ./main.o
 .debug_abbrev  0x00000000000002ab       0xce /Users/sudheerdoddapaneni/Documents/Sudheer/Sem4/Project/LPCXpresso/RTOS_Proj3/CMSISv1p30_LPC17xx/Debug/libCMSISv1p30_LPC17xx.a(system_LPC17xx.o)
 .debug_abbrev  0x0000000000000379      0x14e /Users/sudheerdoddapaneni/Documents/Sudheer/Sem4/Project/LPCXpresso/RTOS_Proj3/FreeRTOS_Library/Debug/libFreeRTOS_Library.a(port.o)
 .debug_abbrev  0x00000000000004c7      0x2a3 /Users/sudheerdoddapaneni/Documents/Sudheer/Sem4/Project/LPCXpresso/RTOS_Proj3/FreeRTOS_Library/Debug/libFreeRTOS_Library.a(tasks.o)
 .debug_abbrev  0x000000000000076a      0x1ad /Users/sudheerdoddapaneni/Documents/Sudheer/Sem4/Project/LPCXpresso/RTOS_Proj3/FreeRTOS_Library/Debug/libFreeRTOS_Library.a(heap_2.o)
 .debug_abbrev  0x0000000000000917       0xc7 /Users/sudheerdoddapaneni/Documents/Sudheer/Sem4/Project/LPCXpresso/RTOS_Proj3/FreeRTOS_Library/Debug/libFreeRTOS_Library.a(list.o)

.debug_aranges  0x0000000000000000      0x168
 .debug_aranges
                0x0000000000000000       0x30 ./Sensors.o
 .debug_aranges
                0x0000000000000030       0x70 ./cr_startup_lpc17.o
 .debug_aranges
                0x00000000000000a0       0x20 ./main.o
 .debug_aranges
                0x00000000000000c0       0x28 /Users/sudheerdoddapaneni/Documents/Sudheer/Sem4/Project/LPCXpresso/RTOS_Proj3/CMSISv1p30_LPC17xx/Debug/libCMSISv1p30_LPC17xx.a(system_LPC17xx.o)
 .debug_aranges
                0x00000000000000e8       0x20 /Users/sudheerdoddapaneni/Documents/Sudheer/Sem4/Project/LPCXpresso/RTOS_Proj3/FreeRTOS_Library/Debug/libFreeRTOS_Library.a(port.o)
 .debug_aranges
                0x0000000000000108       0x20 /Users/sudheerdoddapaneni/Documents/Sudheer/Sem4/Project/LPCXpresso/RTOS_Proj3/FreeRTOS_Library/Debug/libFreeRTOS_Library.a(tasks.o)
 .debug_aranges
                0x0000000000000128       0x20 /Users/sudheerdoddapaneni/Documents/Sudheer/Sem4/Project/LPCXpresso/RTOS_Proj3/FreeRTOS_Library/Debug/libFreeRTOS_Library.a(heap_2.o)
 .debug_aranges
                0x0000000000000148       0x20 /Users/sudheerdoddapaneni/Documents/Sudheer/Sem4/Project/LPCXpresso/RTOS_Proj3/FreeRTOS_Library/Debug/libFreeRTOS_Library.a(list.o)

.debug_ranges   0x0000000000000000      0x100
 .debug_ranges  0x0000000000000000       0x20 ./Sensors.o
 .debug_ranges  0x0000000000000020       0x60 ./cr_startup_lpc17.o
 .debug_ranges  0x0000000000000080       0x10 ./main.o
 .debug_ranges  0x0000000000000090       0x18 /Users/sudheerdoddapaneni/Documents/Sudheer/Sem4/Project/LPCXpresso/RTOS_Proj3/CMSISv1p30_LPC17xx/Debug/libCMSISv1p30_LPC17xx.a(system_LPC17xx.o)
 .debug_ranges  0x00000000000000a8       0x10 /Users/sudheerdoddapaneni/Documents/Sudheer/Sem4/Project/LPCXpresso/RTOS_Proj3/FreeRTOS_Library/Debug/libFreeRTOS_Library.a(port.o)
 .debug_ranges  0x00000000000000b8       0x48 /Users/sudheerdoddapaneni/Documents/Sudheer/Sem4/Project/LPCXpresso/RTOS_Proj3/FreeRTOS_Library/Debug/libFreeRTOS_Library.a(tasks.o)

.debug_macro    0x0000000000000000     0x40ee
 .debug_macro   0x0000000000000000       0xf4 ./Sensors.o
 .debug_macro   0x00000000000000f4      0x880 ./Sensors.o
 .debug_macro   0x0000000000000974       0x10 ./Sensors.o
 .debug_macro   0x0000000000000984      0x12d ./Sensors.o
 .debug_macro   0x0000000000000ab1      0x5b2 ./Sensors.o
 .debug_macro   0x0000000000001063       0x16 ./Sensors.o
 .debug_macro   0x0000000000001079       0x46 ./Sensors.o
 .debug_macro   0x00000000000010bf       0x1c ./Sensors.o
 .debug_macro   0x00000000000010db      0x7d5 ./Sensors.o
 .debug_macro   0x00000000000018b0      0x2c7 ./Sensors.o
 .debug_macro   0x0000000000001b77       0xca ./Sensors.o
 .debug_macro   0x0000000000001c41       0xa3 ./Sensors.o
 .debug_macro   0x0000000000001ce4       0x12 ./Sensors.o
 .debug_macro   0x0000000000001cf6       0x1e ./Sensors.o
 .debug_macro   0x0000000000001d14      0x15b ./Sensors.o
 .debug_macro   0x0000000000001e6f       0x42 ./Sensors.o
 .debug_macro   0x0000000000001eb1       0x56 ./Sensors.o
 .debug_macro   0x0000000000001f07       0x46 ./Sensors.o
 .debug_macro   0x0000000000001f4d       0x9a ./Sensors.o
 .debug_macro   0x0000000000001fe7       0x52 ./cr_startup_lpc17.o
 .debug_macro   0x0000000000002039      0x106 ./main.o
 .debug_macro   0x000000000000213f       0x22 ./main.o
 .debug_macro   0x0000000000002161      0x7b7 ./main.o
 .debug_macro   0x0000000000002918       0x6a ./main.o
 .debug_macro   0x0000000000002982      0x113 /Users/sudheerdoddapaneni/Documents/Sudheer/Sem4/Project/LPCXpresso/RTOS_Proj3/CMSISv1p30_LPC17xx/Debug/libCMSISv1p30_LPC17xx.a(system_LPC17xx.o)
 .debug_macro   0x0000000000002a95      0x880 /Users/sudheerdoddapaneni/Documents/Sudheer/Sem4/Project/LPCXpresso/RTOS_Proj3/CMSISv1p30_LPC17xx/Debug/libCMSISv1p30_LPC17xx.a(system_LPC17xx.o)
 .debug_macro   0x0000000000003315      0x119 /Users/sudheerdoddapaneni/Documents/Sudheer/Sem4/Project/LPCXpresso/RTOS_Proj3/FreeRTOS_Library/Debug/libFreeRTOS_Library.a(port.o)
 .debug_macro   0x000000000000342e      0x874 /Users/sudheerdoddapaneni/Documents/Sudheer/Sem4/Project/LPCXpresso/RTOS_Proj3/FreeRTOS_Library/Debug/libFreeRTOS_Library.a(port.o)
 .debug_macro   0x0000000000003ca2      0x166 /Users/sudheerdoddapaneni/Documents/Sudheer/Sem4/Project/LPCXpresso/RTOS_Proj3/FreeRTOS_Library/Debug/libFreeRTOS_Library.a(tasks.o)
 .debug_macro   0x0000000000003e08       0xa0 /Users/sudheerdoddapaneni/Documents/Sudheer/Sem4/Project/LPCXpresso/RTOS_Proj3/FreeRTOS_Library/Debug/libFreeRTOS_Library.a(tasks.o)
 .debug_macro   0x0000000000003ea8       0x22 /Users/sudheerdoddapaneni/Documents/Sudheer/Sem4/Project/LPCXpresso/RTOS_Proj3/FreeRTOS_Library/Debug/libFreeRTOS_Library.a(tasks.o)
 .debug_macro   0x0000000000003eca       0x16 /Users/sudheerdoddapaneni/Documents/Sudheer/Sem4/Project/LPCXpresso/RTOS_Proj3/FreeRTOS_Library/Debug/libFreeRTOS_Library.a(tasks.o)
 .debug_macro   0x0000000000003ee0      0x10a /Users/sudheerdoddapaneni/Documents/Sudheer/Sem4/Project/LPCXpresso/RTOS_Proj3/FreeRTOS_Library/Debug/libFreeRTOS_Library.a(heap_2.o)
 .debug_macro   0x0000000000003fea       0x28 /Users/sudheerdoddapaneni/Documents/Sudheer/Sem4/Project/LPCXpresso/RTOS_Proj3/FreeRTOS_Library/Debug/libFreeRTOS_Library.a(heap_2.o)
 .debug_macro   0x0000000000004012       0xdc /Users/sudheerdoddapaneni/Documents/Sudheer/Sem4/Project/LPCXpresso/RTOS_Proj3/FreeRTOS_Library/Debug/libFreeRTOS_Library.a(list.o)

.debug_line     0x0000000000000000     0x1c4f
 .debug_line    0x0000000000000000      0x39e ./Sensors.o
 .debug_line    0x000000000000039e      0x274 ./cr_startup_lpc17.o
 .debug_line    0x0000000000000612      0x372 ./main.o
 .debug_line    0x0000000000000984      0x220 /Users/sudheerdoddapaneni/Documents/Sudheer/Sem4/Project/LPCXpresso/RTOS_Proj3/CMSISv1p30_LPC17xx/Debug/libCMSISv1p30_LPC17xx.a(system_LPC17xx.o)
 .debug_line    0x0000000000000ba4      0x37e /Users/sudheerdoddapaneni/Documents/Sudheer/Sem4/Project/LPCXpresso/RTOS_Proj3/FreeRTOS_Library/Debug/libFreeRTOS_Library.a(port.o)
 .debug_line    0x0000000000000f22      0x609 /Users/sudheerdoddapaneni/Documents/Sudheer/Sem4/Project/LPCXpresso/RTOS_Proj3/FreeRTOS_Library/Debug/libFreeRTOS_Library.a(tasks.o)
 .debug_line    0x000000000000152b      0x3af /Users/sudheerdoddapaneni/Documents/Sudheer/Sem4/Project/LPCXpresso/RTOS_Proj3/FreeRTOS_Library/Debug/libFreeRTOS_Library.a(heap_2.o)
 .debug_line    0x00000000000018da      0x375 /Users/sudheerdoddapaneni/Documents/Sudheer/Sem4/Project/LPCXpresso/RTOS_Proj3/FreeRTOS_Library/Debug/libFreeRTOS_Library.a(list.o)

.debug_str      0x0000000000000000     0xbb90
 .debug_str     0x0000000000000000     0x9a73 ./Sensors.o
                                       0x9afe (size before relaxing)
 .debug_str     0x0000000000009a73      0x14c ./cr_startup_lpc17.o
                                       0x3d94 (size before relaxing)
 .debug_str     0x0000000000009bbf      0x681 ./main.o
                                       0x9e23 (size before relaxing)
 .debug_str     0x000000000000a240      0x406 /Users/sudheerdoddapaneni/Documents/Sudheer/Sem4/Project/LPCXpresso/RTOS_Proj3/CMSISv1p30_LPC17xx/Debug/libCMSISv1p30_LPC17xx.a(system_LPC17xx.o)
                                       0x8005 (size before relaxing)
 .debug_str     0x000000000000a646      0x489 /Users/sudheerdoddapaneni/Documents/Sudheer/Sem4/Project/LPCXpresso/RTOS_Proj3/FreeRTOS_Library/Debug/libFreeRTOS_Library.a(port.o)
                                       0x97f2 (size before relaxing)
 .debug_str     0x000000000000aacf      0xc38 /Users/sudheerdoddapaneni/Documents/Sudheer/Sem4/Project/LPCXpresso/RTOS_Proj3/FreeRTOS_Library/Debug/libFreeRTOS_Library.a(tasks.o)
                                       0xa39f (size before relaxing)
 .debug_str     0x000000000000b707      0x442 /Users/sudheerdoddapaneni/Documents/Sudheer/Sem4/Project/LPCXpresso/RTOS_Proj3/FreeRTOS_Library/Debug/libFreeRTOS_Library.a(heap_2.o)
                                       0x9983 (size before relaxing)
 .debug_str     0x000000000000bb49       0x47 /Users/sudheerdoddapaneni/Documents/Sudheer/Sem4/Project/LPCXpresso/RTOS_Proj3/FreeRTOS_Library/Debug/libFreeRTOS_Library.a(list.o)
                                       0x92ce (size before relaxing)

.comment        0x0000000000000000       0xdc
 .comment       0x0000000000000000       0x6e ./Sensors.o
                                         0x6f (size before relaxing)
 .comment       0x000000000000006e       0x6f ./cr_startup_lpc17.o
 .comment       0x000000000000006e       0x6f ./main.o
 .comment       0x000000000000006e       0x6f /Users/sudheerdoddapaneni/Documents/Sudheer/Sem4/Project/LPCXpresso/RTOS_Proj3/CMSISv1p30_LPC17xx/Debug/libCMSISv1p30_LPC17xx.a(system_LPC17xx.o)
 .comment       0x000000000000006e       0x6f /Users/sudheerdoddapaneni/Documents/Sudheer/Sem4/Project/LPCXpresso/RTOS_Proj3/FreeRTOS_Library/Debug/libFreeRTOS_Library.a(port.o)
 .comment       0x000000000000006e       0x6f /Users/sudheerdoddapaneni/Documents/Sudheer/Sem4/Project/LPCXpresso/RTOS_Proj3/FreeRTOS_Library/Debug/libFreeRTOS_Library.a(tasks.o)
 .comment       0x000000000000006e       0x6f /Users/sudheerdoddapaneni/Documents/Sudheer/Sem4/Project/LPCXpresso/RTOS_Proj3/FreeRTOS_Library/Debug/libFreeRTOS_Library.a(heap_2.o)
 .comment       0x000000000000006e       0x6f /Users/sudheerdoddapaneni/Documents/Sudheer/Sem4/Project/LPCXpresso/RTOS_Proj3/FreeRTOS_Library/Debug/libFreeRTOS_Library.a(list.o)
 .comment       0x000000000000006e       0x6e /Applications/lpcxpresso_8.2.2_650/lpcxpresso/tools/bin/../lib/gcc/arm-none-eabi/5.4.1/../../../../arm-none-eabi/lib/armv7-m/libcr_c.a(memset.o)
                                         0x6f (size before relaxing)
 .comment       0x00000000000000dc       0x6f /Applications/lpcxpresso_8.2.2_650/lpcxpresso/tools/bin/../lib/gcc/arm-none-eabi/5.4.1/../../../../arm-none-eabi/lib/armv7-m/libcr_c.a(fpprintf.o)
 .comment       0x00000000000000dc       0x6f /Applications/lpcxpresso_8.2.2_650/lpcxpresso/tools/bin/../lib/gcc/arm-none-eabi/5.4.1/../../../../arm-none-eabi/lib/armv7-m/libcr_c.a(printf.o)
 .comment       0x00000000000000dc       0x6f /Applications/lpcxpresso_8.2.2_650/lpcxpresso/tools/bin/../lib/gcc/arm-none-eabi/5.4.1/../../../../arm-none-eabi/lib/armv7-m/libcr_c.a(stdio.o)
 .comment       0x00000000000000dc       0x6f /Applications/lpcxpresso_8.2.2_650/lpcxpresso/tools/bin/../lib/gcc/arm-none-eabi/5.4.1/../../../../arm-none-eabi/lib/armv7-m/libcr_c.a(strlen.o)
 .comment       0x00000000000000dc       0x6f /Applications/lpcxpresso_8.2.2_650/lpcxpresso/tools/bin/../lib/gcc/arm-none-eabi/5.4.1/../../../../arm-none-eabi/lib/armv7-m/libcr_c.a(strncpy.o)
 .comment       0x00000000000000dc       0x6f /Applications/lpcxpresso_8.2.2_650/lpcxpresso/tools/bin/../lib/gcc/arm-none-eabi/5.4.1/../../../../arm-none-eabi/lib/armv7-m/libcr_c.a(_deferredlazyseek.o)
 .comment       0x00000000000000dc       0x6f /Applications/lpcxpresso_8.2.2_650/lpcxpresso/tools/bin/../lib/gcc/arm-none-eabi/5.4.1/../../../../arm-none-eabi/lib/armv7-m/libcr_c.a(_fflush.o)
 .comment       0x00000000000000dc       0x6f /Applications/lpcxpresso_8.2.2_650/lpcxpresso/tools/bin/../lib/gcc/arm-none-eabi/5.4.1/../../../../arm-none-eabi/lib/armv7-m/libcr_c.a(_frexpl.o)
 .comment       0x00000000000000dc       0x6f /Applications/lpcxpresso_8.2.2_650/lpcxpresso/tools/bin/../lib/gcc/arm-none-eabi/5.4.1/../../../../arm-none-eabi/lib/armv7-m/libcr_c.a(_ldexpl.o)
 .comment       0x00000000000000dc       0x6f /Applications/lpcxpresso_8.2.2_650/lpcxpresso/tools/bin/../lib/gcc/arm-none-eabi/5.4.1/../../../../arm-none-eabi/lib/armv7-m/libcr_c.a(_writebuf.o)
 .comment       0x00000000000000dc       0x6f /Applications/lpcxpresso_8.2.2_650/lpcxpresso/tools/bin/../lib/gcc/arm-none-eabi/5.4.1/../../../../arm-none-eabi/lib/armv7-m/libcr_c.a(alloc.o)
 .comment       0x00000000000000dc       0x6f /Applications/lpcxpresso_8.2.2_650/lpcxpresso/tools/bin/../lib/gcc/arm-none-eabi/5.4.1/../../../../arm-none-eabi/lib/armv7-m/libcr_c.a(errno.o)
 .comment       0x00000000000000dc       0x6f /Applications/lpcxpresso_8.2.2_650/lpcxpresso/tools/bin/../lib/gcc/arm-none-eabi/5.4.1/../../../../arm-none-eabi/lib/armv7-m/libcr_c.a(fseek.o)
 .comment       0x00000000000000dc       0x6f /Applications/lpcxpresso_8.2.2_650/lpcxpresso/tools/bin/../lib/gcc/arm-none-eabi/5.4.1/../../../../arm-none-eabi/lib/armv7-m/libcr_c.a(ftell.o)
 .comment       0x00000000000000dc       0x6f /Applications/lpcxpresso_8.2.2_650/lpcxpresso/tools/bin/../lib/gcc/arm-none-eabi/5.4.1/../../../../arm-none-eabi/lib/armv7-m/libcr_c.a(__init_alloc.o)
 .comment       0x00000000000000dc       0x6f /Applications/lpcxpresso_8.2.2_650/lpcxpresso/tools/bin/../lib/gcc/arm-none-eabi/5.4.1/../../../../arm-none-eabi/lib/armv7-m/libcr_c.a(_cr_sbrk.o)
 .comment       0x00000000000000dc       0x6f /Applications/lpcxpresso_8.2.2_650/lpcxpresso/tools/bin/../lib/gcc/arm-none-eabi/5.4.1/../../../../arm-none-eabi/lib/armv7-m/libcr_c.a(_hugeval.o)
 .comment       0x00000000000000dc       0x6f /Applications/lpcxpresso_8.2.2_650/lpcxpresso/tools/bin/../lib/gcc/arm-none-eabi/5.4.1/../../../../arm-none-eabi/lib/armv7-m/libcr_c.a(_cr_check_heap.o)
 .comment       0x00000000000000dc       0x6f /Applications/lpcxpresso_8.2.2_650/lpcxpresso/tools/bin/../lib/gcc/arm-none-eabi/5.4.1/armv7-m/libcr_eabihelpers.a(double.o)

.ARM.attributes
                0x0000000000000000       0x31
 .ARM.attributes
                0x0000000000000000       0x33 ./Sensors.o
 .ARM.attributes
                0x0000000000000033       0x33 ./cr_startup_lpc17.o
 .ARM.attributes
                0x0000000000000066       0x33 ./main.o
 .ARM.attributes
                0x0000000000000099       0x33 /Users/sudheerdoddapaneni/Documents/Sudheer/Sem4/Project/LPCXpresso/RTOS_Proj3/CMSISv1p30_LPC17xx/Debug/libCMSISv1p30_LPC17xx.a(system_LPC17xx.o)
 .ARM.attributes
                0x00000000000000cc       0x33 /Users/sudheerdoddapaneni/Documents/Sudheer/Sem4/Project/LPCXpresso/RTOS_Proj3/FreeRTOS_Library/Debug/libFreeRTOS_Library.a(port.o)
 .ARM.attributes
                0x00000000000000ff       0x33 /Users/sudheerdoddapaneni/Documents/Sudheer/Sem4/Project/LPCXpresso/RTOS_Proj3/FreeRTOS_Library/Debug/libFreeRTOS_Library.a(tasks.o)
 .ARM.attributes
                0x0000000000000132       0x33 /Users/sudheerdoddapaneni/Documents/Sudheer/Sem4/Project/LPCXpresso/RTOS_Proj3/FreeRTOS_Library/Debug/libFreeRTOS_Library.a(heap_2.o)
 .ARM.attributes
                0x0000000000000165       0x33 /Users/sudheerdoddapaneni/Documents/Sudheer/Sem4/Project/LPCXpresso/RTOS_Proj3/FreeRTOS_Library/Debug/libFreeRTOS_Library.a(list.o)
 .ARM.attributes
                0x0000000000000198       0x33 /Applications/lpcxpresso_8.2.2_650/lpcxpresso/tools/bin/../lib/gcc/arm-none-eabi/5.4.1/../../../../arm-none-eabi/lib/armv7-m/libcr_c.a(memset.o)
 .ARM.attributes
                0x00000000000001cb       0x33 /Applications/lpcxpresso_8.2.2_650/lpcxpresso/tools/bin/../lib/gcc/arm-none-eabi/5.4.1/../../../../arm-none-eabi/lib/armv7-m/libcr_c.a(fpprintf.o)
 .ARM.attributes
                0x00000000000001fe       0x33 /Applications/lpcxpresso_8.2.2_650/lpcxpresso/tools/bin/../lib/gcc/arm-none-eabi/5.4.1/../../../../arm-none-eabi/lib/armv7-m/libcr_c.a(printf.o)
 .ARM.attributes
                0x0000000000000231       0x33 /Applications/lpcxpresso_8.2.2_650/lpcxpresso/tools/bin/../lib/gcc/arm-none-eabi/5.4.1/../../../../arm-none-eabi/lib/armv7-m/libcr_c.a(stdio.o)
 .ARM.attributes
                0x0000000000000264       0x33 /Applications/lpcxpresso_8.2.2_650/lpcxpresso/tools/bin/../lib/gcc/arm-none-eabi/5.4.1/../../../../arm-none-eabi/lib/armv7-m/libcr_c.a(strlen.o)
 .ARM.attributes
                0x0000000000000297       0x33 /Applications/lpcxpresso_8.2.2_650/lpcxpresso/tools/bin/../lib/gcc/arm-none-eabi/5.4.1/../../../../arm-none-eabi/lib/armv7-m/libcr_c.a(strncpy.o)
 .ARM.attributes
                0x00000000000002ca       0x33 /Applications/lpcxpresso_8.2.2_650/lpcxpresso/tools/bin/../lib/gcc/arm-none-eabi/5.4.1/../../../../arm-none-eabi/lib/armv7-m/libcr_c.a(_deferredlazyseek.o)
 .ARM.attributes
                0x00000000000002fd       0x33 /Applications/lpcxpresso_8.2.2_650/lpcxpresso/tools/bin/../lib/gcc/arm-none-eabi/5.4.1/../../../../arm-none-eabi/lib/armv7-m/libcr_c.a(_fflush.o)
 .ARM.attributes
                0x0000000000000330       0x33 /Applications/lpcxpresso_8.2.2_650/lpcxpresso/tools/bin/../lib/gcc/arm-none-eabi/5.4.1/../../../../arm-none-eabi/lib/armv7-m/libcr_c.a(_frexpl.o)
 .ARM.attributes
                0x0000000000000363       0x33 /Applications/lpcxpresso_8.2.2_650/lpcxpresso/tools/bin/../lib/gcc/arm-none-eabi/5.4.1/../../../../arm-none-eabi/lib/armv7-m/libcr_c.a(_ldexpl.o)
 .ARM.attributes
                0x0000000000000396       0x33 /Applications/lpcxpresso_8.2.2_650/lpcxpresso/tools/bin/../lib/gcc/arm-none-eabi/5.4.1/../../../../arm-none-eabi/lib/armv7-m/libcr_c.a(_writebuf.o)
 .ARM.attributes
                0x00000000000003c9       0x33 /Applications/lpcxpresso_8.2.2_650/lpcxpresso/tools/bin/../lib/gcc/arm-none-eabi/5.4.1/../../../../arm-none-eabi/lib/armv7-m/libcr_c.a(alloc.o)
 .ARM.attributes
                0x00000000000003fc       0x33 /Applications/lpcxpresso_8.2.2_650/lpcxpresso/tools/bin/../lib/gcc/arm-none-eabi/5.4.1/../../../../arm-none-eabi/lib/armv7-m/libcr_c.a(errno.o)
 .ARM.attributes
                0x000000000000042f       0x33 /Applications/lpcxpresso_8.2.2_650/lpcxpresso/tools/bin/../lib/gcc/arm-none-eabi/5.4.1/../../../../arm-none-eabi/lib/armv7-m/libcr_c.a(fseek.o)
 .ARM.attributes
                0x0000000000000462       0x33 /Applications/lpcxpresso_8.2.2_650/lpcxpresso/tools/bin/../lib/gcc/arm-none-eabi/5.4.1/../../../../arm-none-eabi/lib/armv7-m/libcr_c.a(ftell.o)
 .ARM.attributes
                0x0000000000000495       0x33 /Applications/lpcxpresso_8.2.2_650/lpcxpresso/tools/bin/../lib/gcc/arm-none-eabi/5.4.1/../../../../arm-none-eabi/lib/armv7-m/libcr_c.a(__init_alloc.o)
 .ARM.attributes
                0x00000000000004c8       0x33 /Applications/lpcxpresso_8.2.2_650/lpcxpresso/tools/bin/../lib/gcc/arm-none-eabi/5.4.1/../../../../arm-none-eabi/lib/armv7-m/libcr_c.a(_cr_sbrk.o)
 .ARM.attributes
                0x00000000000004fb       0x33 /Applications/lpcxpresso_8.2.2_650/lpcxpresso/tools/bin/../lib/gcc/arm-none-eabi/5.4.1/../../../../arm-none-eabi/lib/armv7-m/libcr_c.a(_hugeval.o)
 .ARM.attributes
                0x000000000000052e       0x33 /Applications/lpcxpresso_8.2.2_650/lpcxpresso/tools/bin/../lib/gcc/arm-none-eabi/5.4.1/../../../../arm-none-eabi/lib/armv7-m/libcr_c.a(_cr_check_heap.o)
 .ARM.attributes
                0x0000000000000561       0x33 /Applications/lpcxpresso_8.2.2_650/lpcxpresso/tools/bin/../lib/gcc/arm-none-eabi/5.4.1/armv7-m/libcr_eabihelpers.a(double.o)
 .ARM.attributes
                0x0000000000000594       0x21 /Applications/lpcxpresso_8.2.2_650/lpcxpresso/tools/bin/../lib/gcc/arm-none-eabi/5.4.1/armv7-m/libcr_eabihelpers.a(memcpy.o)
 .ARM.attributes
                0x00000000000005b5       0x21 /Applications/lpcxpresso_8.2.2_650/lpcxpresso/tools/bin/../lib/gcc/arm-none-eabi/5.4.1/../../../../arm-none-eabi/lib/armv7-m/libcr_semihost.a(__sys_appexit.o)
 .ARM.attributes
                0x00000000000005d6       0x21 /Applications/lpcxpresso_8.2.2_650/lpcxpresso/tools/bin/../lib/gcc/arm-none-eabi/5.4.1/../../../../arm-none-eabi/lib/armv7-m/libcr_semihost.a(__sys_flen.o)
 .ARM.attributes
                0x00000000000005f7       0x21 /Applications/lpcxpresso_8.2.2_650/lpcxpresso/tools/bin/../lib/gcc/arm-none-eabi/5.4.1/../../../../arm-none-eabi/lib/armv7-m/libcr_semihost.a(__sys_istty.o)
 .ARM.attributes
                0x0000000000000618       0x21 /Applications/lpcxpresso_8.2.2_650/lpcxpresso/tools/bin/../lib/gcc/arm-none-eabi/5.4.1/../../../../arm-none-eabi/lib/armv7-m/libcr_semihost.a(__sys_seek.o)
 .ARM.attributes
                0x0000000000000639       0x21 /Applications/lpcxpresso_8.2.2_650/lpcxpresso/tools/bin/../lib/gcc/arm-none-eabi/5.4.1/../../../../arm-none-eabi/lib/armv7-m/libcr_semihost.a(__sys_write.o)

.debug_frame    0x0000000000000000      0x69c
 .debug_frame   0x0000000000000000       0x7c ./Sensors.o
 .debug_frame   0x000000000000007c      0x120 ./cr_startup_lpc17.o
 .debug_frame   0x000000000000019c       0x30 ./main.o
 .debug_frame   0x00000000000001cc       0x50 /Users/sudheerdoddapaneni/Documents/Sudheer/Sem4/Project/LPCXpresso/RTOS_Proj3/CMSISv1p30_LPC17xx/Debug/libCMSISv1p30_LPC17xx.a(system_LPC17xx.o)
 .debug_frame   0x000000000000021c       0xc0 /Users/sudheerdoddapaneni/Documents/Sudheer/Sem4/Project/LPCXpresso/RTOS_Proj3/FreeRTOS_Library/Debug/libFreeRTOS_Library.a(port.o)
 .debug_frame   0x00000000000002dc      0x2e4 /Users/sudheerdoddapaneni/Documents/Sudheer/Sem4/Project/LPCXpresso/RTOS_Proj3/FreeRTOS_Library/Debug/libFreeRTOS_Library.a(tasks.o)
 .debug_frame   0x00000000000005c0       0x70 /Users/sudheerdoddapaneni/Documents/Sudheer/Sem4/Project/LPCXpresso/RTOS_Proj3/FreeRTOS_Library/Debug/libFreeRTOS_Library.a(heap_2.o)
 .debug_frame   0x0000000000000630       0x6c /Users/sudheerdoddapaneni/Documents/Sudheer/Sem4/Project/LPCXpresso/RTOS_Proj3/FreeRTOS_Library/Debug/libFreeRTOS_Library.a(list.o)

.debug_loc      0x0000000000000000      0xe55
 .debug_loc     0x0000000000000000       0x5f /Users/sudheerdoddapaneni/Documents/Sudheer/Sem4/Project/LPCXpresso/RTOS_Proj3/FreeRTOS_Library/Debug/libFreeRTOS_Library.a(port.o)
 .debug_loc     0x000000000000005f      0xb85 /Users/sudheerdoddapaneni/Documents/Sudheer/Sem4/Project/LPCXpresso/RTOS_Proj3/FreeRTOS_Library/Debug/libFreeRTOS_Library.a(tasks.o)
 .debug_loc     0x0000000000000be4      0x22d /Users/sudheerdoddapaneni/Documents/Sudheer/Sem4/Project/LPCXpresso/RTOS_Proj3/FreeRTOS_Library/Debug/libFreeRTOS_Library.a(heap_2.o)
 .debug_loc     0x0000000000000e11       0x44 /Users/sudheerdoddapaneni/Documents/Sudheer/Sem4/Project/LPCXpresso/RTOS_Proj3/FreeRTOS_Library/Debug/libFreeRTOS_Library.a(list.o)
