Archive member included to satisfy reference by file (symbol)

C:\Users\sujee\Desktop\ARC\SJSU_Coursework\Spring_2017\295B\FreeRTOS_workfolder\SourceCode\FreeRTOS_workspac\CMSISv1p30_LPC17xx\Debug\libCMSISv1p30_LPC17xx.a(system_LPC17xx.o)
                              ./optenc.o (SystemCoreClock)
C:\Users\sujee\Desktop\ARC\SJSU_Coursework\Spring_2017\295B\FreeRTOS_workfolder\SourceCode\FreeRTOS_workspac\FreeRTOS_Library\Debug\libFreeRTOS_Library.a(port.o)
                              ./cr_startup_lpc17.o (vPortSVCHandler)
C:\Users\sujee\Desktop\ARC\SJSU_Coursework\Spring_2017\295B\FreeRTOS_workfolder\SourceCode\FreeRTOS_workspac\FreeRTOS_Library\Debug\libFreeRTOS_Library.a(tasks.o)
                              ./main.o (xTaskGenericCreate)
C:\Users\sujee\Desktop\ARC\SJSU_Coursework\Spring_2017\295B\FreeRTOS_workfolder\SourceCode\FreeRTOS_workspac\FreeRTOS_Library\Debug\libFreeRTOS_Library.a(heap_2.o)
                              C:\Users\sujee\Desktop\ARC\SJSU_Coursework\Spring_2017\295B\FreeRTOS_workfolder\SourceCode\FreeRTOS_workspac\FreeRTOS_Library\Debug\libFreeRTOS_Library.a(tasks.o) (pvPortMalloc)
C:\Users\sujee\Desktop\ARC\SJSU_Coursework\Spring_2017\295B\FreeRTOS_workfolder\SourceCode\FreeRTOS_workspac\FreeRTOS_Library\Debug\libFreeRTOS_Library.a(list.o)
                              C:\Users\sujee\Desktop\ARC\SJSU_Coursework\Spring_2017\295B\FreeRTOS_workfolder\SourceCode\FreeRTOS_workspac\FreeRTOS_Library\Debug\libFreeRTOS_Library.a(tasks.o) (vListInitialise)
c:/nxp/mcuxpressoide_10.0.0_344/ide/tools/bin/../lib/gcc/arm-none-eabi/5.4.1/../../../../arm-none-eabi/lib/armv7-m\libcr_c.a(memset.o)
                              C:\Users\sujee\Desktop\ARC\SJSU_Coursework\Spring_2017\295B\FreeRTOS_workfolder\SourceCode\FreeRTOS_workspac\FreeRTOS_Library\Debug\libFreeRTOS_Library.a(tasks.o) (memset)
c:/nxp/mcuxpressoide_10.0.0_344/ide/tools/bin/../lib/gcc/arm-none-eabi/5.4.1/../../../../arm-none-eabi/lib/armv7-m\libcr_c.a(fpprintf.o)
                              ./main.o (printf)
c:/nxp/mcuxpressoide_10.0.0_344/ide/tools/bin/../lib/gcc/arm-none-eabi/5.4.1/../../../../arm-none-eabi/lib/armv7-m\libcr_c.a(printf.o)
                              c:/nxp/mcuxpressoide_10.0.0_344/ide/tools/bin/../lib/gcc/arm-none-eabi/5.4.1/../../../../arm-none-eabi/lib/armv7-m\libcr_c.a(fpprintf.o) (__vfprintf)
c:/nxp/mcuxpressoide_10.0.0_344/ide/tools/bin/../lib/gcc/arm-none-eabi/5.4.1/../../../../arm-none-eabi/lib/armv7-m\libcr_c.a(strlen.o)
                              c:/nxp/mcuxpressoide_10.0.0_344/ide/tools/bin/../lib/gcc/arm-none-eabi/5.4.1/../../../../arm-none-eabi/lib/armv7-m\libcr_c.a(printf.o) (strlen)
c:/nxp/mcuxpressoide_10.0.0_344/ide/tools/bin/../lib/gcc/arm-none-eabi/5.4.1/../../../../arm-none-eabi/lib/armv7-m\libcr_c.a(strncpy.o)
                              C:\Users\sujee\Desktop\ARC\SJSU_Coursework\Spring_2017\295B\FreeRTOS_workfolder\SourceCode\FreeRTOS_workspac\FreeRTOS_Library\Debug\libFreeRTOS_Library.a(tasks.o) (strncpy)
c:/nxp/mcuxpressoide_10.0.0_344/ide/tools/bin/../lib/gcc/arm-none-eabi/5.4.1/../../../../arm-none-eabi/lib/armv7-m\libcr_c.a(_deferredlazyseek.o)
                              c:/nxp/mcuxpressoide_10.0.0_344/ide/tools/bin/../lib/gcc/arm-none-eabi/5.4.1/../../../../arm-none-eabi/lib/armv7-m\libcr_c.a(fpprintf.o) (__flsbuf)
c:/nxp/mcuxpressoide_10.0.0_344/ide/tools/bin/../lib/gcc/arm-none-eabi/5.4.1/../../../../arm-none-eabi/lib/armv7-m\libcr_c.a(_fflush.o)
                              c:/nxp/mcuxpressoide_10.0.0_344/ide/tools/bin/../lib/gcc/arm-none-eabi/5.4.1/../../../../arm-none-eabi/lib/armv7-m\libcr_c.a(_deferredlazyseek.o) (_fflush)
c:/nxp/mcuxpressoide_10.0.0_344/ide/tools/bin/../lib/gcc/arm-none-eabi/5.4.1/../../../../arm-none-eabi/lib/armv7-m\libcr_c.a(_frexpl.o)
                              c:/nxp/mcuxpressoide_10.0.0_344/ide/tools/bin/../lib/gcc/arm-none-eabi/5.4.1/../../../../arm-none-eabi/lib/armv7-m\libcr_c.a(fpprintf.o) (_frexpl)
c:/nxp/mcuxpressoide_10.0.0_344/ide/tools/bin/../lib/gcc/arm-none-eabi/5.4.1/../../../../arm-none-eabi/lib/armv7-m\libcr_c.a(_ldexpl.o)
                              c:/nxp/mcuxpressoide_10.0.0_344/ide/tools/bin/../lib/gcc/arm-none-eabi/5.4.1/../../../../arm-none-eabi/lib/armv7-m\libcr_c.a(fpprintf.o) (_ldexpl)
c:/nxp/mcuxpressoide_10.0.0_344/ide/tools/bin/../lib/gcc/arm-none-eabi/5.4.1/../../../../arm-none-eabi/lib/armv7-m\libcr_c.a(_writebuf.o)
                              c:/nxp/mcuxpressoide_10.0.0_344/ide/tools/bin/../lib/gcc/arm-none-eabi/5.4.1/../../../../arm-none-eabi/lib/armv7-m\libcr_c.a(_deferredlazyseek.o) (_Cwritebuf)
c:/nxp/mcuxpressoide_10.0.0_344/ide/tools/bin/../lib/gcc/arm-none-eabi/5.4.1/../../../../arm-none-eabi/lib/armv7-m\libcr_c.a(alloc.o)
                              c:/nxp/mcuxpressoide_10.0.0_344/ide/tools/bin/../lib/gcc/arm-none-eabi/5.4.1/../../../../arm-none-eabi/lib/armv7-m\libcr_c.a(fpprintf.o) (malloc)
[...]
Memory Configuration

Name             Origin             Length             Attributes
MFlash512        0x00000000         0x00080000         xr
RamLoc32         0x10000000         0x00008000         xrw
RamAHB32         0x2007c000         0x00008000         xrw
*default*        0x00000000         0xffffffff

Linker script and memory map

LOAD ./Sensors.o
LOAD ./cr_startup_lpc17.o
LOAD ./main.o
LOAD ./optenc.o
LOAD ./ultsensor.o
LOAD C:\Users\sujee\Desktop\ARC\SJSU_Coursework\Spring_2017\295B\FreeRTOS_workfolder\SourceCode\FreeRTOS_workspac\CMSISv1p30_LPC17xx\Debug\libCMSISv1p30_LPC17xx.a
LOAD C:\Users\sujee\Desktop\ARC\SJSU_Coursework\Spring_2017\295B\FreeRTOS_workfolder\SourceCode\FreeRTOS_workspac\FreeRTOS_Library\Debug\libFreeRTOS_Library.a
START GROUP
LOAD c:/nxp/mcuxpressoide_10.0.0_344/ide/tools/bin/../lib/gcc/arm-none-eabi/5.4.1/../../../../arm-none-eabi/lib/armv7-m\libcr_semihost.a
LOAD c:/nxp/mcuxpressoide_10.0.0_344/ide/tools/bin/../lib/gcc/arm-none-eabi/5.4.1/../../../../arm-none-eabi/lib/armv7-m\libcr_c.a
LOAD c:/nxp/mcuxpressoide_10.0.0_344/ide/tools/bin/../lib/gcc/arm-none-eabi/5.4.1/armv7-m\libcr_eabihelpers.a
END GROUP
                0x00000000                __base_MFlash512 = 0x0
                0x00000000                __base_Flash = 0x0
                0x00080000                __top_MFlash512 = 0x80000
                0x00080000                __top_Flash = 0x80000
                0x10000000                __base_RamLoc32 = 0x10000000
                0x10000000                __base_RAM = 0x10000000
                0x10008000                __top_RamLoc32 = 0x10008000
                0x10008000                __top_RAM = 0x10008000
                0x2007c000                __base_RamAHB32 = 0x2007c000
                0x2007c000                __base_RAM2 = 0x2007c000
                0x20084000                __top_RamAHB32 = 0x20084000
                0x20084000                __top_RAM2 = 0x20084000

.text           0x00000000     0x3b50
 FILL mask 0xff
                0x00000000                __vectors_start__ = ABSOLUTE (.)
 *(.isr_vector)
 .isr_vector    0x00000000       0xc4 ./cr_startup_lpc17.o
                0x00000000                g_pfnVectors
                0x000000c4                . = ALIGN (0x4)
                0x000000c4                __section_table_start = .
                0x000000c4                __data_section_table = .
                0x000000c4        0x4 LONG 0x3b50 LOADADDR (.data)
                0x000000c8        0x4 LONG 0x10000000 ADDR (.data)
                0x000000cc        0x4 LONG 0x10 SIZEOF (.data)
                0x000000d0        0x4 LONG 0x3b50 LOADADDR (.data_RAM2)
                0x000000d4        0x4 LONG 0x2007c000 ADDR (.data_RAM2)
                0x000000d8        0x4 LONG 0x0 SIZEOF (.data_RAM2)
                0x000000dc                __data_section_table_end = .
                0x000000dc                __bss_section_table = .
                0x000000dc        0x4 LONG 0x10000010 ADDR (.bss)
                0x000000e0        0x4 LONG 0xb10 SIZEOF (.bss)
                0x000000e4        0x4 LONG 0x2007c000 ADDR (.bss_RAM2)
                0x000000e8        0x4 LONG 0x0 SIZEOF (.bss_RAM2)
                0x000000ec                __bss_section_table_end = .
                0x000000ec                __section_table_end = .
 *(.after_vectors*)
 *(.text*)
 .text.InitADC  0x000000ec       0x58 ./Sensors.o
                0x000000ec                InitADC
 .text.MAGSEN   0x00000144       0x80 ./Sensors.o
                0x00000144                MAGSEN
 .text.MAGSEN_Task
                0x000001c4       0x38 ./Sensors.o
                0x000001c4                MAGSEN_Task
 .text.Reset_Handler
                0x000001fc       0x68 ./cr_startup_lpc17.o
                0x000001fc                ResetISR
                0x000001fc                Reset_Handler
 .text.NMI_Handler
                0x00000264        0x8 ./cr_startup_lpc17.o
                0x00000264                NMI_Handler
 .text.HardFault_Handler
                0x0000026c        0x8 ./cr_startup_lpc17.o
                0x0000026c                HardFault_Handler
 .text.MemManage_Handler
                0x00000274        0x8 ./cr_startup_lpc17.o
                0x00000274                MemManage_Handler
 .text.BusFault_Handler
                0x0000027c        0x8 ./cr_startup_lpc17.o
                0x0000027c                BusFault_Handler
 .text.UsageFault_Handler
                0x00000284        0x8 ./cr_startup_lpc17.o
                0x00000284                UsageFault_Handler
 .text.DebugMon_Handler
                0x0000028c        0x8 ./cr_startup_lpc17.o
                0x0000028c                DebugMon_Handler
 .text.IntDefaultHandler
                0x00000294        0x8 ./cr_startup_lpc17.o
                0x00000294                RIT_IRQHandler
                0x00000294                I2C0_IRQHandler
                0x00000294                PWM1_IRQHandler
                0x00000294                I2C1_IRQHandler
                0x00000294                EINT2_IRQHandler
                0x00000294                UART1_IRQHandler
                0x00000294                TIMER3_IRQHandler
                0x00000294                UART0_IRQHandler
                0x00000294                PLL0_IRQHandler
                0x00000294                CAN_IRQHandler
                0x00000294                PLL1_IRQHandler
                0x00000294                SSP0_IRQHandler
                0x00000294                I2S_IRQHandler
                0x00000294                I2C2_IRQHandler
                0x00000294                RTC_IRQHandler
                0x00000294                SPI_IRQHandler
                0x00000294                EINT1_IRQHandler
                0x00000294                TIMER1_IRQHandler
                0x00000294                UART2_IRQHandler
                0x00000294                ADC_IRQHandler
                0x00000294                SSP1_IRQHandler
                0x00000294                USB_IRQHandler
                0x00000294                BOD_IRQHandler
                0x00000294                WDT_IRQHandler
                0x00000294                QEI_IRQHandler
                0x00000294                EINT0_IRQHandler
                0x00000294                DMA_IRQHandler
                0x00000294                UART3_IRQHandler
                0x00000294                MCPWM_IRQHandler
                0x00000294                ENET_IRQHandler
 .text.main     0x0000029c       0x6c ./main.o
                0x0000029c                main
 .text.TIMER0_IRQHandler
                0x00000308       0x30 ./optenc.o
                0x00000308                TIMER0_IRQHandler
 .text.NVIC_EnableIRQ
                0x00000338       0x30 ./ultsensor.o
 .text.NVIC_SetPriority
                0x00000368       0x54 ./ultsensor.o
 .text.getPrescalarForUs
                0x000003bc       0xa0 ./ultsensor.o
                0x000003bc                getPrescalarForUs
 .text.TIMER2_IRQHandler
                0x0000045c       0x2c ./ultsensor.o
                0x0000045c                TIMER2_IRQHandler
 .text.delay_us
                0x00000488       0x28 ./ultsensor.o
                0x00000488                delay_us
 .text.EINT3_IRQHandler
                0x000004b0       0x6c ./ultsensor.o
                0x000004b0                EINT3_IRQHandler
 .text.ULTSEN_init
                0x0000051c       0xcc ./ultsensor.o
                0x0000051c                ULTSEN_init
 .text.ULTSEN   0x000005e8       0xc0 ./ultsensor.o
                0x000005e8                ULTSEN
 .text.ULTSEN_Task
                0x000006a8       0x40 ./ultsensor.o
                0x000006a8                ULTSEN_Task
 .text.SystemInit
                0x000006e8      0x138 C:\Users\sujee\Desktop\ARC\SJSU_Coursework\Spring_2017\295B\FreeRTOS_workfolder\SourceCode\FreeRTOS_workspac\CMSISv1p30_LPC17xx\Debug\libCMSISv1p30_LPC17xx.a(system_LPC17xx.o)
                0x000006e8                SystemInit
 .text          0x00000820      0x12c C:\Users\sujee\Desktop\ARC\SJSU_Coursework\Spring_2017\295B\FreeRTOS_workfolder\SourceCode\FreeRTOS_workspac\FreeRTOS_Library\Debug\libFreeRTOS_Library.a(port.o)
                0x00000820                pxPortInitialiseStack
                0x0000083c                vPortSVCHandler
                0x0000085c                vPortStartFirstTask
                0x00000868                xPortStartScheduler
                0x000008a4                vPortEndScheduler
                0x000008a8                vPortYieldFromISR
                0x000008b8                vPortEnterCritical
                0x000008d0                vPortExitCritical
                0x000008e8                xPortPendSVHandler
                0x00000924                xPortSysTickHandler
 .text          0x0000094c      0xa70 C:\Users\sujee\Desktop\ARC\SJSU_Coursework\Spring_2017\295B\FreeRTOS_workfolder\SourceCode\FreeRTOS_workspac\FreeRTOS_Library\Debug\libFreeRTOS_Library.a(tasks.o)
                0x0000094c                xTaskGenericCreate
                0x00000ae4                vTaskDelete
                0x00000b4c                uxTaskPriorityGet
                0x00000b68                vTaskPrioritySet
                0x00000c00                xTaskIsTaskSuspended
                0x00000c24                vTaskResume
                0x00000c88                xTaskResumeFromISR
                0x00000cf8                vTaskStartScheduler
                0x00000d40                vTaskEndScheduler
                0x00000d5c                vTaskSuspendAll
                0x00000d70                xTaskGetTickCount
                0x00000d88                xTaskGetTickCountFromISR
                0x00000d94                uxTaskGetNumberOfTasks
                0x00000da0                vTaskIncrementTick
                0x00000e44                xTaskResumeAll
                0x00000f18                vTaskDelayUntil
                0x00000f98                vTaskDelay
                0x00001044                vTaskSwitchContext
                0x000010cc                vTaskSuspend
                0x00001174                vTaskPlaceOnEventList
                0x000011cc                xTaskRemoveFromEventList
                0x00001240                vTaskSetTimeOutState
                0x00001254                xTaskCheckForTimeOut
                0x000012b8                vTaskMissedYield
                0x000012c8                uxTaskGetStackHighWaterMark
                0x000012f4                xTaskGetCurrentTaskHandle
                0x00001300                vTaskPriorityInherit
                0x00001370                vTaskPriorityDisinherit
 .text          0x000013bc      0x114 C:\Users\sujee\Desktop\ARC\SJSU_Coursework\Spring_2017\295B\FreeRTOS_workfolder\SourceCode\FreeRTOS_workspac\FreeRTOS_Library\Debug\libFreeRTOS_Library.a(heap_2.o)
                0x000013bc                pvPortMalloc
                0x0000147c                vPortFree
                0x000014c0                xPortGetFreeHeapSize
                0x000014cc                vPortInitialiseBlocks
 .text          0x000014d0       0x9c C:\Users\sujee\Desktop\ARC\SJSU_Coursework\Spring_2017\295B\FreeRTOS_workfolder\SourceCode\FreeRTOS_workspac\FreeRTOS_Library\Debug\libFreeRTOS_Library.a(list.o)
                0x000014d0                vListInitialise
                0x000014e8                vListInitialiseItem
                0x000014f0                vListInsertEnd
                0x0000150c                vListInsert
                0x00001548                vListRemove
 .text.memset   0x0000156c        0x4 c:/nxp/mcuxpressoide_10.0.0_344/ide/tools/bin/../lib/gcc/arm-none-eabi/5.4.1/../../../../arm-none-eabi/lib/armv7-m\libcr_c.a(memset.o)
                0x0000156c                memset
 .text.fp_round
                0x00001570       0x4c c:/nxp/mcuxpressoide_10.0.0_344/ide/tools/bin/../lib/gcc/arm-none-eabi/5.4.1/../../../../arm-none-eabi/lib/armv7-m\libcr_c.a(fpprintf.o)
 .text.pr_dec.constprop.1
                0x000015bc       0x26 c:/nxp/mcuxpressoide_10.0.0_344/ide/tools/bin/../lib/gcc/arm-none-eabi/5.4.1/../../../../arm-none-eabi/lib/armv7-m\libcr_c.a(fpprintf.o)
 *fill*         0x000015e2        0x2 ff
 .text.sprintf  0x000015e4       0x6c c:/nxp/mcuxpressoide_10.0.0_344/ide/tools/bin/../lib/gcc/arm-none-eabi/5.4.1/../../../../arm-none-eabi/lib/armv7-m\libcr_c.a(fpprintf.o)
                0x000015e4                sprintf
 .text.fp_display
                0x00001650      0x8ec c:/nxp/mcuxpressoide_10.0.0_344/ide/tools/bin/../lib/gcc/arm-none-eabi/5.4.1/../../../../arm-none-eabi/lib/armv7-m\libcr_c.a(fpprintf.o)
 .text.vsnprintf
                0x00001f3c       0x5c c:/nxp/mcuxpressoide_10.0.0_344/ide/tools/bin/../lib/gcc/arm-none-eabi/5.4.1/../../../../arm-none-eabi/lib/armv7-m\libcr_c.a(fpprintf.o)
                0x00001f3c                vsnprintf
 .text.printf   0x00001f98       0x54 c:/nxp/mcuxpressoide_10.0.0_344/ide/tools/bin/../lib/gcc/arm-none-eabi/5.4.1/../../../../arm-none-eabi/lib/armv7-m\libcr_c.a(fpprintf.o)
                0x00001f98                printf
 .text.__vfprintf
                0x00001fec      0xd28 c:/nxp/mcuxpressoide_10.0.0_344/ide/tools/bin/../lib/gcc/arm-none-eabi/5.4.1/../../../../arm-none-eabi/lib/armv7-m\libcr_c.a(printf.o)
                0x00001fec                __vfprintf
 .text.strlen   0x00002d14       0x4a c:/nxp/mcuxpressoide_10.0.0_344/ide/tools/bin/../lib/gcc/arm-none-eabi/5.4.1/../../../../arm-none-eabi/lib/armv7-m\libcr_c.a(strlen.o)
                0x00002d14                strlen
 .text.strncpy  0x00002d5e       0x56 c:/nxp/mcuxpressoide_10.0.0_344/ide/tools/bin/../lib/gcc/arm-none-eabi/5.4.1/../../../../arm-none-eabi/lib/armv7-m\libcr_c.a(strncpy.o)
                0x00002d5e                strncpy
 .text._deferredlazyseek
                0x00002db4       0x40 c:/nxp/mcuxpressoide_10.0.0_344/ide/tools/bin/../lib/gcc/arm-none-eabi/5.4.1/../../../../arm-none-eabi/lib/armv7-m\libcr_c.a(_deferredlazyseek.o)
                0x00002db4                _deferredlazyseek
 .text.__flsbuf
                0x00002df4      0x13e c:/nxp/mcuxpressoide_10.0.0_344/ide/tools/bin/../lib/gcc/arm-none-eabi/5.4.1/../../../../arm-none-eabi/lib/armv7-m\libcr_c.a(_deferredlazyseek.o)
                0x00002df4                __flsbuf
 .text._fflush  0x00002f32       0x54 c:/nxp/mcuxpressoide_10.0.0_344/ide/tools/bin/../lib/gcc/arm-none-eabi/5.4.1/../../../../arm-none-eabi/lib/armv7-m\libcr_c.a(_fflush.o)
                0x00002f32                _fflush
 .text._frexpl  0x00002f86       0x5a c:/nxp/mcuxpressoide_10.0.0_344/ide/tools/bin/../lib/gcc/arm-none-eabi/5.4.1/../../../../arm-none-eabi/lib/armv7-m\libcr_c.a(_frexpl.o)
                0x00002f86                _frexpl
 .text._ldexpl  0x00002fe0       0x4c c:/nxp/mcuxpressoide_10.0.0_344/ide/tools/bin/../lib/gcc/arm-none-eabi/5.4.1/../../../../arm-none-eabi/lib/armv7-m\libcr_c.a(_ldexpl.o)
                0x00002fe0                _ldexpl
 .text._Cwritebuf
                0x0000302c       0x68 c:/nxp/mcuxpressoide_10.0.0_344/ide/tools/bin/../lib/gcc/arm-none-eabi/5.4.1/../../../../arm-none-eabi/lib/armv7-m\libcr_c.a(_writebuf.o)
                0x0000302c                _Cwritebuf
 .text.malloc   0x00003094       0xc8 c:/nxp/mcuxpressoide_10.0.0_344/ide/tools/bin/../lib/gcc/arm-none-eabi/5.4.1/../../../../arm-none-eabi/lib/armv7-m\libcr_c.a(alloc.o)
                0x00003094                malloc
 .text.free     0x0000315c       0x30 c:/nxp/mcuxpressoide_10.0.0_344/ide/tools/bin/../lib/gcc/arm-none-eabi/5.4.1/../../../../arm-none-eabi/lib/armv7-m\libcr_c.a(alloc.o)
                0x0000315c                free
 .text._Csys_alloc
                0x0000318c       0x20 c:/nxp/mcuxpressoide_10.0.0_344/ide/tools/bin/../lib/gcc/arm-none-eabi/5.4.1/../../../../arm-none-eabi/lib/armv7-m\libcr_c.a(alloc.o)
                0x0000318c                _Csys_alloc
 .text.fseek    0x000031ac      0x100 c:/nxp/mcuxpressoide_10.0.0_344/ide/tools/bin/../lib/gcc/arm-none-eabi/5.4.1/../../../../arm-none-eabi/lib/armv7-m\libcr_c.a(fseek.o)
                0x000031ac                fseek
 .text.ftell    0x000032ac       0x48 c:/nxp/mcuxpressoide_10.0.0_344/ide/tools/bin/../lib/gcc/arm-none-eabi/5.4.1/../../../../arm-none-eabi/lib/armv7-m\libcr_c.a(ftell.o)
                0x000032ac                ftell
 .text._sbrk    0x000032f4       0x40 c:/nxp/mcuxpressoide_10.0.0_344/ide/tools/bin/../lib/gcc/arm-none-eabi/5.4.1/../../../../arm-none-eabi/lib/armv7-m\libcr_c.a(_cr_sbrk.o)
                0x000032f4                _sbrk
 .text.__check_heap_overflow
                0x00003334       0x18 c:/nxp/mcuxpressoide_10.0.0_344/ide/tools/bin/../lib/gcc/arm-none-eabi/5.4.1/../../../../arm-none-eabi/lib/armv7-m\libcr_c.a(_cr_check_heap.o)
                0x00003334                __check_heap_overflow
 .text.__aeabi_dmul
                0x0000334c      0x110 c:/nxp/mcuxpressoide_10.0.0_344/ide/tools/bin/../lib/gcc/arm-none-eabi/5.4.1/armv7-m\libcr_eabihelpers.a(double.o)
                0x0000334c                __aeabi_dmul
 .text.__aeabi_ddiv
                0x0000345c      0x138 c:/nxp/mcuxpressoide_10.0.0_344/ide/tools/bin/../lib/gcc/arm-none-eabi/5.4.1/armv7-m\libcr_eabihelpers.a(double.o)
                0x0000345c                __aeabi_ddiv
 .text.__aeabi_dsub
                0x00003594      0x1a0 c:/nxp/mcuxpressoide_10.0.0_344/ide/tools/bin/../lib/gcc/arm-none-eabi/5.4.1/armv7-m\libcr_eabihelpers.a(double.o)
                0x00003594                __aeabi_dsub
 .text.__aeabi_dadd
                0x00003734      0x10c c:/nxp/mcuxpressoide_10.0.0_344/ide/tools/bin/../lib/gcc/arm-none-eabi/5.4.1/armv7-m\libcr_eabihelpers.a(double.o)
                0x00003734                __aeabi_dadd
 .text.__aeabi_d2iz
                0x00003840       0x40 c:/nxp/mcuxpressoide_10.0.0_344/ide/tools/bin/../lib/gcc/arm-none-eabi/5.4.1/armv7-m\libcr_eabihelpers.a(double.o)
                0x00003840                __aeabi_d2iz
 .text.__bhs_ui2d
                0x00003880       0x46 c:/nxp/mcuxpressoide_10.0.0_344/ide/tools/bin/../lib/gcc/arm-none-eabi/5.4.1/armv7-m\libcr_eabihelpers.a(double.o)
                0x00003880                __bhs_ui2d
 .text.__aeabi_i2d
                0x000038c6       0x10 c:/nxp/mcuxpressoide_10.0.0_344/ide/tools/bin/../lib/gcc/arm-none-eabi/5.4.1/armv7-m\libcr_eabihelpers.a(double.o)
                0x000038c6                __aeabi_i2d
 .text.__aeabi_dcmpeq
                0x000038d6       0x2c c:/nxp/mcuxpressoide_10.0.0_344/ide/tools/bin/../lib/gcc/arm-none-eabi/5.4.1/armv7-m\libcr_eabihelpers.a(double.o)
                0x000038d6                __aeabi_dcmpeq
 .text.__aeabi_dcmplt
                0x00003902       0x54 c:/nxp/mcuxpressoide_10.0.0_344/ide/tools/bin/../lib/gcc/arm-none-eabi/5.4.1/armv7-m\libcr_eabihelpers.a(double.o)
                0x00003902                __aeabi_dcmplt
 .text.__aeabi_dcmple
                0x00003956       0x54 c:/nxp/mcuxpressoide_10.0.0_344/ide/tools/bin/../lib/gcc/arm-none-eabi/5.4.1/armv7-m\libcr_eabihelpers.a(double.o)
                0x00003956                __aeabi_dcmple
 .text.__aeabi_dcmpge
                0x000039aa       0x54 c:/nxp/mcuxpressoide_10.0.0_344/ide/tools/bin/../lib/gcc/arm-none-eabi/5.4.1/armv7-m\libcr_eabihelpers.a(double.o)
                0x000039aa                __aeabi_dcmpge
 .text.__aeabi_memset_lowlevel
                0x000039fe       0x32 c:/nxp/mcuxpressoide_10.0.0_344/ide/tools/bin/../lib/gcc/arm-none-eabi/5.4.1/armv7-m\libcr_eabihelpers.a(memcpy.o)
                0x000039fe                __aeabi_lowlevel_memset
 .text.__sys_appexit
                0x00003a30        0xc c:/nxp/mcuxpressoide_10.0.0_344/ide/tools/bin/../lib/gcc/arm-none-eabi/5.4.1/../../../../arm-none-eabi/lib/armv7-m\libcr_semihost.a(__sys_appexit.o)
                0x00003a30                __sys_appexit
                0x00003a30                __exit
 .text.__sys_flen
                0x00003a3c        0xc c:/nxp/mcuxpressoide_10.0.0_344/ide/tools/bin/../lib/gcc/arm-none-eabi/5.4.1/../../../../arm-none-eabi/lib/armv7-m\libcr_semihost.a(__sys_flen.o)
                0x00003a3c                __sys_flen
 .text.__sys_istty
                0x00003a48        0xc c:/nxp/mcuxpressoide_10.0.0_344/ide/tools/bin/../lib/gcc/arm-none-eabi/5.4.1/../../../../arm-none-eabi/lib/armv7-m\libcr_semihost.a(__sys_istty.o)
                0x00003a48                __sys_istty
 .text.__sys_seek
                0x00003a54        0xc c:/nxp/mcuxpressoide_10.0.0_344/ide/tools/bin/../lib/gcc/arm-none-eabi/5.4.1/../../../../arm-none-eabi/lib/armv7-m\libcr_semihost.a(__sys_seek.o)
                0x00003a54                __sys_seek
 .text.__sys_write
                0x00003a60        0xc c:/nxp/mcuxpressoide_10.0.0_344/ide/tools/bin/../lib/gcc/arm-none-eabi/5.4.1/../../../../arm-none-eabi/lib/armv7-m\libcr_semihost.a(__sys_write.o)
                0x00003a60                __sys_write
 *(.rodata .rodata.* .constdata .constdata.*)
 .rodata        0x00003a6c       0x3e ./main.o
 *fill*         0x00003aaa        0x2 ff
 .rodata        0x00003aac       0x12 ./ultsensor.o
 *fill*         0x00003abe        0x2 ff
 .rodata.str1.4
                0x00003ac0        0x8 C:\Users\sujee\Desktop\ARC\SJSU_Coursework\Spring_2017\295B\FreeRTOS_workfolder\SourceCode\FreeRTOS_workspac\FreeRTOS_Library\Debug\libFreeRTOS_Library.a(tasks.o)
                                  0x5 (size before relaxing)
 .rodata.str1.1
                0x00003ac8       0x34 c:/nxp/mcuxpressoide_10.0.0_344/ide/tools/bin/../lib/gcc/arm-none-eabi/5.4.1/../../../../arm-none-eabi/lib/armv7-m\libcr_c.a(fpprintf.o)
                                 0x35 (size before relaxing)
 .rodata.str1.1
                0x00003afc       0x31 c:/nxp/mcuxpressoide_10.0.0_344/ide/tools/bin/../lib/gcc/arm-none-eabi/5.4.1/../../../../arm-none-eabi/lib/armv7-m\libcr_c.a(printf.o)
                                 0x38 (size before relaxing)
 .rodata.str1.1
                0x00003b2d       0x18 c:/nxp/mcuxpressoide_10.0.0_344/ide/tools/bin/../lib/gcc/arm-none-eabi/5.4.1/../../../../arm-none-eabi/lib/armv7-m\libcr_c.a(alloc.o)
 *fill*         0x00003b45        0x3 ff
 .rodata.__huge_vall
                0x00003b48        0x8 c:/nxp/mcuxpressoide_10.0.0_344/ide/tools/bin/../lib/gcc/arm-none-eabi/5.4.1/../../../../arm-none-eabi/lib/armv7-m\libcr_c.a(_hugeval.o)
                0x00003b48                __huge_vall
                0x00003b50                . = ALIGN (0x4)

.glue_7         0x00003b50        0x0
 .glue_7        0x00003b50        0x0 linker stubs

.glue_7t        0x00003b50        0x0
 .glue_7t       0x00003b50        0x0 linker stubs

.vfp11_veneer   0x00003b50        0x0
 .vfp11_veneer  0x00003b50        0x0 linker stubs

.v4_bx          0x00003b50        0x0
 .v4_bx         0x00003b50        0x0 linker stubs

.iplt           0x00003b50        0x0
 .iplt          0x00003b50        0x0 ./Sensors.o

.rel.dyn        0x00003b50        0x0
 .rel.iplt      0x00003b50        0x0 ./Sensors.o

.ARM.extab
 *(.ARM.extab* .gnu.linkonce.armextab.*)
                0x00003b50                __exidx_start = .

.ARM.exidx
 *(.ARM.exidx* .gnu.linkonce.armexidx.*)
                0x00003b50                __exidx_end = .
                0x00003b50                _etext = .

.data_RAM2      0x2007c000        0x0 load address 0x00003b50
 FILL mask 0xff
                [!provide]                PROVIDE (__start_data_RAM2, .)
 *(.ramfunc.$RAM2)
 *(.ramfunc.$RamAHB32)
 *(.data.$RAM2*)
 *(.data.$RamAHB32*)
                0x2007c000                . = ALIGN (0x4)
                [!provide]                PROVIDE (__end_data_RAM2, .)

.uninit_RESERVED
                0x10000000        0x0
 *(.bss.$RESERVED*)
                0x10000000                . = ALIGN (0x4)
                0x10000000                _end_uninit_RESERVED = .

.data           0x10000000       0x10 load address 0x00003b50
 FILL mask 0xff
                0x10000000                _data = .
 *(vtable)
 *(.ramfunc*)
 *(.data*)
 .data          0x10000000        0x4 ./optenc.o
 .data          0x10000004        0x4 C:\Users\sujee\Desktop\ARC\SJSU_Coursework\Spring_2017\295B\FreeRTOS_workfolder\SourceCode\FreeRTOS_workspac\CMSISv1p30_LPC17xx\Debug\libCMSISv1p30_LPC17xx.a(system_LPC17xx.o)
                0x10000004                SystemCoreClock
 .data          0x10000008        0x4 C:\Users\sujee\Desktop\ARC\SJSU_Coursework\Spring_2017\295B\FreeRTOS_workfolder\SourceCode\FreeRTOS_workspac\FreeRTOS_Library\Debug\libFreeRTOS_Library.a(port.o)
 .data          0x1000000c        0x4 C:\Users\sujee\Desktop\ARC\SJSU_Coursework\Spring_2017\295B\FreeRTOS_workfolder\SourceCode\FreeRTOS_workspac\FreeRTOS_Library\Debug\libFreeRTOS_Library.a(heap_2.o)
                0x10000010                . = ALIGN (0x4)
                0x10000010                _edata = .

.igot.plt       0x10000010        0x0 load address 0x00003b60
 .igot.plt      0x10000010        0x0 ./Sensors.o

.bss_RAM2       0x2007c000        0x0
                [!provide]                PROVIDE (__start_bss_RAM2, .)
 *(.bss.$RAM2*)
 *(.bss.$RamAHB32*)
                0x2007c000                . = ALIGN ((. != 0x0)?0x4:0x1)
                [!provide]                PROVIDE (__end_bss_RAM2, .)

.bss            0x10000010      0xb10
                0x10000010                _bss = .
 *(.bss*)
 .bss           0x10000010      0x100 C:\Users\sujee\Desktop\ARC\SJSU_Coursework\Spring_2017\295B\FreeRTOS_workfolder\SourceCode\FreeRTOS_workspac\FreeRTOS_Library\Debug\libFreeRTOS_Library.a(tasks.o)
                0x10000014                pxCurrentTCB
 .bss           0x10000110      0x818 C:\Users\sujee\Desktop\ARC\SJSU_Coursework\Spring_2017\295B\FreeRTOS_workfolder\SourceCode\FreeRTOS_workspac\FreeRTOS_Library\Debug\libFreeRTOS_Library.a(heap_2.o)
 .bss.errno     0x10000928        0x4 c:/nxp/mcuxpressoide_10.0.0_344/ide/tools/bin/../lib/gcc/arm-none-eabi/5.4.1/../../../../arm-none-eabi/lib/armv7-m\libcr_c.a(errno.o)
                0x10000928                errno
 .bss.__heaps   0x1000092c        0x4 c:/nxp/mcuxpressoide_10.0.0_344/ide/tools/bin/../lib/gcc/arm-none-eabi/5.4.1/../../../../arm-none-eabi/lib/armv7-m\libcr_c.a(__init_alloc.o)
                0x1000092c                __heaps
 .bss.__end_of_heap
                0x10000930        0x4 c:/nxp/mcuxpressoide_10.0.0_344/ide/tools/bin/../lib/gcc/arm-none-eabi/5.4.1/../../../../arm-none-eabi/lib/armv7-m\libcr_c.a(__init_alloc.o)
                0x10000930                __end_of_heap
 .bss.__Ciob    0x10000934      0x1e0 c:/nxp/mcuxpressoide_10.0.0_344/ide/tools/bin/../lib/gcc/arm-none-eabi/5.4.1/../../../../arm-none-eabi/lib/armv7-m\libcr_semihost.a(__ciob.o)
                0x10000934                __Ciob
 *(COMMON)
 COMMON         0x10000b14        0xc ./main.o
                0x10000b14                Ult
                0x10000b20                . = ALIGN (0x4)
                0x10000b20                _ebss = .
                [!provide]                PROVIDE (end, .)

.noinit_RAM2    0x2007c000        0x0
 *(.noinit.$RAM2*)
 *(.noinit.$RamAHB32*)
                0x2007c000                . = ALIGN (0x4)

.noinit         0x10000b20        0x0
                0x10000b20                _noinit = .
 *(.noinit*)
                0x10000b20                . = ALIGN (0x4)
                0x10000b20                _end_noinit = .
                0x10000b20                PROVIDE (_pvHeapStart, DEFINED (__user_heap_base)?__user_heap_base:.)
                0x10008000                PROVIDE (_vStackTop, DEFINED (__user_stack_top)?__user_stack_top:(__top_RamLoc32 - 0x0))
                [!provide]                PROVIDE (__valid_user_code_checksum, (0x0 - ((((((_vStackTop + (ResetISR + 0x1)) + (NMI_Handler + 0x1)) + (HardFault_Handler + 0x1)) + (DEFINED (MemManage_Handler)?MemManage_Handler:0x0 + 0x1)) + (DEFINED (BusFault_Handler)?BusFault_Handler:0x0 + 0x1)) + (DEFINED (UsageFault_Handler)?UsageFault_Handler:0x0 + 0x1))))
OUTPUT(SimpleDemo.axf elf32-littlearm)

.debug_info     0x00000000     0x41dc
 .debug_info    0x00000000      0x605 ./Sensors.o
 .debug_info    0x00000605      0x1c4 ./cr_startup_lpc17.o
 .debug_info    0x000007c9      0x1b5 ./main.o
 .debug_info    0x0000097e      0xbdf ./optenc.o
 .debug_info    0x0000155d      0xcf1 ./ultsensor.o
 .debug_info    0x0000224e      0x2e3 C:\Users\sujee\Desktop\ARC\SJSU_Coursework\Spring_2017\295B\FreeRTOS_workfolder\SourceCode\FreeRTOS_workspac\CMSISv1p30_LPC17xx\Debug\libCMSISv1p30_LPC17xx.a(system_LPC17xx.o)
 .debug_info    0x00002531      0x211 C:\Users\sujee\Desktop\ARC\SJSU_Coursework\Spring_2017\295B\FreeRTOS_workfolder\SourceCode\FreeRTOS_workspac\FreeRTOS_Library\Debug\libFreeRTOS_Library.a(port.o)
 .debug_info    0x00002742     0x1503 C:\Users\sujee\Desktop\ARC\SJSU_Coursework\Spring_2017\295B\FreeRTOS_workfolder\SourceCode\FreeRTOS_workspac\FreeRTOS_Library\Debug\libFreeRTOS_Library.a(tasks.o)
 .debug_info    0x00003c45      0x300 C:\Users\sujee\Desktop\ARC\SJSU_Coursework\Spring_2017\295B\FreeRTOS_workfolder\SourceCode\FreeRTOS_workspac\FreeRTOS_Library\Debug\libFreeRTOS_Library.a(heap_2.o)
 .debug_info    0x00003f45      0x297 C:\Users\sujee\Desktop\ARC\SJSU_Coursework\Spring_2017\295B\FreeRTOS_workfolder\SourceCode\FreeRTOS_workspac\FreeRTOS_Library\Debug\libFreeRTOS_Library.a(list.o)

.debug_abbrev   0x00000000      0xec0
 .debug_abbrev  0x00000000      0x152 ./Sensors.o
 .debug_abbrev  0x00000152       0xde ./cr_startup_lpc17.o
 .debug_abbrev  0x00000230       0xc2 ./main.o
 .debug_abbrev  0x000002f2      0x221 ./optenc.o
 .debug_abbrev  0x00000513      0x27a ./ultsensor.o
 .debug_abbrev  0x0000078d       0xce C:\Users\sujee\Desktop\ARC\SJSU_Coursework\Spring_2017\295B\FreeRTOS_workfolder\SourceCode\FreeRTOS_workspac\CMSISv1p30_LPC17xx\Debug\libCMSISv1p30_LPC17xx.a(system_LPC17xx.o)
 .debug_abbrev  0x0000085b      0x14e C:\Users\sujee\Desktop\ARC\SJSU_Coursework\Spring_2017\295B\FreeRTOS_workfolder\SourceCode\FreeRTOS_workspac\FreeRTOS_Library\Debug\libFreeRTOS_Library.a(port.o)
 .debug_abbrev  0x000009a9      0x2a3 C:\Users\sujee\Desktop\ARC\SJSU_Coursework\Spring_2017\295B\FreeRTOS_workfolder\SourceCode\FreeRTOS_workspac\FreeRTOS_Library\Debug\libFreeRTOS_Library.a(tasks.o)
 .debug_abbrev  0x00000c4c      0x1ad C:\Users\sujee\Desktop\ARC\SJSU_Coursework\Spring_2017\295B\FreeRTOS_workfolder\SourceCode\FreeRTOS_workspac\FreeRTOS_Library\Debug\libFreeRTOS_Library.a(heap_2.o)
 .debug_abbrev  0x00000df9       0xc7 C:\Users\sujee\Desktop\ARC\SJSU_Coursework\Spring_2017\295B\FreeRTOS_workfolder\SourceCode\FreeRTOS_workspac\FreeRTOS_Library\Debug\libFreeRTOS_Library.a(list.o)

.debug_aranges  0x00000000      0x220
 .debug_aranges
                0x00000000       0x30 ./Sensors.o
 .debug_aranges
                0x00000030       0x70 ./cr_startup_lpc17.o
 .debug_aranges
                0x000000a0       0x20 ./main.o
 .debug_aranges
                0x000000c0       0x58 ./optenc.o
 .debug_aranges
                0x00000118       0x60 ./ultsensor.o
 .debug_aranges
                0x00000178       0x28 C:\Users\sujee\Desktop\ARC\SJSU_Coursework\Spring_2017\295B\FreeRTOS_workfolder\SourceCode\FreeRTOS_workspac\CMSISv1p30_LPC17xx\Debug\libCMSISv1p30_LPC17xx.a(system_LPC17xx.o)
 .debug_aranges
                0x000001a0       0x20 C:\Users\sujee\Desktop\ARC\SJSU_Coursework\Spring_2017\295B\FreeRTOS_workfolder\SourceCode\FreeRTOS_workspac\FreeRTOS_Library\Debug\libFreeRTOS_Library.a(port.o)
 .debug_aranges
                0x000001c0       0x20 C:\Users\sujee\Desktop\ARC\SJSU_Coursework\Spring_2017\295B\FreeRTOS_workfolder\SourceCode\FreeRTOS_workspac\FreeRTOS_Library\Debug\libFreeRTOS_Library.a(tasks.o)
 .debug_aranges
                0x000001e0       0x20 C:\Users\sujee\Desktop\ARC\SJSU_Coursework\Spring_2017\295B\FreeRTOS_workfolder\SourceCode\FreeRTOS_workspac\FreeRTOS_Library\Debug\libFreeRTOS_Library.a(heap_2.o)
 .debug_aranges
                0x00000200       0x20 C:\Users\sujee\Desktop\ARC\SJSU_Coursework\Spring_2017\295B\FreeRTOS_workfolder\SourceCode\FreeRTOS_workspac\FreeRTOS_Library\Debug\libFreeRTOS_Library.a(list.o)

.debug_ranges   0x00000000      0x198
 .debug_ranges  0x00000000       0x20 ./Sensors.o
 .debug_ranges  0x00000020       0x60 ./cr_startup_lpc17.o
 .debug_ranges  0x00000080       0x10 ./main.o
 .debug_ranges  0x00000090       0x48 ./optenc.o
 .debug_ranges  0x000000d8       0x50 ./ultsensor.o
 .debug_ranges  0x00000128       0x18 C:\Users\sujee\Desktop\ARC\SJSU_Coursework\Spring_2017\295B\FreeRTOS_workfolder\SourceCode\FreeRTOS_workspac\CMSISv1p30_LPC17xx\Debug\libCMSISv1p30_LPC17xx.a(system_LPC17xx.o)
 .debug_ranges  0x00000140       0x10 C:\Users\sujee\Desktop\ARC\SJSU_Coursework\Spring_2017\295B\FreeRTOS_workfolder\SourceCode\FreeRTOS_workspac\FreeRTOS_Library\Debug\libFreeRTOS_Library.a(port.o)
 .debug_ranges  0x00000150       0x48 C:\Users\sujee\Desktop\ARC\SJSU_Coursework\Spring_2017\295B\FreeRTOS_workfolder\SourceCode\FreeRTOS_workspac\FreeRTOS_Library\Debug\libFreeRTOS_Library.a(tasks.o)

.debug_macro    0x00000000     0x4496
 .debug_macro   0x00000000       0xf4 ./Sensors.o
 .debug_macro   0x000000f4      0x880 ./Sensors.o
 .debug_macro   0x00000974       0x10 ./Sensors.o
 .debug_macro   0x00000984      0x12d ./Sensors.o
 .debug_macro   0x00000ab1      0x5b2 ./Sensors.o
 .debug_macro   0x00001063       0x16 ./Sensors.o
 .debug_macro   0x00001079       0x46 ./Sensors.o
 .debug_macro   0x000010bf       0x1c ./Sensors.o
 .debug_macro   0x000010db      0x7d5 ./Sensors.o
 .debug_macro   0x000018b0      0x2c7 ./Sensors.o
 .debug_macro   0x00001b77       0xca ./Sensors.o
 .debug_macro   0x00001c41       0xa3 ./Sensors.o
 .debug_macro   0x00001ce4       0x12 ./Sensors.o
 .debug_macro   0x00001cf6       0x1e ./Sensors.o
 .debug_macro   0x00001d14      0x15b ./Sensors.o
 .debug_macro   0x00001e6f       0x42 ./Sensors.o
 .debug_macro   0x00001eb1       0x56 ./Sensors.o
 .debug_macro   0x00001f07       0x40 ./Sensors.o
 .debug_macro   0x00001f47       0x9a ./Sensors.o
 .debug_macro   0x00001fe1       0x52 ./cr_startup_lpc17.o
 .debug_macro   0x00002033      0x16c ./main.o
 .debug_macro   0x0000219f       0x22 ./main.o
 .debug_macro   0x000021c1      0x7b7 ./main.o
 .debug_macro   0x00002978       0x6a ./main.o
 .debug_macro   0x000029e2       0x62 ./main.o
 .debug_macro   0x00002a44       0x1c ./main.o
 .debug_macro   0x00002a60       0x40 ./main.o
 .debug_macro   0x00002aa0       0x4c ./main.o
 .debug_macro   0x00002aec      0x11f ./optenc.o
 .debug_macro   0x00002c0b      0x11f ./ultsensor.o
 .debug_macro   0x00002d2a      0x113 C:\Users\sujee\Desktop\ARC\SJSU_Coursework\Spring_2017\295B\FreeRTOS_workfolder\SourceCode\FreeRTOS_workspac\CMSISv1p30_LPC17xx\Debug\libCMSISv1p30_LPC17xx.a(system_LPC17xx.o)
 .debug_macro   0x00002e3d      0x880 C:\Users\sujee\Desktop\ARC\SJSU_Coursework\Spring_2017\295B\FreeRTOS_workfolder\SourceCode\FreeRTOS_workspac\CMSISv1p30_LPC17xx\Debug\libCMSISv1p30_LPC17xx.a(system_LPC17xx.o)
 .debug_macro   0x000036bd      0x119 C:\Users\sujee\Desktop\ARC\SJSU_Coursework\Spring_2017\295B\FreeRTOS_workfolder\SourceCode\FreeRTOS_workspac\FreeRTOS_Library\Debug\libFreeRTOS_Library.a(port.o)
 .debug_macro   0x000037d6      0x874 C:\Users\sujee\Desktop\ARC\SJSU_Coursework\Spring_2017\295B\FreeRTOS_workfolder\SourceCode\FreeRTOS_workspac\FreeRTOS_Library\Debug\libFreeRTOS_Library.a(port.o)
 .debug_macro   0x0000404a      0x166 C:\Users\sujee\Desktop\ARC\SJSU_Coursework\Spring_2017\295B\FreeRTOS_workfolder\SourceCode\FreeRTOS_workspac\FreeRTOS_Library\Debug\libFreeRTOS_Library.a(tasks.o)
 .debug_macro   0x000041b0       0xa0 C:\Users\sujee\Desktop\ARC\SJSU_Coursework\Spring_2017\295B\FreeRTOS_workfolder\SourceCode\FreeRTOS_workspac\FreeRTOS_Library\Debug\libFreeRTOS_Library.a(tasks.o)
 .debug_macro   0x00004250       0x22 C:\Users\sujee\Desktop\ARC\SJSU_Coursework\Spring_2017\295B\FreeRTOS_workfolder\SourceCode\FreeRTOS_workspac\FreeRTOS_Library\Debug\libFreeRTOS_Library.a(tasks.o)
 .debug_macro   0x00004272       0x16 C:\Users\sujee\Desktop\ARC\SJSU_Coursework\Spring_2017\295B\FreeRTOS_workfolder\SourceCode\FreeRTOS_workspac\FreeRTOS_Library\Debug\libFreeRTOS_Library.a(tasks.o)
 .debug_macro   0x00004288      0x10a C:\Users\sujee\Desktop\ARC\SJSU_Coursework\Spring_2017\295B\FreeRTOS_workfolder\SourceCode\FreeRTOS_workspac\FreeRTOS_Library\Debug\libFreeRTOS_Library.a(heap_2.o)
 .debug_macro   0x00004392       0x28 C:\Users\sujee\Desktop\ARC\SJSU_Coursework\Spring_2017\295B\FreeRTOS_workfolder\SourceCode\FreeRTOS_workspac\FreeRTOS_Library\Debug\libFreeRTOS_Library.a(heap_2.o)
 .debug_macro   0x000043ba       0xdc C:\Users\sujee\Desktop\ARC\SJSU_Coursework\Spring_2017\295B\FreeRTOS_workfolder\SourceCode\FreeRTOS_workspac\FreeRTOS_Library\Debug\libFreeRTOS_Library.a(list.o)

.debug_line     0x00000000     0x2897
 .debug_line    0x00000000      0x405 ./Sensors.o
 .debug_line    0x00000405      0x27e ./cr_startup_lpc17.o
 .debug_line    0x00000683      0x413 ./main.o
 .debug_line    0x00000a96      0x4a6 ./optenc.o
 .debug_line    0x00000f3c      0x4d6 ./ultsensor.o
 .debug_line    0x00001412      0x22a C:\Users\sujee\Desktop\ARC\SJSU_Coursework\Spring_2017\295B\FreeRTOS_workfolder\SourceCode\FreeRTOS_workspac\CMSISv1p30_LPC17xx\Debug\libCMSISv1p30_LPC17xx.a(system_LPC17xx.o)
 .debug_line    0x0000163c      0x3e2 C:\Users\sujee\Desktop\ARC\SJSU_Coursework\Spring_2017\295B\FreeRTOS_workfolder\SourceCode\FreeRTOS_workspac\FreeRTOS_Library\Debug\libFreeRTOS_Library.a(port.o)
 .debug_line    0x00001a1e      0x68d C:\Users\sujee\Desktop\ARC\SJSU_Coursework\Spring_2017\295B\FreeRTOS_workfolder\SourceCode\FreeRTOS_workspac\FreeRTOS_Library\Debug\libFreeRTOS_Library.a(tasks.o)
 .debug_line    0x000020ab      0x413 C:\Users\sujee\Desktop\ARC\SJSU_Coursework\Spring_2017\295B\FreeRTOS_workfolder\SourceCode\FreeRTOS_workspac\FreeRTOS_Library\Debug\libFreeRTOS_Library.a(heap_2.o)
 .debug_line    0x000024be      0x3d9 C:\Users\sujee\Desktop\ARC\SJSU_Coursework\Spring_2017\295B\FreeRTOS_workfolder\SourceCode\FreeRTOS_workspac\FreeRTOS_Library\Debug\libFreeRTOS_Library.a(list.o)

.debug_str      0x00000000     0xc8cf
 .debug_str     0x00000000     0x99c5 ./Sensors.o
                               0x9a50 (size before relaxing)
 .debug_str     0x000099c5      0x14c ./cr_startup_lpc17.o
                               0x3d18 (size before relaxing)
 .debug_str     0x00009b11      0xecc ./main.o
                               0xa5cf (size before relaxing)
 .debug_str     0x0000a9dd      0x400 ./optenc.o
                               0xaa27 (size before relaxing)
 .debug_str     0x0000addd      0x18c ./ultsensor.o
                               0xaa27 (size before relaxing)
 .debug_str     0x0000af69      0x414 C:\Users\sujee\Desktop\ARC\SJSU_Coursework\Spring_2017\295B\FreeRTOS_workfolder\SourceCode\FreeRTOS_workspac\CMSISv1p30_LPC17xx\Debug\libCMSISv1p30_LPC17xx.a(system_LPC17xx.o)
                               0x7f89 (size before relaxing)
 .debug_str     0x0000b37d      0x4a7 C:\Users\sujee\Desktop\ARC\SJSU_Coursework\Spring_2017\295B\FreeRTOS_workfolder\SourceCode\FreeRTOS_workspac\FreeRTOS_Library\Debug\libFreeRTOS_Library.a(port.o)
                               0x9776 (size before relaxing)
 .debug_str     0x0000b824      0xc22 C:\Users\sujee\Desktop\ARC\SJSU_Coursework\Spring_2017\295B\FreeRTOS_workfolder\SourceCode\FreeRTOS_workspac\FreeRTOS_Library\Debug\libFreeRTOS_Library.a(tasks.o)
                               0xa37a (size before relaxing)
 .debug_str     0x0000c446      0x442 C:\Users\sujee\Desktop\ARC\SJSU_Coursework\Spring_2017\295B\FreeRTOS_workfolder\SourceCode\FreeRTOS_workspac\FreeRTOS_Library\Debug\libFreeRTOS_Library.a(heap_2.o)
                               0x9907 (size before relaxing)
 .debug_str     0x0000c888       0x47 C:\Users\sujee\Desktop\ARC\SJSU_Coursework\Spring_2017\295B\FreeRTOS_workfolder\SourceCode\FreeRTOS_workspac\FreeRTOS_Library\Debug\libFreeRTOS_Library.a(list.o)
                               0x9252 (size before relaxing)

.comment        0x00000000       0x6e
 .comment       0x00000000       0x6e ./Sensors.o
                                 0x6f (size before relaxing)
 .comment       0x0000006e       0x6f ./cr_startup_lpc17.o
 .comment       0x0000006e       0x6f ./main.o
 .comment       0x0000006e       0x6f ./optenc.o
 .comment       0x0000006e       0x6f ./ultsensor.o
 .comment       0x0000006e       0x6f C:\Users\sujee\Desktop\ARC\SJSU_Coursework\Spring_2017\295B\FreeRTOS_workfolder\SourceCode\FreeRTOS_workspac\CMSISv1p30_LPC17xx\Debug\libCMSISv1p30_LPC17xx.a(system_LPC17xx.o)
 .comment       0x0000006e       0x6f C:\Users\sujee\Desktop\ARC\SJSU_Coursework\Spring_2017\295B\FreeRTOS_workfolder\SourceCode\FreeRTOS_workspac\FreeRTOS_Library\Debug\libFreeRTOS_Library.a(port.o)
 .comment       0x0000006e       0x6f C:\Users\sujee\Desktop\ARC\SJSU_Coursework\Spring_2017\295B\FreeRTOS_workfolder\SourceCode\FreeRTOS_workspac\FreeRTOS_Library\Debug\libFreeRTOS_Library.a(tasks.o)
 .comment       0x0000006e       0x6f C:\Users\sujee\Desktop\ARC\SJSU_Coursework\Spring_2017\295B\FreeRTOS_workfolder\SourceCode\FreeRTOS_workspac\FreeRTOS_Library\Debug\libFreeRTOS_Library.a(heap_2.o)
 .comment       0x0000006e       0x6f C:\Users\sujee\Desktop\ARC\SJSU_Coursework\Spring_2017\295B\FreeRTOS_workfolder\SourceCode\FreeRTOS_workspac\FreeRTOS_Library\Debug\libFreeRTOS_Library.a(list.o)
 .comment       0x0000006e       0x6f c:/nxp/mcuxpressoide_10.0.0_344/ide/tools/bin/../lib/gcc/arm-none-eabi/5.4.1/../../../../arm-none-eabi/lib/armv7-m\libcr_c.a(memset.o)
 .comment       0x0000006e       0x6f c:/nxp/mcuxpressoide_10.0.0_344/ide/tools/bin/../lib/gcc/arm-none-eabi/5.4.1/../../../../arm-none-eabi/lib/armv7-m\libcr_c.a(fpprintf.o)
 .comment       0x0000006e       0x6f c:/nxp/mcuxpressoide_10.0.0_344/ide/tools/bin/../lib/gcc/arm-none-eabi/5.4.1/../../../../arm-none-eabi/lib/armv7-m\libcr_c.a(printf.o)
 .comment       0x0000006e       0x6f c:/nxp/mcuxpressoide_10.0.0_344/ide/tools/bin/../lib/gcc/arm-none-eabi/5.4.1/../../../../arm-none-eabi/lib/armv7-m\libcr_c.a(strlen.o)
 .comment       0x0000006e       0x6f c:/nxp/mcuxpressoide_10.0.0_344/ide/tools/bin/../lib/gcc/arm-none-eabi/5.4.1/../../../../arm-none-eabi/lib/armv7-m\libcr_c.a(strncpy.o)
 .comment       0x0000006e       0x6f c:/nxp/mcuxpressoide_10.0.0_344/ide/tools/bin/../lib/gcc/arm-none-eabi/5.4.1/../../../../arm-none-eabi/lib/armv7-m\libcr_c.a(_deferredlazyseek.o)
 .comment       0x0000006e       0x6f c:/nxp/mcuxpressoide_10.0.0_344/ide/tools/bin/../lib/gcc/arm-none-eabi/5.4.1/../../../../arm-none-eabi/lib/armv7-m\libcr_c.a(_fflush.o)
 .comment       0x0000006e       0x6f c:/nxp/mcuxpressoide_10.0.0_344/ide/tools/bin/../lib/gcc/arm-none-eabi/5.4.1/../../../../arm-none-eabi/lib/armv7-m\libcr_c.a(_frexpl.o)
 .comment       0x0000006e       0x6f c:/nxp/mcuxpressoide_10.0.0_344/ide/tools/bin/../lib/gcc/arm-none-eabi/5.4.1/../../../../arm-none-eabi/lib/armv7-m\libcr_c.a(_ldexpl.o)
 .comment       0x0000006e       0x6f c:/nxp/mcuxpressoide_10.0.0_344/ide/tools/bin/../lib/gcc/arm-none-eabi/5.4.1/../../../../arm-none-eabi/lib/armv7-m\libcr_c.a(_writebuf.o)
 .comment       0x0000006e       0x6f c:/nxp/mcuxpressoide_10.0.0_344/ide/tools/bin/../lib/gcc/arm-none-eabi/5.4.1/../../../../arm-none-eabi/lib/armv7-m\libcr_c.a(alloc.o)
 .comment       0x0000006e       0x6f c:/nxp/mcuxpressoide_10.0.0_344/ide/tools/bin/../lib/gcc/arm-none-eabi/5.4.1/../../../../arm-none-eabi/lib/armv7-m\libcr_c.a(errno.o)
 .comment       0x0000006e       0x6f c:/nxp/mcuxpressoide_10.0.0_344/ide/tools/bin/../lib/gcc/arm-none-eabi/5.4.1/../../../../arm-none-eabi/lib/armv7-m\libcr_c.a(fseek.o)
 .comment       0x0000006e       0x6f c:/nxp/mcuxpressoide_10.0.0_344/ide/tools/bin/../lib/gcc/arm-none-eabi/5.4.1/../../../../arm-none-eabi/lib/armv7-m\libcr_c.a(ftell.o)
 .comment       0x0000006e       0x6f c:/nxp/mcuxpressoide_10.0.0_344/ide/tools/bin/../lib/gcc/arm-none-eabi/5.4.1/../../../../arm-none-eabi/lib/armv7-m\libcr_c.a(__init_alloc.o)
 .comment       0x0000006e       0x6f c:/nxp/mcuxpressoide_10.0.0_344/ide/tools/bin/../lib/gcc/arm-none-eabi/5.4.1/../../../../arm-none-eabi/lib/armv7-m\libcr_c.a(_cr_sbrk.o)
 .comment       0x0000006e       0x6f c:/nxp/mcuxpressoide_10.0.0_344/ide/tools/bin/../lib/gcc/arm-none-eabi/5.4.1/../../../../arm-none-eabi/lib/armv7-m\libcr_c.a(_hugeval.o)
 .comment       0x0000006e       0x6f c:/nxp/mcuxpressoide_10.0.0_344/ide/tools/bin/../lib/gcc/arm-none-eabi/5.4.1/../../../../arm-none-eabi/lib/armv7-m\libcr_c.a(_cr_check_heap.o)
 .comment       0x0000006e       0x6f c:/nxp/mcuxpressoide_10.0.0_344/ide/tools/bin/../lib/gcc/arm-none-eabi/5.4.1/armv7-m\libcr_eabihelpers.a(double.o)
 .comment       0x0000006e       0x6f c:/nxp/mcuxpressoide_10.0.0_344/ide/tools/bin/../lib/gcc/arm-none-eabi/5.4.1/../../../../arm-none-eabi/lib/armv7-m\libcr_semihost.a(__ciob.o)

.ARM.attributes
                0x00000000       0x31
 .ARM.attributes
                0x00000000       0x33 ./Sensors.o
 .ARM.attributes
                0x00000033       0x33 ./cr_startup_lpc17.o
 .ARM.attributes
                0x00000066       0x33 ./main.o
 .ARM.attributes
                0x00000099       0x33 ./optenc.o
 .ARM.attributes
                0x000000cc       0x33 ./ultsensor.o
 .ARM.attributes
                0x000000ff       0x33 C:\Users\sujee\Desktop\ARC\SJSU_Coursework\Spring_2017\295B\FreeRTOS_workfolder\SourceCode\FreeRTOS_workspac\CMSISv1p30_LPC17xx\Debug\libCMSISv1p30_LPC17xx.a(system_LPC17xx.o)
 .ARM.attributes
                0x00000132       0x33 C:\Users\sujee\Desktop\ARC\SJSU_Coursework\Spring_2017\295B\FreeRTOS_workfolder\SourceCode\FreeRTOS_workspac\FreeRTOS_Library\Debug\libFreeRTOS_Library.a(port.o)
 .ARM.attributes
                0x00000165       0x33 C:\Users\sujee\Desktop\ARC\SJSU_Coursework\Spring_2017\295B\FreeRTOS_workfolder\SourceCode\FreeRTOS_workspac\FreeRTOS_Library\Debug\libFreeRTOS_Library.a(tasks.o)
 .ARM.attributes
                0x00000198       0x33 C:\Users\sujee\Desktop\ARC\SJSU_Coursework\Spring_2017\295B\FreeRTOS_workfolder\SourceCode\FreeRTOS_workspac\FreeRTOS_Library\Debug\libFreeRTOS_Library.a(heap_2.o)
 .ARM.attributes
                0x000001cb       0x33 C:\Users\sujee\Desktop\ARC\SJSU_Coursework\Spring_2017\295B\FreeRTOS_workfolder\SourceCode\FreeRTOS_workspac\FreeRTOS_Library\Debug\libFreeRTOS_Library.a(list.o)
 .ARM.attributes
                0x000001fe       0x33 c:/nxp/mcuxpressoide_10.0.0_344/ide/tools/bin/../lib/gcc/arm-none-eabi/5.4.1/../../../../arm-none-eabi/lib/armv7-m\libcr_c.a(memset.o)
 .ARM.attributes
                0x00000231       0x33 c:/nxp/mcuxpressoide_10.0.0_344/ide/tools/bin/../lib/gcc/arm-none-eabi/5.4.1/../../../../arm-none-eabi/lib/armv7-m\libcr_c.a(fpprintf.o)
 .ARM.attributes
                0x00000264       0x33 c:/nxp/mcuxpressoide_10.0.0_344/ide/tools/bin/../lib/gcc/arm-none-eabi/5.4.1/../../../../arm-none-eabi/lib/armv7-m\libcr_c.a(printf.o)
 .ARM.attributes
                0x00000297       0x33 c:/nxp/mcuxpressoide_10.0.0_344/ide/tools/bin/../lib/gcc/arm-none-eabi/5.4.1/../../../../arm-none-eabi/lib/armv7-m\libcr_c.a(strlen.o)
 .ARM.attributes
                0x000002ca       0x33 c:/nxp/mcuxpressoide_10.0.0_344/ide/tools/bin/../lib/gcc/arm-none-eabi/5.4.1/../../../../arm-none-eabi/lib/armv7-m\libcr_c.a(strncpy.o)
 .ARM.attributes
                0x000002fd       0x33 c:/nxp/mcuxpressoide_10.0.0_344/ide/tools/bin/../lib/gcc/arm-none-eabi/5.4.1/../../../../arm-none-eabi/lib/armv7-m\libcr_c.a(_deferredlazyseek.o)
 .ARM.attributes
                0x00000330       0x33 c:/nxp/mcuxpressoide_10.0.0_344/ide/tools/bin/../lib/gcc/arm-none-eabi/5.4.1/../../../../arm-none-eabi/lib/armv7-m\libcr_c.a(_fflush.o)
 .ARM.attributes
                0x00000363       0x33 c:/nxp/mcuxpressoide_10.0.0_344/ide/tools/bin/../lib/gcc/arm-none-eabi/5.4.1/../../../../arm-none-eabi/lib/armv7-m\libcr_c.a(_frexpl.o)
 .ARM.attributes
                0x00000396       0x33 c:/nxp/mcuxpressoide_10.0.0_344/ide/tools/bin/../lib/gcc/arm-none-eabi/5.4.1/../../../../arm-none-eabi/lib/armv7-m\libcr_c.a(_ldexpl.o)
 .ARM.attributes
                0x000003c9       0x33 c:/nxp/mcuxpressoide_10.0.0_344/ide/tools/bin/../lib/gcc/arm-none-eabi/5.4.1/../../../../arm-none-eabi/lib/armv7-m\libcr_c.a(_writebuf.o)
 .ARM.attributes
                0x000003fc       0x33 c:/nxp/mcuxpressoide_10.0.0_344/ide/tools/bin/../lib/gcc/arm-none-eabi/5.4.1/../../../../arm-none-eabi/lib/armv7-m\libcr_c.a(alloc.o)
 .ARM.attributes
                0x0000042f       0x33 c:/nxp/mcuxpressoide_10.0.0_344/ide/tools/bin/../lib/gcc/arm-none-eabi/5.4.1/../../../../arm-none-eabi/lib/armv7-m\libcr_c.a(errno.o)
 .ARM.attributes
                0x00000462       0x33 c:/nxp/mcuxpressoide_10.0.0_344/ide/tools/bin/../lib/gcc/arm-none-eabi/5.4.1/../../../../arm-none-eabi/lib/armv7-m\libcr_c.a(fseek.o)
 .ARM.attributes
                0x00000495       0x33 c:/nxp/mcuxpressoide_10.0.0_344/ide/tools/bin/../lib/gcc/arm-none-eabi/5.4.1/../../../../arm-none-eabi/lib/armv7-m\libcr_c.a(ftell.o)
 .ARM.attributes
                0x000004c8       0x33 c:/nxp/mcuxpressoide_10.0.0_344/ide/tools/bin/../lib/gcc/arm-none-eabi/5.4.1/../../../../arm-none-eabi/lib/armv7-m\libcr_c.a(__init_alloc.o)
 .ARM.attributes
                0x000004fb       0x33 c:/nxp/mcuxpressoide_10.0.0_344/ide/tools/bin/../lib/gcc/arm-none-eabi/5.4.1/../../../../arm-none-eabi/lib/armv7-m\libcr_c.a(_cr_sbrk.o)
 .ARM.attributes
                0x0000052e       0x33 c:/nxp/mcuxpressoide_10.0.0_344/ide/tools/bin/../lib/gcc/arm-none-eabi/5.4.1/../../../../arm-none-eabi/lib/armv7-m\libcr_c.a(_hugeval.o)
 .ARM.attributes
                0x00000561       0x33 c:/nxp/mcuxpressoide_10.0.0_344/ide/tools/bin/../lib/gcc/arm-none-eabi/5.4.1/../../../../arm-none-eabi/lib/armv7-m\libcr_c.a(_cr_check_heap.o)
 .ARM.attributes
                0x00000594       0x33 c:/nxp/mcuxpressoide_10.0.0_344/ide/tools/bin/../lib/gcc/arm-none-eabi/5.4.1/armv7-m\libcr_eabihelpers.a(double.o)
 .ARM.attributes
                0x000005c7       0x21 c:/nxp/mcuxpressoide_10.0.0_344/ide/tools/bin/../lib/gcc/arm-none-eabi/5.4.1/armv7-m\libcr_eabihelpers.a(memcpy.o)
 .ARM.attributes
                0x000005e8       0x33 c:/nxp/mcuxpressoide_10.0.0_344/ide/tools/bin/../lib/gcc/arm-none-eabi/5.4.1/../../../../arm-none-eabi/lib/armv7-m\libcr_semihost.a(__ciob.o)
 .ARM.attributes
                0x0000061b       0x21 c:/nxp/mcuxpressoide_10.0.0_344/ide/tools/bin/../lib/gcc/arm-none-eabi/5.4.1/../../../../arm-none-eabi/lib/armv7-m\libcr_semihost.a(__sys_appexit.o)
 .ARM.attributes
                0x0000063c       0x21 c:/nxp/mcuxpressoide_10.0.0_344/ide/tools/bin/../lib/gcc/arm-none-eabi/5.4.1/../../../../arm-none-eabi/lib/armv7-m\libcr_semihost.a(__sys_flen.o)
 .ARM.attributes
                0x0000065d       0x21 c:/nxp/mcuxpressoide_10.0.0_344/ide/tools/bin/../lib/gcc/arm-none-eabi/5.4.1/../../../../arm-none-eabi/lib/armv7-m\libcr_semihost.a(__sys_istty.o)
 .ARM.attributes
                0x0000067e       0x21 c:/nxp/mcuxpressoide_10.0.0_344/ide/tools/bin/../lib/gcc/arm-none-eabi/5.4.1/../../../../arm-none-eabi/lib/armv7-m\libcr_semihost.a(__sys_seek.o)
 .ARM.attributes
                0x0000069f       0x21 c:/nxp/mcuxpressoide_10.0.0_344/ide/tools/bin/../lib/gcc/arm-none-eabi/5.4.1/../../../../arm-none-eabi/lib/armv7-m\libcr_semihost.a(__sys_write.o)

.debug_frame    0x00000000      0x934
 .debug_frame   0x00000000       0x7c ./Sensors.o
 .debug_frame   0x0000007c      0x120 ./cr_startup_lpc17.o
 .debug_frame   0x0000019c       0x30 ./main.o
 .debug_frame   0x000001cc      0x12c ./optenc.o
 .debug_frame   0x000002f8      0x15c ./ultsensor.o
 .debug_frame   0x00000454       0x50 C:\Users\sujee\Desktop\ARC\SJSU_Coursework\Spring_2017\295B\FreeRTOS_workfolder\SourceCode\FreeRTOS_workspac\CMSISv1p30_LPC17xx\Debug\libCMSISv1p30_LPC17xx.a(system_LPC17xx.o)
 .debug_frame   0x000004a4       0xc0 C:\Users\sujee\Desktop\ARC\SJSU_Coursework\Spring_2017\295B\FreeRTOS_workfolder\SourceCode\FreeRTOS_workspac\FreeRTOS_Library\Debug\libFreeRTOS_Library.a(port.o)
 .debug_frame   0x00000564      0x2f4 C:\Users\sujee\Desktop\ARC\SJSU_Coursework\Spring_2017\295B\FreeRTOS_workfolder\SourceCode\FreeRTOS_workspac\FreeRTOS_Library\Debug\libFreeRTOS_Library.a(tasks.o)
 .debug_frame   0x00000858       0x70 C:\Users\sujee\Desktop\ARC\SJSU_Coursework\Spring_2017\295B\FreeRTOS_workfolder\SourceCode\FreeRTOS_workspac\FreeRTOS_Library\Debug\libFreeRTOS_Library.a(heap_2.o)
 .debug_frame   0x000008c8       0x6c C:\Users\sujee\Desktop\ARC\SJSU_Coursework\Spring_2017\295B\FreeRTOS_workfolder\SourceCode\FreeRTOS_workspac\FreeRTOS_Library\Debug\libFreeRTOS_Library.a(list.o)

.debug_loc      0x00000000      0xf15
 .debug_loc     0x00000000       0x5f C:\Users\sujee\Desktop\ARC\SJSU_Coursework\Spring_2017\295B\FreeRTOS_workfolder\SourceCode\FreeRTOS_workspac\FreeRTOS_Library\Debug\libFreeRTOS_Library.a(port.o)
 .debug_loc     0x0000005f      0xc45 C:\Users\sujee\Desktop\ARC\SJSU_Coursework\Spring_2017\295B\FreeRTOS_workfolder\SourceCode\FreeRTOS_workspac\FreeRTOS_Library\Debug\libFreeRTOS_Library.a(tasks.o)
 .debug_loc     0x00000ca4      0x22d C:\Users\sujee\Desktop\ARC\SJSU_Coursework\Spring_2017\295B\FreeRTOS_workfolder\SourceCode\FreeRTOS_workspac\FreeRTOS_Library\Debug\libFreeRTOS_Library.a(heap_2.o)
 .debug_loc     0x00000ed1       0x44 C:\Users\sujee\Desktop\ARC\SJSU_Coursework\Spring_2017\295B\FreeRTOS_workfolder\SourceCode\FreeRTOS_workspac\FreeRTOS_Library\Debug\libFreeRTOS_Library.a(list.o)
