Archive member included to satisfy reference by file (symbol)

C:\Users\veena\Documents\LPCXpresso_8.1.0_597\workspace\CMSISv1p30_LPC17xx\Debug\libCMSISv1p30_LPC17xx.a(system_LPC17xx.o)
                              ./cr_startup_lpc17.o (SystemInit)
C:\Users\veena\Documents\LPCXpresso_8.1.0_597\workspace\FreeRTOS_Library\Debug\libFreeRTOS_Library.a(port.o)
                              ./cr_startup_lpc17.o (vPortSVCHandler)
C:\Users\veena\Documents\LPCXpresso_8.1.0_597\workspace\FreeRTOS_Library\Debug\libFreeRTOS_Library.a(tasks.o)
                              ./main.o (xTaskGenericCreate)
C:\Users\veena\Documents\LPCXpresso_8.1.0_597\workspace\FreeRTOS_Library\Debug\libFreeRTOS_Library.a(heap_2.o)
                              C:\Users\veena\Documents\LPCXpresso_8.1.0_597\workspace\FreeRTOS_Library\Debug\libFreeRTOS_Library.a(tasks.o) (pvPortMalloc)
C:\Users\veena\Documents\LPCXpresso_8.1.0_597\workspace\FreeRTOS_Library\Debug\libFreeRTOS_Library.a(list.o)
                              C:\Users\veena\Documents\LPCXpresso_8.1.0_597\workspace\FreeRTOS_Library\Debug\libFreeRTOS_Library.a(tasks.o) (vListInitialise)
c:/nxp/lpcxpresso_8.1.0_597/lpcxpresso/tools/bin/../lib/gcc/arm-none-eabi/5.2.1/../../../../arm-none-eabi/lib/armv7-m\libcr_c.a(memcpy.o)
                              ./src/mbfuncother.o (memcpy)
c:/nxp/lpcxpresso_8.1.0_597/lpcxpresso/tools/bin/../lib/gcc/arm-none-eabi/5.2.1/../../../../arm-none-eabi/lib/armv7-m\libcr_c.a(memset.o)
                              C:\Users\veena\Documents\LPCXpresso_8.1.0_597\workspace\FreeRTOS_Library\Debug\libFreeRTOS_Library.a(tasks.o) (memset)
c:/nxp/lpcxpresso_8.1.0_597/lpcxpresso/tools/bin/../lib/gcc/arm-none-eabi/5.2.1/../../../../arm-none-eabi/lib/armv7-m\libcr_c.a(_cr_assert.o)
                              ./src/mbrtu.o (__assertion_failed)
c:/nxp/lpcxpresso_8.1.0_597/lpcxpresso/tools/bin/../lib/gcc/arm-none-eabi/5.2.1/../../../../arm-none-eabi/lib/armv7-m\libcr_c.a(_deferredlazyseek.o)
                              c:/nxp/lpcxpresso_8.1.0_597/lpcxpresso/tools/bin/../lib/gcc/arm-none-eabi/5.2.1/../../../../arm-none-eabi/lib/armv7-m\libcr_c.a(_cr_assert.o) (__flsbuf)
c:/nxp/lpcxpresso_8.1.0_597/lpcxpresso/tools/bin/../lib/gcc/arm-none-eabi/5.2.1/../../../../arm-none-eabi/lib/armv7-m\libcr_c.a(_fflush.o)
                              c:/nxp/lpcxpresso_8.1.0_597/lpcxpresso/tools/bin/../lib/gcc/arm-none-eabi/5.2.1/../../../../arm-none-eabi/lib/armv7-m\libcr_c.a(_deferredlazyseek.o) (_fflush)
c:/nxp/lpcxpresso_8.1.0_597/lpcxpresso/tools/bin/../lib/gcc/arm-none-eabi/5.2.1/../../../../arm-none-eabi/lib/armv7-m\libcr_c.a(_writebuf.o)
                              c:/nxp/lpcxpresso_8.1.0_597/lpcxpresso/tools/bin/../lib/gcc/arm-none-eabi/5.2.1/../../../../arm-none-eabi/lib/armv7-m\libcr_c.a(_deferredlazyseek.o) (_Cwritebuf)
c:/nxp/lpcxpresso_8.1.0_597/lpcxpresso/tools/bin/../lib/gcc/arm-none-eabi/5.2.1/../../../../arm-none-eabi/lib/armv7-m\libcr_c.a(alloc.o)
                              c:/nxp/lpcxpresso_8.1.0_597/lpcxpresso/tools/bin/../lib/gcc/arm-none-eabi/5.2.1/../../../../arm-none-eabi/lib/armv7-m\libcr_c.a(_deferredlazyseek.o) (_Csys_alloc)
c:/nxp/lpcxpresso_8.1.0_597/lpcxpresso/tools/bin/../lib/gcc/arm-none-eabi/5.2.1/../../../../arm-none-eabi/lib/armv7-m\libcr_c.a(fpprintf.o)
                              ./src/mb.o (printf)
c:/nxp/lpcxpresso_8.1.0_597/lpcxpresso/tools/bin/../lib/gcc/arm-none-eabi/5.2.1/../../../../arm-none-eabi/lib/armv7-m\libcr_c.a(fputs.o)
                              c:/nxp/lpcxpresso_8.1.0_597/lpcxpresso/tools/bin/../lib/gcc/arm-none-eabi/5.2.1/../../../../arm-none-eabi/lib/armv7-m\libcr_c.a(_cr_assert.o) (fputs)
c:/nxp/lpcxpresso_8.1.0_597/lpcxpresso/tools/bin/../lib/gcc/arm-none-eabi/5.2.1/../../../../arm-none-eabi/lib/armv7-m\libcr_c.a(fseek.o)
                              c:/nxp/lpcxpresso_8.1.0_597/lpcxpresso/tools/bin/../lib/gcc/arm-none-eabi/5.2.1/../../../../arm-none-eabi/lib/armv7-m\libcr_c.a(_deferredlazyseek.o) (fseek)
c:/nxp/lpcxpresso_8.1.0_597/lpcxpresso/tools/bin/../lib/gcc/arm-none-eabi/5.2.1/../../../../arm-none-eabi/lib/armv7-m\libcr_c.a(ftell.o)
                              c:/nxp/lpcxpresso_8.1.0_597/lpcxpresso/tools/bin/../lib/gcc/arm-none-eabi/5.2.1/../../../../arm-none-eabi/lib/armv7-m\libcr_c.a(fseek.o) (ftell)
c:/nxp/lpcxpresso_8.1.0_597/lpcxpresso/tools/bin/../lib/gcc/arm-none-eabi/5.2.1/../../../../arm-none-eabi/lib/armv7-m\libcr_c.a(printf.o)
                              c:/nxp/lpcxpresso_8.1.0_597/lpcxpresso/tools/bin/../lib/gcc/arm-none-eabi/5.2.1/../../../../arm-none-eabi/lib/armv7-m\libcr_c.a(fpprintf.o) (__vfprintf)
c:/nxp/lpcxpresso_8.1.0_597/lpcxpresso/tools/bin/../lib/gcc/arm-none-eabi/5.2.1/../../../../arm-none-eabi/lib/armv7-m\libcr_c.a(stdio.o)
                              c:/nxp/lpcxpresso_8.1.0_597/lpcxpresso/tools/bin/../lib/gcc/arm-none-eabi/5.2.1/../../../../arm-none-eabi/lib/armv7-m\libcr_c.a(_cr_assert.o) (__Ciob)
[...]
Memory Configuration

Name             Origin             Length             Attributes
MFlash512        0x00000000         0x00080000         xr
RamLoc32         0x10000000         0x00008000         xrw
RamAHB32         0x2007c000         0x00008000         xrw
*default*        0x00000000         0xffffffff

Linker script and memory map

LOAD ./src/cr_startup_lpc175x_6x.o
LOAD ./src/crp.o
LOAD ./src/mb.o
LOAD ./src/mbcrc.o
LOAD ./src/mbfunccoils.o
LOAD ./src/mbfuncdisc.o
LOAD ./src/mbfuncinput.o
LOAD ./src/mbfuncother.o
LOAD ./src/mbrtu.o
LOAD ./src/mbutils.o
LOAD ./src/modbus.o
LOAD ./src/portevent.o
LOAD ./src/portserial.o
LOAD ./src/porttimer.o
LOAD ./include/mbfuncholding.o
LOAD ./cr_startup_lpc17.o
LOAD ./main.o
LOAD C:\Users\veena\Documents\LPCXpresso_8.1.0_597\workspace\CMSISv1p30_LPC17xx\Debug\libCMSISv1p30_LPC17xx.a
LOAD C:\Users\veena\Documents\LPCXpresso_8.1.0_597\workspace\FreeRTOS_Library\Debug\libFreeRTOS_Library.a
START GROUP
LOAD c:/nxp/lpcxpresso_8.1.0_597/lpcxpresso/tools/bin/../lib/gcc/arm-none-eabi/5.2.1/../../../../arm-none-eabi/lib/armv7-m\libcr_semihost.a
LOAD c:/nxp/lpcxpresso_8.1.0_597/lpcxpresso/tools/bin/../lib/gcc/arm-none-eabi/5.2.1/../../../../arm-none-eabi/lib/armv7-m\libcr_c.a
LOAD c:/nxp/lpcxpresso_8.1.0_597/lpcxpresso/tools/bin/../lib/gcc/arm-none-eabi/5.2.1/armv7-m\libcr_eabihelpers.a
END GROUP
                0x00000000                __base_MFlash512 = 0x0
                0x00000000                __base_Flash = 0x0
                0x00080000                __top_MFlash512 = 0x80000
                0x00080000                __top_Flash = 0x80000
                0x10000000                __base_RamLoc32 = 0x10000000
                0x10000000                __base_RAM = 0x10000000
                0x10008000                __top_RamLoc32 = 0x10008000
                0x10008000                __top_RAM = 0x10008000
                0x2007c000                __base_RamAHB32 = 0x2007c000
                0x2007c000                __base_RAM2 = 0x2007c000
                0x20084000                __top_RamAHB32 = 0x20084000
                0x20084000                __top_RAM2 = 0x20084000

.text           0x00000000     0x5518
 FILL mask 0xff
                0x00000000                __vectors_start__ = ABSOLUTE (.)
 *(.isr_vector)
 .isr_vector    0x00000000       0xc4 ./cr_startup_lpc17.o
                0x00000000                g_pfnVectors
                0x000000c4                . = ALIGN (0x4)
                0x000000c4                __section_table_start = .
                0x000000c4                __data_section_table = .
                0x000000c4        0x4 LONG 0x5518 LOADADDR (.data)
                0x000000c8        0x4 LONG 0x10000000 ADDR (.data)
                0x000000cc        0x4 LONG 0x90 SIZEOF (.data)
                0x000000d0        0x4 LONG 0x5518 LOADADDR (.data_RAM2)
                0x000000d4        0x4 LONG 0x2007c000 ADDR (.data_RAM2)
                0x000000d8        0x4 LONG 0x0 SIZEOF (.data_RAM2)
                0x000000dc                __data_section_table_end = .
                0x000000dc                __bss_section_table = .
                0x000000dc        0x4 LONG 0x10000090 ADDR (.bss)
                0x000000e0        0x4 LONG 0xbdc SIZEOF (.bss)
                0x000000e4        0x4 LONG 0x2007c000 ADDR (.bss_RAM2)
                0x000000e8        0x4 LONG 0x0 SIZEOF (.bss_RAM2)
                0x000000ec                __bss_section_table_end = .
                0x000000ec                __section_table_end = .
 *(.after_vectors*)
 *(.text*)
 .text.eMBInit  0x000000ec       0xf8 ./src/mb.o
                0x000000ec                eMBInit
 .text.eMBEnable
                0x000001e4       0x38 ./src/mb.o
                0x000001e4                eMBEnable
 .text.eMBPoll  0x0000021c      0x1b0 ./src/mb.o
                0x0000021c                eMBPoll
 .text.usMBCRC16
                0x000003cc       0x6c ./src/mbcrc.o
                0x000003cc                usMBCRC16
 .text.eMBFuncReadCoils
                0x00000438      0x100 ./src/mbfunccoils.o
                0x00000438                eMBFuncReadCoils
 .text.eMBFuncWriteCoil
                0x00000538       0xa8 ./src/mbfunccoils.o
                0x00000538                eMBFuncWriteCoil
 .text.eMBFuncWriteMultipleCoils
                0x000005e0       0xd0 ./src/mbfunccoils.o
                0x000005e0                eMBFuncWriteMultipleCoils
 .text.eMBFuncReadDiscreteInputs
                0x000006b0      0x100 ./src/mbfuncdisc.o
                0x000006b0                eMBFuncReadDiscreteInputs
 .text.eMBFuncReadInputRegister
                0x000007b0       0xe4 ./src/mbfuncinput.o
                0x000007b0                eMBFuncReadInputRegister
 .text.eMBFuncReportSlaveID
                0x00000894       0x38 ./src/mbfuncother.o
                0x00000894                eMBFuncReportSlaveID
 .text.eMBRTUInit
                0x000008cc       0x90 ./src/mbrtu.o
                0x000008cc                eMBRTUInit
 .text.eMBRTUStart
                0x0000095c       0x20 ./src/mbrtu.o
                0x0000095c                eMBRTUStart
 .text.eMBRTUStop
                0x0000097c       0x14 ./src/mbrtu.o
                0x0000097c                eMBRTUStop
 .text.eMBRTUReceive
                0x00000990       0x90 ./src/mbrtu.o
                0x00000990                eMBRTUReceive
 .text.eMBRTUSend
                0x00000a20       0xcc ./src/mbrtu.o
                0x00000a20                eMBRTUSend
 .text.xMBRTUReceiveFSM
                0x00000aec       0xc0 ./src/mbrtu.o
                0x00000aec                xMBRTUReceiveFSM
 .text.xMBRTUTransmitFSM
                0x00000bac       0xb8 ./src/mbrtu.o
                0x00000bac                xMBRTUTransmitFSM
 .text.xMBRTUTimerT35Expired
                0x00000c64       0x78 ./src/mbrtu.o
                0x00000c64                xMBRTUTimerT35Expired
 .text.sys_get_cpu_clock
                0x00000cdc      0x160 ./src/mbutils.o
                0x00000cdc                sys_get_cpu_clock
 .text.prveMBError2Exception
                0x00000e3c       0x3c ./src/mbutils.o
                0x00000e3c                prveMBError2Exception
 .text.xMBPortEventInit
                0x00000e78       0x18 ./src/portevent.o
                0x00000e78                xMBPortEventInit
 .text.xMBPortEventPost
                0x00000e90       0x2c ./src/portevent.o
                0x00000e90                xMBPortEventPost
 .text.xMBPortEventGet
                0x00000ebc       0x3c ./src/portevent.o
                0x00000ebc                xMBPortEventGet
 .text.NVIC_EnableIRQ
                0x00000ef8       0x30 ./src/portserial.o
 .text.Chip_Clock_IsMainPLLEnabled
                0x00000f28       0x24 ./src/portserial.o
 .text.Chip_Clock_GetMainOscRate
                0x00000f4c       0x14 ./src/portserial.o
 .text.Chip_Clock_GetSYSCLKRate
                0x00000f60       0x10 ./src/portserial.o
                0x00000f60                Chip_Clock_GetSYSCLKRate
 .text.Chip_Clock_GetMainPLLInClockRate
                0x00000f70       0x10 ./src/portserial.o
 .text.Chip_Clock_GetMainPLLOutClockRate
                0x00000f80       0x54 ./src/portserial.o
                0x00000f80                Chip_Clock_GetMainPLLOutClockRate
 .text.Chip_Clock_IsMainPLLConnected
                0x00000fd4       0x24 ./src/portserial.o
 .text.Chip_Clock_GetCPUClockSource
                0x00000ff8       0x24 ./src/portserial.o
                0x00000ff8                Chip_Clock_GetCPUClockSource
 .text.Chip_Clock_GetMainClockRate
                0x0000101c       0x28 ./src/portserial.o
                0x0000101c                Chip_Clock_GetMainClockRate
 .text.Chip_Clock_GetCPUClockDiv
                0x00001044       0x1c ./src/portserial.o
                0x00001044                Chip_Clock_GetCPUClockDiv
 .text.Chip_Clock_GetSystemClockRate
                0x00001060       0x18 ./src/portserial.o
                0x00001060                Chip_Clock_GetSystemClockRate
 .text.Chip_Clock_GetPCLKDiv
                0x00001078       0x88 ./src/portserial.o
                0x00001078                Chip_Clock_GetPCLKDiv
 .text.Chip_UART_GetClkIndex
                0x00001100       0x50 ./src/portserial.o
 .text.Chip_Clock_GetPeripheralClockRate
                0x00001150       0x28 ./src/portserial.o
                0x00001150                Chip_Clock_GetPeripheralClockRate
 .text.Chip_UART_SetBaud
                0x00001178       0x7c ./src/portserial.o
                0x00001178                Chip_UART_SetBaud
 .text.vMBPortSerialEnable
                0x000011f4       0x60 ./src/portserial.o
                0x000011f4                vMBPortSerialEnable
 .text.xMBPortSerialInit
                0x00001254       0xec ./src/portserial.o
                0x00001254                xMBPortSerialInit
 .text.xMBPortSerialPutByte
                0x00001340       0x30 ./src/portserial.o
                0x00001340                xMBPortSerialPutByte
 .text.xMBPortSerialGetByte
                0x00001370       0x24 ./src/portserial.o
                0x00001370                xMBPortSerialGetByte
 .text.UART2_IRQHandler
                0x00001394       0x6c ./src/portserial.o
                0x00001394                UART2_IRQHandler
 .text.prvvUARTTxReadyISR
                0x00001400       0x14 ./src/portserial.o
 .text.prvvUARTRxISR
                0x00001414       0x14 ./src/portserial.o
 .text.NVIC_EnableIRQ
                0x00001428       0x30 ./src/porttimer.o
 .text.NVIC_ClearPendingIRQ
                0x00001458       0x34 ./src/porttimer.o
 .text.xMBPortTimersInit
                0x0000148c       0x80 ./src/porttimer.o
                0x0000148c                xMBPortTimersInit
 .text.vMBPortTimersEnable
                0x0000150c       0x2c ./src/porttimer.o
                0x0000150c                vMBPortTimersEnable
 .text.vMBPortTimersDisable
                0x00001538       0x14 ./src/porttimer.o
                0x00001538                vMBPortTimersDisable
 .text.prvvTIMERExpiredISR
                0x0000154c       0x14 ./src/porttimer.o
 .text.TIMER0_IRQHandler
                0x00001560       0x14 ./src/porttimer.o
                0x00001560                TIMER0_IRQHandler
 .text.eMBFuncWriteHoldingRegister
                0x00001574       0x6c ./include/mbfuncholding.o
                0x00001574                eMBFuncWriteHoldingRegister
 .text.eMBFuncWriteMultipleHoldingRegister
                0x000015e0       0xb4 ./include/mbfuncholding.o
                0x000015e0                eMBFuncWriteMultipleHoldingRegister
 .text.eMBFuncReadHoldingRegister
                0x00001694       0xe0 ./include/mbfuncholding.o
                0x00001694                eMBFuncReadHoldingRegister
 .text.eMBFuncReadWriteMultipleHoldingRegister
                0x00001774      0x154 ./include/mbfuncholding.o
                0x00001774                eMBFuncReadWriteMultipleHoldingRegister
 .text.Reset_Handler
                0x000018c8       0x68 ./cr_startup_lpc17.o
                0x000018c8                ResetISR
                0x000018c8                Reset_Handler
 .text.NMI_Handler
                0x00001930        0x8 ./cr_startup_lpc17.o
                0x00001930                NMI_Handler
 .text.HardFault_Handler
                0x00001938        0x8 ./cr_startup_lpc17.o
                0x00001938                HardFault_Handler
 .text.MemManage_Handler
                0x00001940        0x8 ./cr_startup_lpc17.o
                0x00001940                MemManage_Handler
 .text.BusFault_Handler
                0x00001948        0x8 ./cr_startup_lpc17.o
                0x00001948                BusFault_Handler
 .text.UsageFault_Handler
                0x00001950        0x8 ./cr_startup_lpc17.o
                0x00001950                UsageFault_Handler
 .text.DebugMon_Handler
                0x00001958        0x8 ./cr_startup_lpc17.o
                0x00001958                DebugMon_Handler
 .text.IntDefaultHandler
                0x00001960        0x8 ./cr_startup_lpc17.o
                0x00001960                TIMER2_IRQHandler
                0x00001960                RIT_IRQHandler
                0x00001960                I2C0_IRQHandler
                0x00001960                PWM1_IRQHandler
                0x00001960                I2C1_IRQHandler
                0x00001960                EINT2_IRQHandler
                0x00001960                UART1_IRQHandler
                0x00001960                EINT3_IRQHandler
                0x00001960                TIMER3_IRQHandler
                0x00001960                UART0_IRQHandler
                0x00001960                PLL0_IRQHandler
                0x00001960                CAN_IRQHandler
                0x00001960                PLL1_IRQHandler
                0x00001960                SSP0_IRQHandler
                0x00001960                I2S_IRQHandler
                0x00001960                I2C2_IRQHandler
                0x00001960                RTC_IRQHandler
                0x00001960                SPI_IRQHandler
                0x00001960                EINT1_IRQHandler
                0x00001960                TIMER1_IRQHandler
                0x00001960                ADC_IRQHandler
                0x00001960                SSP1_IRQHandler
                0x00001960                USB_IRQHandler
                0x00001960                BOD_IRQHandler
                0x00001960                WDT_IRQHandler
                0x00001960                QEI_IRQHandler
                0x00001960                EINT0_IRQHandler
                0x00001960                DMA_IRQHandler
                0x00001960                UART3_IRQHandler
                0x00001960                MCPWM_IRQHandler
                0x00001960                ENET_IRQHandler
 .text.MODBUS_Task
                0x00001968       0x68 ./main.o
                0x00001968                MODBUS_Task
 .text.main     0x000019d0       0x40 ./main.o
                0x000019d0                main
 .text.eMBRegInputCB
                0x00001a10       0x88 ./main.o
                0x00001a10                eMBRegInputCB
 .text.eMBRegHoldingCB
                0x00001a98       0xf0 ./main.o
                0x00001a98                eMBRegHoldingCB
 .text.eMBRegCoilsCB
                0x00001b88       0x34 ./main.o
                0x00001b88                eMBRegCoilsCB
 .text.eMBRegDiscreteCB
                0x00001bbc       0x1c ./main.o
                0x00001bbc                eMBRegDiscreteCB
 .text.SystemInit
                0x00001bd8      0x138 C:\Users\veena\Documents\LPCXpresso_8.1.0_597\workspace\CMSISv1p30_LPC17xx\Debug\libCMSISv1p30_LPC17xx.a(system_LPC17xx.o)
                0x00001bd8                SystemInit
 .text          0x00001d10      0x12c C:\Users\veena\Documents\LPCXpresso_8.1.0_597\workspace\FreeRTOS_Library\Debug\libFreeRTOS_Library.a(port.o)
                0x00001d10                pxPortInitialiseStack
                0x00001d2c                vPortSVCHandler
                0x00001d4c                vPortStartFirstTask
                0x00001d58                xPortStartScheduler
                0x00001d94                vPortEndScheduler
                0x00001d98                vPortYieldFromISR
                0x00001da8                vPortEnterCritical
                0x00001dc0                vPortExitCritical
                0x00001dd8                xPortPendSVHandler
                0x00001e14                xPortSysTickHandler
 .text          0x00001e3c      0xa44 C:\Users\veena\Documents\LPCXpresso_8.1.0_597\workspace\FreeRTOS_Library\Debug\libFreeRTOS_Library.a(tasks.o)
                0x00001e3c                xTaskGenericCreate
                0x00001fd4                vTaskDelete
                0x0000203c                uxTaskPriorityGet
                0x00002058                vTaskPrioritySet
                0x000020f0                xTaskIsTaskSuspended
                0x00002114                vTaskResume
                0x00002178                xTaskResumeFromISR
                0x000021e8                vTaskStartScheduler
                0x00002230                vTaskEndScheduler
                0x0000224c                vTaskSuspendAll
                0x00002260                xTaskGetTickCount
                0x00002278                xTaskGetTickCountFromISR
                0x00002284                uxTaskGetNumberOfTasks
                0x00002290                vTaskIncrementTick
                0x00002334                xTaskResumeAll
                0x00002408                vTaskDelayUntil
                0x00002488                vTaskDelay
                0x00002534                vTaskSwitchContext
                0x000025bc                vTaskSuspend
                0x00002664                vTaskPlaceOnEventList
                0x000026bc                xTaskRemoveFromEventList
                0x00002730                vTaskSetTimeOutState
                0x00002744                xTaskCheckForTimeOut
                0x000027a8                vTaskMissedYield
                0x000027b8                xTaskGetCurrentTaskHandle
                0x000027c4                vTaskPriorityInherit
                0x00002834                vTaskPriorityDisinherit
 .text          0x00002880      0x114 C:\Users\veena\Documents\LPCXpresso_8.1.0_597\workspace\FreeRTOS_Library\Debug\libFreeRTOS_Library.a(heap_2.o)
                0x00002880                pvPortMalloc
                0x00002940                vPortFree
                0x00002984                xPortGetFreeHeapSize
                0x00002990                vPortInitialiseBlocks
 .text          0x00002994       0x9c C:\Users\veena\Documents\LPCXpresso_8.1.0_597\workspace\FreeRTOS_Library\Debug\libFreeRTOS_Library.a(list.o)
                0x00002994                vListInitialise
                0x000029ac                vListInitialiseItem
                0x000029b4                vListInsertEnd
                0x000029d0                vListInsert
                0x00002a0c                vListRemove
 .text.memcpy   0x00002a30        0x4 c:/nxp/lpcxpresso_8.1.0_597/lpcxpresso/tools/bin/../lib/gcc/arm-none-eabi/5.2.1/../../../../arm-none-eabi/lib/armv7-m\libcr_c.a(memcpy.o)
                0x00002a30                memcpy
 .text.memset   0x00002a34        0x4 c:/nxp/lpcxpresso_8.1.0_597/lpcxpresso/tools/bin/../lib/gcc/arm-none-eabi/5.2.1/../../../../arm-none-eabi/lib/armv7-m\libcr_c.a(memset.o)
                0x00002a34                memset
 .text.__assertion_failed
                0x00002a38       0x48 c:/nxp/lpcxpresso_8.1.0_597/lpcxpresso/tools/bin/../lib/gcc/arm-none-eabi/5.2.1/../../../../arm-none-eabi/lib/armv7-m\libcr_c.a(_cr_assert.o)
                0x00002a38                __assertion_failed
 .text._deferredlazyseek
                0x00002a80       0x44 c:/nxp/lpcxpresso_8.1.0_597/lpcxpresso/tools/bin/../lib/gcc/arm-none-eabi/5.2.1/../../../../arm-none-eabi/lib/armv7-m\libcr_c.a(_deferredlazyseek.o)
                0x00002a80                _deferredlazyseek
 .text.__flsbuf
                0x00002ac4      0x140 c:/nxp/lpcxpresso_8.1.0_597/lpcxpresso/tools/bin/../lib/gcc/arm-none-eabi/5.2.1/../../../../arm-none-eabi/lib/armv7-m\libcr_c.a(_deferredlazyseek.o)
                0x00002ac4                __flsbuf
 .text._fflush  0x00002c04       0x58 c:/nxp/lpcxpresso_8.1.0_597/lpcxpresso/tools/bin/../lib/gcc/arm-none-eabi/5.2.1/../../../../arm-none-eabi/lib/armv7-m\libcr_c.a(_fflush.o)
                0x00002c04                _fflush
 .text._Cwritebuf
                0x00002c5c       0x68 c:/nxp/lpcxpresso_8.1.0_597/lpcxpresso/tools/bin/../lib/gcc/arm-none-eabi/5.2.1/../../../../arm-none-eabi/lib/armv7-m\libcr_c.a(_writebuf.o)
                0x00002c5c                _Cwritebuf
 .text.malloc   0x00002cc4       0xc8 c:/nxp/lpcxpresso_8.1.0_597/lpcxpresso/tools/bin/../lib/gcc/arm-none-eabi/5.2.1/../../../../arm-none-eabi/lib/armv7-m\libcr_c.a(alloc.o)
                0x00002cc4                malloc
 .text.free     0x00002d8c       0x30 c:/nxp/lpcxpresso_8.1.0_597/lpcxpresso/tools/bin/../lib/gcc/arm-none-eabi/5.2.1/../../../../arm-none-eabi/lib/armv7-m\libcr_c.a(alloc.o)
                0x00002d8c                free
 .text._Csys_alloc
                0x00002dbc       0x20 c:/nxp/lpcxpresso_8.1.0_597/lpcxpresso/tools/bin/../lib/gcc/arm-none-eabi/5.2.1/../../../../arm-none-eabi/lib/armv7-m\libcr_c.a(alloc.o)
                0x00002dbc                _Csys_alloc
 .text.fp_round
                0x00002ddc       0x4c c:/nxp/lpcxpresso_8.1.0_597/lpcxpresso/tools/bin/../lib/gcc/arm-none-eabi/5.2.1/../../../../arm-none-eabi/lib/armv7-m\libcr_c.a(fpprintf.o)
 .text.pr_dec.constprop.1
                0x00002e28       0x26 c:/nxp/lpcxpresso_8.1.0_597/lpcxpresso/tools/bin/../lib/gcc/arm-none-eabi/5.2.1/../../../../arm-none-eabi/lib/armv7-m\libcr_c.a(fpprintf.o)
 *fill*         0x00002e4e        0x2 ff
 .text.sprintf  0x00002e50       0x6c c:/nxp/lpcxpresso_8.1.0_597/lpcxpresso/tools/bin/../lib/gcc/arm-none-eabi/5.2.1/../../../../arm-none-eabi/lib/armv7-m\libcr_c.a(fpprintf.o)
                0x00002e50                sprintf
 *fill*         0x00002ebc        0x4 ff
 .text.fp_display
                0x00002ec0      0x8ec c:/nxp/lpcxpresso_8.1.0_597/lpcxpresso/tools/bin/../lib/gcc/arm-none-eabi/5.2.1/../../../../arm-none-eabi/lib/armv7-m\libcr_c.a(fpprintf.o)
 .text.vsnprintf
                0x000037ac       0x5c c:/nxp/lpcxpresso_8.1.0_597/lpcxpresso/tools/bin/../lib/gcc/arm-none-eabi/5.2.1/../../../../arm-none-eabi/lib/armv7-m\libcr_c.a(fpprintf.o)
                0x000037ac                vsnprintf
 .text.printf   0x00003808       0x54 c:/nxp/lpcxpresso_8.1.0_597/lpcxpresso/tools/bin/../lib/gcc/arm-none-eabi/5.2.1/../../../../arm-none-eabi/lib/armv7-m\libcr_c.a(fpprintf.o)
                0x00003808                printf
 .text.fputs    0x0000385c       0x2c c:/nxp/lpcxpresso_8.1.0_597/lpcxpresso/tools/bin/../lib/gcc/arm-none-eabi/5.2.1/../../../../arm-none-eabi/lib/armv7-m\libcr_c.a(fputs.o)
                0x0000385c                fputs
 .text.fseek    0x00003888      0x110 c:/nxp/lpcxpresso_8.1.0_597/lpcxpresso/tools/bin/../lib/gcc/arm-none-eabi/5.2.1/../../../../arm-none-eabi/lib/armv7-m\libcr_c.a(fseek.o)
                0x00003888                fseek
 .text.ftell    0x00003998       0x4c c:/nxp/lpcxpresso_8.1.0_597/lpcxpresso/tools/bin/../lib/gcc/arm-none-eabi/5.2.1/../../../../arm-none-eabi/lib/armv7-m\libcr_c.a(ftell.o)
                0x00003998                ftell
 .text.__vfprintf
                0x000039e4      0xd28 c:/nxp/lpcxpresso_8.1.0_597/lpcxpresso/tools/bin/../lib/gcc/arm-none-eabi/5.2.1/../../../../arm-none-eabi/lib/armv7-m\libcr_c.a(printf.o)
                0x000039e4                __vfprintf
 .text.strlen   0x0000470c       0x4a c:/nxp/lpcxpresso_8.1.0_597/lpcxpresso/tools/bin/../lib/gcc/arm-none-eabi/5.2.1/../../../../arm-none-eabi/lib/armv7-m\libcr_c.a(strlen.o)
                0x0000470c                strlen
 .text.strncpy  0x00004756       0x56 c:/nxp/lpcxpresso_8.1.0_597/lpcxpresso/tools/bin/../lib/gcc/arm-none-eabi/5.2.1/../../../../arm-none-eabi/lib/armv7-m\libcr_c.a(strncpy.o)
                0x00004756                strncpy
 .text._sbrk    0x000047ac       0x40 c:/nxp/lpcxpresso_8.1.0_597/lpcxpresso/tools/bin/../lib/gcc/arm-none-eabi/5.2.1/../../../../arm-none-eabi/lib/armv7-m\libcr_c.a(_cr_sbrk.o)
                0x000047ac                _sbrk
 .text._frexpl  0x000047ec       0x5a c:/nxp/lpcxpresso_8.1.0_597/lpcxpresso/tools/bin/../lib/gcc/arm-none-eabi/5.2.1/../../../../arm-none-eabi/lib/armv7-m\libcr_c.a(_frexpl.o)
                0x000047ec                _frexpl
 *fill*         0x00004846        0x2 ff
 .text._ldexpl  0x00004848       0x4c c:/nxp/lpcxpresso_8.1.0_597/lpcxpresso/tools/bin/../lib/gcc/arm-none-eabi/5.2.1/../../../../arm-none-eabi/lib/armv7-m\libcr_c.a(_ldexpl.o)
                0x00004848                _ldexpl
 .text.__check_heap_overflow
                0x00004894       0x18 c:/nxp/lpcxpresso_8.1.0_597/lpcxpresso/tools/bin/../lib/gcc/arm-none-eabi/5.2.1/../../../../arm-none-eabi/lib/armv7-m\libcr_c.a(_cr_check_heap.o)
                0x00004894                __check_heap_overflow
 .text.__aeabi_dmul
                0x000048ac      0x120 c:/nxp/lpcxpresso_8.1.0_597/lpcxpresso/tools/bin/../lib/gcc/arm-none-eabi/5.2.1/armv7-m\libcr_eabihelpers.a(double.o)
                0x000048ac                __aeabi_dmul
 .text.__aeabi_ddiv
                0x000049cc      0x154 c:/nxp/lpcxpresso_8.1.0_597/lpcxpresso/tools/bin/../lib/gcc/arm-none-eabi/5.2.1/armv7-m\libcr_eabihelpers.a(double.o)
                0x000049cc                __aeabi_ddiv
 .text.__aeabi_dsub
                0x00004b20      0x1d0 c:/nxp/lpcxpresso_8.1.0_597/lpcxpresso/tools/bin/../lib/gcc/arm-none-eabi/5.2.1/armv7-m\libcr_eabihelpers.a(double.o)
                0x00004b20                __aeabi_dsub
 .text.__aeabi_dadd
                0x00004cf0      0x130 c:/nxp/lpcxpresso_8.1.0_597/lpcxpresso/tools/bin/../lib/gcc/arm-none-eabi/5.2.1/armv7-m\libcr_eabihelpers.a(double.o)
                0x00004cf0                __aeabi_dadd
 .text.__aeabi_d2iz
                0x00004e20       0x40 c:/nxp/lpcxpresso_8.1.0_597/lpcxpresso/tools/bin/../lib/gcc/arm-none-eabi/5.2.1/armv7-m\libcr_eabihelpers.a(double.o)
                0x00004e20                __aeabi_d2iz
 .text.__bhs_ui2d
                0x00004e60       0x44 c:/nxp/lpcxpresso_8.1.0_597/lpcxpresso/tools/bin/../lib/gcc/arm-none-eabi/5.2.1/armv7-m\libcr_eabihelpers.a(double.o)
                0x00004e60                __bhs_ui2d
 .text.__aeabi_i2d
                0x00004ea4       0x10 c:/nxp/lpcxpresso_8.1.0_597/lpcxpresso/tools/bin/../lib/gcc/arm-none-eabi/5.2.1/armv7-m\libcr_eabihelpers.a(double.o)
                0x00004ea4                __aeabi_i2d
 .text.__aeabi_dcmpeq
                0x00004eb4       0x2c c:/nxp/lpcxpresso_8.1.0_597/lpcxpresso/tools/bin/../lib/gcc/arm-none-eabi/5.2.1/armv7-m\libcr_eabihelpers.a(double.o)
                0x00004eb4                __aeabi_dcmpeq
 .text.__aeabi_dcmplt
                0x00004ee0       0x5c c:/nxp/lpcxpresso_8.1.0_597/lpcxpresso/tools/bin/../lib/gcc/arm-none-eabi/5.2.1/armv7-m\libcr_eabihelpers.a(double.o)
                0x00004ee0                __aeabi_dcmplt
 .text.__aeabi_dcmple
                0x00004f3c       0x5c c:/nxp/lpcxpresso_8.1.0_597/lpcxpresso/tools/bin/../lib/gcc/arm-none-eabi/5.2.1/armv7-m\libcr_eabihelpers.a(double.o)
                0x00004f3c                __aeabi_dcmple
 .text.__aeabi_dcmpge
                0x00004f98       0x5c c:/nxp/lpcxpresso_8.1.0_597/lpcxpresso/tools/bin/../lib/gcc/arm-none-eabi/5.2.1/armv7-m\libcr_eabihelpers.a(double.o)
                0x00004f98                __aeabi_dcmpge
 .text.__aeabi_memcpy
                0x00004ff4       0x34 c:/nxp/lpcxpresso_8.1.0_597/lpcxpresso/tools/bin/../lib/gcc/arm-none-eabi/5.2.1/armv7-m\libcr_eabihelpers.a(memcpy.o)
                0x00004ff4                __aeabi_memcpy
                0x00004ffe                __aeabi_memcpy8
                0x00004ffe                __aeabi_memcpy4
 .text.__aeabi_memset_lowlevel
                0x00005028       0x32 c:/nxp/lpcxpresso_8.1.0_597/lpcxpresso/tools/bin/../lib/gcc/arm-none-eabi/5.2.1/armv7-m\libcr_eabihelpers.a(memcpy.o)
                0x00005028                __aeabi_lowlevel_memset
 *fill*         0x0000505a        0x2 ff
 .text.__sys_appexit
                0x0000505c        0xc c:/nxp/lpcxpresso_8.1.0_597/lpcxpresso/tools/bin/../lib/gcc/arm-none-eabi/5.2.1/../../../../arm-none-eabi/lib/armv7-m\libcr_semihost.a(__sys_appexit.o)
                0x0000505c                __sys_appexit
                0x0000505c                __exit
 .text.__sys_flen
                0x00005068        0xc c:/nxp/lpcxpresso_8.1.0_597/lpcxpresso/tools/bin/../lib/gcc/arm-none-eabi/5.2.1/../../../../arm-none-eabi/lib/armv7-m\libcr_semihost.a(__sys_flen.o)
                0x00005068                __sys_flen
 .text.__sys_istty
                0x00005074        0xc c:/nxp/lpcxpresso_8.1.0_597/lpcxpresso/tools/bin/../lib/gcc/arm-none-eabi/5.2.1/../../../../arm-none-eabi/lib/armv7-m\libcr_semihost.a(__sys_istty.o)
                0x00005074                __sys_istty
 .text.__sys_seek
                0x00005080        0xc c:/nxp/lpcxpresso_8.1.0_597/lpcxpresso/tools/bin/../lib/gcc/arm-none-eabi/5.2.1/../../../../arm-none-eabi/lib/armv7-m\libcr_semihost.a(__sys_seek.o)
                0x00005080                __sys_seek
 .text.__sys_write
                0x0000508c        0xc c:/nxp/lpcxpresso_8.1.0_597/lpcxpresso/tools/bin/../lib/gcc/arm-none-eabi/5.2.1/../../../../arm-none-eabi/lib/armv7-m\libcr_semihost.a(__sys_write.o)
                0x0000508c                __sys_write
                0x0000508c                __write
 *(.rodata .rodata.* .constdata .constdata.*)
 .rodata        0x00005098       0x5c ./src/mb.o
 .rodata        0x000050f4      0x200 ./src/mbcrc.o
 .rodata        0x000052f4      0x13c ./src/mbrtu.o
 .rodata        0x00005430       0x47 ./main.o
 *fill*         0x00005477        0x1 ff
 .rodata.str1.4
                0x00005478        0x8 C:\Users\veena\Documents\LPCXpresso_8.1.0_597\workspace\FreeRTOS_Library\Debug\libFreeRTOS_Library.a(tasks.o)
                                  0x5 (size before relaxing)
 .rodata.str1.1
                0x00005480       0x15 c:/nxp/lpcxpresso_8.1.0_597/lpcxpresso/tools/bin/../lib/gcc/arm-none-eabi/5.2.1/../../../../arm-none-eabi/lib/armv7-m\libcr_c.a(_cr_assert.o)
 .rodata.str1.1
                0x00005495       0x18 c:/nxp/lpcxpresso_8.1.0_597/lpcxpresso/tools/bin/../lib/gcc/arm-none-eabi/5.2.1/../../../../arm-none-eabi/lib/armv7-m\libcr_c.a(alloc.o)
 .rodata.str1.1
                0x000054ad       0x32 c:/nxp/lpcxpresso_8.1.0_597/lpcxpresso/tools/bin/../lib/gcc/arm-none-eabi/5.2.1/../../../../arm-none-eabi/lib/armv7-m\libcr_c.a(fpprintf.o)
                                 0x35 (size before relaxing)
 .rodata.str1.1
                0x000054df       0x31 c:/nxp/lpcxpresso_8.1.0_597/lpcxpresso/tools/bin/../lib/gcc/arm-none-eabi/5.2.1/../../../../arm-none-eabi/lib/armv7-m\libcr_c.a(printf.o)
                                 0x38 (size before relaxing)
 .rodata.__huge_vall
                0x00005510        0x8 c:/nxp/lpcxpresso_8.1.0_597/lpcxpresso/tools/bin/../lib/gcc/arm-none-eabi/5.2.1/../../../../arm-none-eabi/lib/armv7-m\libcr_c.a(_hugeval.o)
                0x00005510                __huge_vall
                0x00005518                . = ALIGN (0x4)

.glue_7         0x00005518        0x0
 .glue_7        0x00005518        0x0 linker stubs

.glue_7t        0x00005518        0x0
 .glue_7t       0x00005518        0x0 linker stubs

.vfp11_veneer   0x00005518        0x0
 .vfp11_veneer  0x00005518        0x0 linker stubs

.v4_bx          0x00005518        0x0
 .v4_bx         0x00005518        0x0 linker stubs

.iplt           0x00005518        0x0
 .iplt          0x00005518        0x0 ./src/cr_startup_lpc175x_6x.o

.rel.dyn        0x00005518        0x0
 .rel.iplt      0x00005518        0x0 ./src/cr_startup_lpc175x_6x.o

.ARM.extab
 *(.ARM.extab* .gnu.linkonce.armextab.*)
                0x00005518                __exidx_start = .

.ARM.exidx
 *(.ARM.exidx* .gnu.linkonce.armexidx.*)
                0x00005518                __exidx_end = .
                0x00005518                _etext = .

.data_RAM2      0x2007c000        0x0 load address 0x00005518
 FILL mask 0xff
                [!provide]                PROVIDE (__start_data_RAM2, .)
 *(.ramfunc.$RAM2)
 *(.ramfunc.$RamAHB32)
 *(.data.$RAM2*)
 *(.data.$RamAHB32*)
                0x2007c000                . = ALIGN (0x4)
                [!provide]                PROVIDE (__end_data_RAM2, .)

.uninit_RESERVED
                0x10000000        0x0
 *(.bss.$RESERVED*)
                0x10000000                . = ALIGN (0x4)
                0x10000000                _end_uninit_RESERVED = .

.data           0x10000000       0x90 load address 0x00005518
 FILL mask 0xff
                0x10000000                _data = .
 *(vtable)
 *(.ramfunc*)
 *(.data*)
 .data          0x10000000       0x84 ./src/mb.o
 .data          0x10000084        0x2 ./main.o
 *fill*         0x10000086        0x2 ff
 .data          0x10000088        0x4 C:\Users\veena\Documents\LPCXpresso_8.1.0_597\workspace\FreeRTOS_Library\Debug\libFreeRTOS_Library.a(port.o)
 .data          0x1000008c        0x4 C:\Users\veena\Documents\LPCXpresso_8.1.0_597\workspace\FreeRTOS_Library\Debug\libFreeRTOS_Library.a(heap_2.o)
                0x10000090                . = ALIGN (0x4)
                0x10000090                _edata = .

.igot.plt       0x10000090        0x0 load address 0x000055a8
 .igot.plt      0x10000090        0x0 ./src/cr_startup_lpc175x_6x.o

.bss_RAM2       0x2007c000        0x0
                [!provide]                PROVIDE (__start_bss_RAM2, .)
 *(.bss.$RAM2*)
 *(.bss.$RamAHB32*)
                0x2007c000                . = ALIGN ((. != 0x0)?0x4:0x1)
                [!provide]                PROVIDE (__end_bss_RAM2, .)

.bss            0x10000090      0xbdc
                0x10000090                _bss = .
 *(.bss*)
 .bss           0x10000090       0x24 ./src/mb.o
 .bss           0x100000b4       0x22 ./src/mbfuncother.o
 *fill*         0x100000d6        0x2 
 .bss           0x100000d8        0xc ./src/mbrtu.o
 .bss           0x100000e4        0x2 ./src/portevent.o
 *fill*         0x100000e6        0x2 
 .bss           0x100000e8        0x8 ./main.o
 .bss           0x100000f0      0x100 C:\Users\veena\Documents\LPCXpresso_8.1.0_597\workspace\FreeRTOS_Library\Debug\libFreeRTOS_Library.a(tasks.o)
                0x100000f4                pxCurrentTCB
 .bss           0x100001f0      0x818 C:\Users\veena\Documents\LPCXpresso_8.1.0_597\workspace\FreeRTOS_Library\Debug\libFreeRTOS_Library.a(heap_2.o)
 .bss.__Ciob    0x10000a08      0x140 c:/nxp/lpcxpresso_8.1.0_597/lpcxpresso/tools/bin/../lib/gcc/arm-none-eabi/5.2.1/../../../../arm-none-eabi/lib/armv7-m\libcr_c.a(stdio.o)
                0x10000a08                __Ciob
 .bss.__heaps   0x10000b48        0x4 c:/nxp/lpcxpresso_8.1.0_597/lpcxpresso/tools/bin/../lib/gcc/arm-none-eabi/5.2.1/../../../../arm-none-eabi/lib/armv7-m\libcr_c.a(__init_alloc.o)
                0x10000b48                __heaps
 .bss.__end_of_heap
                0x10000b4c        0x4 c:/nxp/lpcxpresso_8.1.0_597/lpcxpresso/tools/bin/../lib/gcc/arm-none-eabi/5.2.1/../../../../arm-none-eabi/lib/armv7-m\libcr_c.a(__init_alloc.o)
                0x10000b4c                __end_of_heap
 .bss.errno     0x10000b50        0x4 c:/nxp/lpcxpresso_8.1.0_597/lpcxpresso/tools/bin/../lib/gcc/arm-none-eabi/5.2.1/../../../../arm-none-eabi/lib/armv7-m\libcr_c.a(errno.o)
                0x10000b50                errno
 *(COMMON)
 COMMON         0x10000b54       0x14 ./src/mb.o
                0x10000b54                pxMBFrameCBTransmitterEmpty
                0x10000b58                pxMBPortCBTimerExpired
                0x10000b5c                pxMBFrameCBByteReceived
                0x10000b60                pxMBFrameCBTransmitFSMCur
                0x10000b64                pxMBFrameCBReceiveFSMCur
 COMMON         0x10000b68      0x100 ./src/mbrtu.o
                0x10000b68                ucRTUBuf
 COMMON         0x10000c68        0x2 ./src/porttimer.o
                0x10000c68                gusTimer3_5
                0x10000c6c                . = ALIGN (0x4)
 *fill*         0x10000c6a        0x2 
                0x10000c6c                _ebss = .
                [!provide]                PROVIDE (end, .)

.noinit_RAM2    0x2007c000        0x0
 *(.noinit.$RAM2*)
 *(.noinit.$RamAHB32*)
                0x2007c000                . = ALIGN (0x4)

.noinit         0x10000c6c        0x0
                0x10000c6c                _noinit = .
 *(.noinit*)
                0x10000c6c                . = ALIGN (0x4)
                0x10000c6c                _end_noinit = .
                0x10000c6c                PROVIDE (_pvHeapStart, DEFINED (__user_heap_base)?__user_heap_base:.)
                0x10008000                PROVIDE (_vStackTop, DEFINED (__user_stack_top)?__user_stack_top:(__top_RamLoc32 - 0x0))
                [!provide]                PROVIDE (__valid_user_code_checksum, (0x0 - ((((((_vStackTop + (ResetISR + 0x1)) + (NMI_Handler + 0x1)) + (HardFault_Handler + 0x1)) + (DEFINED (MemManage_Handler)?MemManage_Handler:0x0 + 0x1)) + (DEFINED (BusFault_Handler)?BusFault_Handler:0x0 + 0x1)) + (DEFINED (UsageFault_Handler)?UsageFault_Handler:0x0 + 0x1))))
OUTPUT(SimpleDemo.axf elf32-littlearm)

.debug_info     0x00000000     0x5a49
 .debug_info    0x00000000      0x5e0 ./src/mb.o
 .debug_info    0x000005e0      0x141 ./src/mbcrc.o
 .debug_info    0x00000721      0x2f5 ./src/mbfunccoils.o
 .debug_info    0x00000a16      0x1cd ./src/mbfuncdisc.o
 .debug_info    0x00000be3      0x1bf ./src/mbfuncinput.o
 .debug_info    0x00000da2      0x242 ./src/mbfuncother.o
 .debug_info    0x00000fe4      0x4b2 ./src/mbrtu.o
 .debug_info    0x00001496      0x61a ./src/mbutils.o
 .debug_info    0x00001ab0      0x15f ./src/portevent.o
 .debug_info    0x00001c0f      0xfed ./src/portserial.o
 .debug_info    0x00002bfc      0x6ff ./src/porttimer.o
 .debug_info    0x000032fb      0x365 ./include/mbfuncholding.o
 .debug_info    0x00003660      0x1bf ./cr_startup_lpc17.o
 .debug_info    0x0000381f      0x35f ./main.o
 .debug_info    0x00003b7e      0x2e3 C:\Users\veena\Documents\LPCXpresso_8.1.0_597\workspace\CMSISv1p30_LPC17xx\Debug\libCMSISv1p30_LPC17xx.a(system_LPC17xx.o)
 .debug_info    0x00003e61      0x211 C:\Users\veena\Documents\LPCXpresso_8.1.0_597\workspace\FreeRTOS_Library\Debug\libFreeRTOS_Library.a(port.o)
 .debug_info    0x00004072     0x1440 C:\Users\veena\Documents\LPCXpresso_8.1.0_597\workspace\FreeRTOS_Library\Debug\libFreeRTOS_Library.a(tasks.o)
 .debug_info    0x000054b2      0x300 C:\Users\veena\Documents\LPCXpresso_8.1.0_597\workspace\FreeRTOS_Library\Debug\libFreeRTOS_Library.a(heap_2.o)
 .debug_info    0x000057b2      0x297 C:\Users\veena\Documents\LPCXpresso_8.1.0_597\workspace\FreeRTOS_Library\Debug\libFreeRTOS_Library.a(list.o)

.debug_abbrev   0x00000000     0x1711
 .debug_abbrev  0x00000000      0x146 ./src/mb.o
 .debug_abbrev  0x00000146       0x96 ./src/mbcrc.o
 .debug_abbrev  0x000001dc       0xc1 ./src/mbfunccoils.o
 .debug_abbrev  0x0000029d       0x93 ./src/mbfuncdisc.o
 .debug_abbrev  0x00000330       0x93 ./src/mbfuncinput.o
 .debug_abbrev  0x000003c3       0xae ./src/mbfuncother.o
 .debug_abbrev  0x00000471      0x136 ./src/mbrtu.o
 .debug_abbrev  0x000005a7      0x186 ./src/mbutils.o
 .debug_abbrev  0x0000072d       0xaf ./src/portevent.o
 .debug_abbrev  0x000007dc      0x36c ./src/portserial.o
 .debug_abbrev  0x00000b48      0x1d5 ./src/porttimer.o
 .debug_abbrev  0x00000d1d       0xcd ./include/mbfuncholding.o
 .debug_abbrev  0x00000dea       0xde ./cr_startup_lpc17.o
 .debug_abbrev  0x00000ec8      0x116 ./main.o
 .debug_abbrev  0x00000fde       0xce C:\Users\veena\Documents\LPCXpresso_8.1.0_597\workspace\CMSISv1p30_LPC17xx\Debug\libCMSISv1p30_LPC17xx.a(system_LPC17xx.o)
 .debug_abbrev  0x000010ac      0x14e C:\Users\veena\Documents\LPCXpresso_8.1.0_597\workspace\FreeRTOS_Library\Debug\libFreeRTOS_Library.a(port.o)
 .debug_abbrev  0x000011fa      0x2a3 C:\Users\veena\Documents\LPCXpresso_8.1.0_597\workspace\FreeRTOS_Library\Debug\libFreeRTOS_Library.a(tasks.o)
 .debug_abbrev  0x0000149d      0x1ad C:\Users\veena\Documents\LPCXpresso_8.1.0_597\workspace\FreeRTOS_Library\Debug\libFreeRTOS_Library.a(heap_2.o)
 .debug_abbrev  0x0000164a       0xc7 C:\Users\veena\Documents\LPCXpresso_8.1.0_597\workspace\FreeRTOS_Library\Debug\libFreeRTOS_Library.a(list.o)

.debug_aranges  0x00000000      0x480
 .debug_aranges
                0x00000000       0x48 ./src/mb.o
 .debug_aranges
                0x00000048       0x20 ./src/mbcrc.o
 .debug_aranges
                0x00000068       0x30 ./src/mbfunccoils.o
 .debug_aranges
                0x00000098       0x20 ./src/mbfuncdisc.o
 .debug_aranges
                0x000000b8       0x20 ./src/mbfuncinput.o
 .debug_aranges
                0x000000d8       0x28 ./src/mbfuncother.o
 .debug_aranges
                0x00000100       0x58 ./src/mbrtu.o
 .debug_aranges
                0x00000158       0x40 ./src/mbutils.o
 .debug_aranges
                0x00000198       0x30 ./src/portevent.o
 .debug_aranges
                0x000001c8       0xd0 ./src/portserial.o
 .debug_aranges
                0x00000298       0x50 ./src/porttimer.o
 .debug_aranges
                0x000002e8       0x38 ./include/mbfuncholding.o
 .debug_aranges
                0x00000320       0x70 ./cr_startup_lpc17.o
 .debug_aranges
                0x00000390       0x48 ./main.o
 .debug_aranges
                0x000003d8       0x28 C:\Users\veena\Documents\LPCXpresso_8.1.0_597\workspace\CMSISv1p30_LPC17xx\Debug\libCMSISv1p30_LPC17xx.a(system_LPC17xx.o)
 .debug_aranges
                0x00000400       0x20 C:\Users\veena\Documents\LPCXpresso_8.1.0_597\workspace\FreeRTOS_Library\Debug\libFreeRTOS_Library.a(port.o)
 .debug_aranges
                0x00000420       0x20 C:\Users\veena\Documents\LPCXpresso_8.1.0_597\workspace\FreeRTOS_Library\Debug\libFreeRTOS_Library.a(tasks.o)
 .debug_aranges
                0x00000440       0x20 C:\Users\veena\Documents\LPCXpresso_8.1.0_597\workspace\FreeRTOS_Library\Debug\libFreeRTOS_Library.a(heap_2.o)
 .debug_aranges
                0x00000460       0x20 C:\Users\veena\Documents\LPCXpresso_8.1.0_597\workspace\FreeRTOS_Library\Debug\libFreeRTOS_Library.a(list.o)

.debug_ranges   0x00000000      0x368
 .debug_ranges  0x00000000       0x38 ./src/mb.o
 .debug_ranges  0x00000038       0x10 ./src/mbcrc.o
 .debug_ranges  0x00000048       0x20 ./src/mbfunccoils.o
 .debug_ranges  0x00000068       0x10 ./src/mbfuncdisc.o
 .debug_ranges  0x00000078       0x10 ./src/mbfuncinput.o
 .debug_ranges  0x00000088       0x18 ./src/mbfuncother.o
 .debug_ranges  0x000000a0       0x48 ./src/mbrtu.o
 .debug_ranges  0x000000e8       0x30 ./src/mbutils.o
 .debug_ranges  0x00000118       0x20 ./src/portevent.o
 .debug_ranges  0x00000138       0xc0 ./src/portserial.o
 .debug_ranges  0x000001f8       0x40 ./src/porttimer.o
 .debug_ranges  0x00000238       0x28 ./include/mbfuncholding.o
 .debug_ranges  0x00000260       0x60 ./cr_startup_lpc17.o
 .debug_ranges  0x000002c0       0x38 ./main.o
 .debug_ranges  0x000002f8       0x18 C:\Users\veena\Documents\LPCXpresso_8.1.0_597\workspace\CMSISv1p30_LPC17xx\Debug\libCMSISv1p30_LPC17xx.a(system_LPC17xx.o)
 .debug_ranges  0x00000310       0x10 C:\Users\veena\Documents\LPCXpresso_8.1.0_597\workspace\FreeRTOS_Library\Debug\libFreeRTOS_Library.a(port.o)
 .debug_ranges  0x00000320       0x48 C:\Users\veena\Documents\LPCXpresso_8.1.0_597\workspace\FreeRTOS_Library\Debug\libFreeRTOS_Library.a(tasks.o)

.debug_macro    0x00000000     0x3b63
 .debug_macro   0x00000000       0xe3 ./src/mb.o
 .debug_macro   0x000000e3       0x10 ./src/mb.o
 .debug_macro   0x000000f3      0x12d ./src/mb.o
 .debug_macro   0x00000220       0x28 ./src/mb.o
 .debug_macro   0x00000248       0x16 ./src/mb.o
 .debug_macro   0x0000025e      0x5b2 ./src/mb.o
 .debug_macro   0x00000810       0x2e ./src/mb.o
 .debug_macro   0x0000083e       0x9a ./src/mb.o
 .debug_macro   0x000008d8       0x7c ./src/mb.o
 .debug_macro   0x00000954       0x6a ./src/mb.o
 .debug_macro   0x000009be       0x22 ./src/mb.o
 .debug_macro   0x000009e0       0x4e ./src/mbcrc.o
 .debug_macro   0x00000a2e       0x1c ./src/mbcrc.o
 .debug_macro   0x00000a4a      0x119 ./src/mbfunccoils.o
 .debug_macro   0x00000b63       0xdd ./src/mbfuncdisc.o
 .debug_macro   0x00000c40       0xe3 ./src/mbfuncinput.o
 .debug_macro   0x00000d23       0xc5 ./src/mbfuncother.o
 .debug_macro   0x00000de8       0xee ./src/mbrtu.o
 .debug_macro   0x00000ed6       0xfe ./src/mbutils.o
 .debug_macro   0x00000fd4       0x1c ./src/mbutils.o
 .debug_macro   0x00000ff0      0x7d5 ./src/mbutils.o
 .debug_macro   0x000017c5      0x2c7 ./src/mbutils.o
 .debug_macro   0x00001a8c       0x8e ./src/portevent.o
 .debug_macro   0x00001b1a      0x12c ./src/portserial.o
 .debug_macro   0x00001c46       0x88 ./src/portserial.o
 .debug_macro   0x00001cce       0xd4 ./src/porttimer.o
 .debug_macro   0x00001da2       0x16 ./src/porttimer.o
 .debug_macro   0x00001db8      0x135 ./include/mbfuncholding.o
 .debug_macro   0x00001eed       0x52 ./cr_startup_lpc17.o
 .debug_macro   0x00001f3f      0x14c ./main.o
 .debug_macro   0x0000208b       0x16 ./main.o
 .debug_macro   0x000020a1       0x46 ./main.o
 .debug_macro   0x000020e7       0xca ./main.o
 .debug_macro   0x000021b1       0xa3 ./main.o
 .debug_macro   0x00002254       0x12 ./main.o
 .debug_macro   0x00002266       0x1e ./main.o
 .debug_macro   0x00002284      0x15b ./main.o
 .debug_macro   0x000023df       0x42 ./main.o
 .debug_macro   0x00002421       0x56 ./main.o
 .debug_macro   0x00002477       0x6a ./main.o
 .debug_macro   0x000024e1      0x113 C:\Users\veena\Documents\LPCXpresso_8.1.0_597\workspace\CMSISv1p30_LPC17xx\Debug\libCMSISv1p30_LPC17xx.a(system_LPC17xx.o)
 .debug_macro   0x000025f4      0x880 C:\Users\veena\Documents\LPCXpresso_8.1.0_597\workspace\CMSISv1p30_LPC17xx\Debug\libCMSISv1p30_LPC17xx.a(system_LPC17xx.o)
 .debug_macro   0x00002e74      0x119 C:\Users\veena\Documents\LPCXpresso_8.1.0_597\workspace\FreeRTOS_Library\Debug\libFreeRTOS_Library.a(port.o)
 .debug_macro   0x00002f8d      0x874 C:\Users\veena\Documents\LPCXpresso_8.1.0_597\workspace\FreeRTOS_Library\Debug\libFreeRTOS_Library.a(port.o)
 .debug_macro   0x00003801      0x166 C:\Users\veena\Documents\LPCXpresso_8.1.0_597\workspace\FreeRTOS_Library\Debug\libFreeRTOS_Library.a(tasks.o)
 .debug_macro   0x00003967       0x16 C:\Users\veena\Documents\LPCXpresso_8.1.0_597\workspace\FreeRTOS_Library\Debug\libFreeRTOS_Library.a(tasks.o)
 .debug_macro   0x0000397d      0x10a C:\Users\veena\Documents\LPCXpresso_8.1.0_597\workspace\FreeRTOS_Library\Debug\libFreeRTOS_Library.a(heap_2.o)
 .debug_macro   0x00003a87       0xdc C:\Users\veena\Documents\LPCXpresso_8.1.0_597\workspace\FreeRTOS_Library\Debug\libFreeRTOS_Library.a(list.o)

.debug_line     0x00000000     0x3450
 .debug_line    0x00000000      0x2f8 ./src/mb.o
 .debug_line    0x000002f8      0x167 ./src/mbcrc.o
 .debug_line    0x0000045f      0x24e ./src/mbfunccoils.o
 .debug_line    0x000006ad      0x1e9 ./src/mbfuncdisc.o
 .debug_line    0x00000896      0x1e0 ./src/mbfuncinput.o
 .debug_line    0x00000a76      0x1f7 ./src/mbfuncother.o
 .debug_line    0x00000c6d      0x2d7 ./src/mbrtu.o
 .debug_line    0x00000f44      0x2b7 ./src/mbutils.o
 .debug_line    0x000011fb      0x1ba ./src/portevent.o
 .debug_line    0x000013b5      0x455 ./src/portserial.o
 .debug_line    0x0000180a      0x29f ./src/porttimer.o
 .debug_line    0x00001aa9      0x235 ./include/mbfuncholding.o
 .debug_line    0x00001cde      0x24f ./cr_startup_lpc17.o
 .debug_line    0x00001f2d      0x425 ./main.o
 .debug_line    0x00002352      0x1fb C:\Users\veena\Documents\LPCXpresso_8.1.0_597\workspace\CMSISv1p30_LPC17xx\Debug\libCMSISv1p30_LPC17xx.a(system_LPC17xx.o)
 .debug_line    0x0000254d      0x314 C:\Users\veena\Documents\LPCXpresso_8.1.0_597\workspace\FreeRTOS_Library\Debug\libFreeRTOS_Library.a(port.o)
 .debug_line    0x00002861      0x59f C:\Users\veena\Documents\LPCXpresso_8.1.0_597\workspace\FreeRTOS_Library\Debug\libFreeRTOS_Library.a(tasks.o)
 .debug_line    0x00002e00      0x345 C:\Users\veena\Documents\LPCXpresso_8.1.0_597\workspace\FreeRTOS_Library\Debug\libFreeRTOS_Library.a(heap_2.o)
 .debug_line    0x00003145      0x30b C:\Users\veena\Documents\LPCXpresso_8.1.0_597\workspace\FreeRTOS_Library\Debug\libFreeRTOS_Library.a(list.o)

.debug_str      0x00000000     0xe04c
 .debug_str     0x00000000     0x48fa ./src/mb.o
                               0x49bc (size before relaxing)
 .debug_str     0x000048fa       0x41 ./src/mbcrc.o
                               0x3d83 (size before relaxing)
 .debug_str     0x0000493b      0x340 ./src/mbfunccoils.o
                               0x49c6 (size before relaxing)
 .debug_str     0x00004c7b       0x99 ./src/mbfuncdisc.o
                               0x478d (size before relaxing)
 .debug_str     0x00004d14       0xc9 ./src/mbfuncinput.o
                               0x47b4 (size before relaxing)
 .debug_str     0x00004ddd       0x8d ./src/mbfuncother.o
                               0x4720 (size before relaxing)
 .debug_str     0x00004e6a      0x1fc ./src/mbrtu.o
                               0x464d (size before relaxing)
 .debug_str     0x00005066     0x4280 ./src/mbutils.o
                               0x868e (size before relaxing)
 .debug_str     0x000092e6       0x6f ./src/portevent.o
                               0x42b1 (size before relaxing)
 .debug_str     0x00009355      0xe02 ./src/portserial.o
                               0x920a (size before relaxing)
 .debug_str     0x0000a157      0x119 ./src/porttimer.o
                               0x8688 (size before relaxing)
 .debug_str     0x0000a270      0x396 ./include/mbfuncholding.o
                               0x4bbb (size before relaxing)
 .debug_str     0x0000a606      0x14c ./cr_startup_lpc17.o
                               0x3d7d (size before relaxing)
 .debug_str     0x0000a752     0x2062 ./main.o
                               0xa30f (size before relaxing)
 .debug_str     0x0000c7b4      0x3ef C:\Users\veena\Documents\LPCXpresso_8.1.0_597\workspace\CMSISv1p30_LPC17xx\Debug\libCMSISv1p30_LPC17xx.a(system_LPC17xx.o)
                               0x7fee (size before relaxing)
 .debug_str     0x0000cba3      0x472 C:\Users\veena\Documents\LPCXpresso_8.1.0_597\workspace\FreeRTOS_Library\Debug\libFreeRTOS_Library.a(port.o)
                               0x97db (size before relaxing)
 .debug_str     0x0000d015      0xbae C:\Users\veena\Documents\LPCXpresso_8.1.0_597\workspace\FreeRTOS_Library\Debug\libFreeRTOS_Library.a(tasks.o)
                               0xa388 (size before relaxing)
 .debug_str     0x0000dbc3      0x442 C:\Users\veena\Documents\LPCXpresso_8.1.0_597\workspace\FreeRTOS_Library\Debug\libFreeRTOS_Library.a(heap_2.o)
                               0x996c (size before relaxing)
 .debug_str     0x0000e005       0x47 C:\Users\veena\Documents\LPCXpresso_8.1.0_597\workspace\FreeRTOS_Library\Debug\libFreeRTOS_Library.a(list.o)
                               0x92b7 (size before relaxing)

.comment        0x00000000       0x6e
 .comment       0x00000000       0x6e ./src/mb.o
                                 0x6f (size before relaxing)
 .comment       0x0000006e       0x6f ./src/mbcrc.o
 .comment       0x0000006e       0x6f ./src/mbfunccoils.o
 .comment       0x0000006e       0x6f ./src/mbfuncdisc.o
 .comment       0x0000006e       0x6f ./src/mbfuncinput.o
 .comment       0x0000006e       0x6f ./src/mbfuncother.o
 .comment       0x0000006e       0x6f ./src/mbrtu.o
 .comment       0x0000006e       0x6f ./src/mbutils.o
 .comment       0x0000006e       0x6f ./src/portevent.o
 .comment       0x0000006e       0x6f ./src/portserial.o
 .comment       0x0000006e       0x6f ./src/porttimer.o
 .comment       0x0000006e       0x6f ./include/mbfuncholding.o
 .comment       0x0000006e       0x6f ./cr_startup_lpc17.o
 .comment       0x0000006e       0x6f ./main.o
 .comment       0x0000006e       0x6f C:\Users\veena\Documents\LPCXpresso_8.1.0_597\workspace\CMSISv1p30_LPC17xx\Debug\libCMSISv1p30_LPC17xx.a(system_LPC17xx.o)
 .comment       0x0000006e       0x6f C:\Users\veena\Documents\LPCXpresso_8.1.0_597\workspace\FreeRTOS_Library\Debug\libFreeRTOS_Library.a(port.o)
 .comment       0x0000006e       0x6f C:\Users\veena\Documents\LPCXpresso_8.1.0_597\workspace\FreeRTOS_Library\Debug\libFreeRTOS_Library.a(tasks.o)
 .comment       0x0000006e       0x6f C:\Users\veena\Documents\LPCXpresso_8.1.0_597\workspace\FreeRTOS_Library\Debug\libFreeRTOS_Library.a(heap_2.o)
 .comment       0x0000006e       0x6f C:\Users\veena\Documents\LPCXpresso_8.1.0_597\workspace\FreeRTOS_Library\Debug\libFreeRTOS_Library.a(list.o)
 .comment       0x0000006e       0x6f c:/nxp/lpcxpresso_8.1.0_597/lpcxpresso/tools/bin/../lib/gcc/arm-none-eabi/5.2.1/../../../../arm-none-eabi/lib/armv7-m\libcr_c.a(memcpy.o)
 .comment       0x0000006e       0x6f c:/nxp/lpcxpresso_8.1.0_597/lpcxpresso/tools/bin/../lib/gcc/arm-none-eabi/5.2.1/../../../../arm-none-eabi/lib/armv7-m\libcr_c.a(memset.o)
 .comment       0x0000006e       0x6f c:/nxp/lpcxpresso_8.1.0_597/lpcxpresso/tools/bin/../lib/gcc/arm-none-eabi/5.2.1/../../../../arm-none-eabi/lib/armv7-m\libcr_c.a(_cr_assert.o)
 .comment       0x0000006e       0x6f c:/nxp/lpcxpresso_8.1.0_597/lpcxpresso/tools/bin/../lib/gcc/arm-none-eabi/5.2.1/../../../../arm-none-eabi/lib/armv7-m\libcr_c.a(_deferredlazyseek.o)
 .comment       0x0000006e       0x6f c:/nxp/lpcxpresso_8.1.0_597/lpcxpresso/tools/bin/../lib/gcc/arm-none-eabi/5.2.1/../../../../arm-none-eabi/lib/armv7-m\libcr_c.a(_fflush.o)
 .comment       0x0000006e       0x6f c:/nxp/lpcxpresso_8.1.0_597/lpcxpresso/tools/bin/../lib/gcc/arm-none-eabi/5.2.1/../../../../arm-none-eabi/lib/armv7-m\libcr_c.a(_writebuf.o)
 .comment       0x0000006e       0x6f c:/nxp/lpcxpresso_8.1.0_597/lpcxpresso/tools/bin/../lib/gcc/arm-none-eabi/5.2.1/../../../../arm-none-eabi/lib/armv7-m\libcr_c.a(alloc.o)
 .comment       0x0000006e       0x6f c:/nxp/lpcxpresso_8.1.0_597/lpcxpresso/tools/bin/../lib/gcc/arm-none-eabi/5.2.1/../../../../arm-none-eabi/lib/armv7-m\libcr_c.a(fpprintf.o)
 .comment       0x0000006e       0x6f c:/nxp/lpcxpresso_8.1.0_597/lpcxpresso/tools/bin/../lib/gcc/arm-none-eabi/5.2.1/../../../../arm-none-eabi/lib/armv7-m\libcr_c.a(fputs.o)
 .comment       0x0000006e       0x6f c:/nxp/lpcxpresso_8.1.0_597/lpcxpresso/tools/bin/../lib/gcc/arm-none-eabi/5.2.1/../../../../arm-none-eabi/lib/armv7-m\libcr_c.a(fseek.o)
 .comment       0x0000006e       0x6f c:/nxp/lpcxpresso_8.1.0_597/lpcxpresso/tools/bin/../lib/gcc/arm-none-eabi/5.2.1/../../../../arm-none-eabi/lib/armv7-m\libcr_c.a(ftell.o)
 .comment       0x0000006e       0x6f c:/nxp/lpcxpresso_8.1.0_597/lpcxpresso/tools/bin/../lib/gcc/arm-none-eabi/5.2.1/../../../../arm-none-eabi/lib/armv7-m\libcr_c.a(printf.o)
 .comment       0x0000006e       0x6f c:/nxp/lpcxpresso_8.1.0_597/lpcxpresso/tools/bin/../lib/gcc/arm-none-eabi/5.2.1/../../../../arm-none-eabi/lib/armv7-m\libcr_c.a(stdio.o)
 .comment       0x0000006e       0x6f c:/nxp/lpcxpresso_8.1.0_597/lpcxpresso/tools/bin/../lib/gcc/arm-none-eabi/5.2.1/../../../../arm-none-eabi/lib/armv7-m\libcr_c.a(strlen.o)
 .comment       0x0000006e       0x6f c:/nxp/lpcxpresso_8.1.0_597/lpcxpresso/tools/bin/../lib/gcc/arm-none-eabi/5.2.1/../../../../arm-none-eabi/lib/armv7-m\libcr_c.a(strncpy.o)
 .comment       0x0000006e       0x6f c:/nxp/lpcxpresso_8.1.0_597/lpcxpresso/tools/bin/../lib/gcc/arm-none-eabi/5.2.1/../../../../arm-none-eabi/lib/armv7-m\libcr_c.a(__init_alloc.o)
 .comment       0x0000006e       0x6f c:/nxp/lpcxpresso_8.1.0_597/lpcxpresso/tools/bin/../lib/gcc/arm-none-eabi/5.2.1/../../../../arm-none-eabi/lib/armv7-m\libcr_c.a(_cr_sbrk.o)
 .comment       0x0000006e       0x6f c:/nxp/lpcxpresso_8.1.0_597/lpcxpresso/tools/bin/../lib/gcc/arm-none-eabi/5.2.1/../../../../arm-none-eabi/lib/armv7-m\libcr_c.a(_frexpl.o)
 .comment       0x0000006e       0x6f c:/nxp/lpcxpresso_8.1.0_597/lpcxpresso/tools/bin/../lib/gcc/arm-none-eabi/5.2.1/../../../../arm-none-eabi/lib/armv7-m\libcr_c.a(_ldexpl.o)
 .comment       0x0000006e       0x6f c:/nxp/lpcxpresso_8.1.0_597/lpcxpresso/tools/bin/../lib/gcc/arm-none-eabi/5.2.1/../../../../arm-none-eabi/lib/armv7-m\libcr_c.a(errno.o)
 .comment       0x0000006e       0x6f c:/nxp/lpcxpresso_8.1.0_597/lpcxpresso/tools/bin/../lib/gcc/arm-none-eabi/5.2.1/../../../../arm-none-eabi/lib/armv7-m\libcr_c.a(_cr_check_heap.o)
 .comment       0x0000006e       0x6f c:/nxp/lpcxpresso_8.1.0_597/lpcxpresso/tools/bin/../lib/gcc/arm-none-eabi/5.2.1/../../../../arm-none-eabi/lib/armv7-m\libcr_c.a(_hugeval.o)
 .comment       0x0000006e       0x6f c:/nxp/lpcxpresso_8.1.0_597/lpcxpresso/tools/bin/../lib/gcc/arm-none-eabi/5.2.1/armv7-m\libcr_eabihelpers.a(double.o)

.ARM.attributes
                0x00000000       0x31
 .ARM.attributes
                0x00000000       0x33 ./src/mb.o
 .ARM.attributes
                0x00000033       0x33 ./src/mbcrc.o
 .ARM.attributes
                0x00000066       0x33 ./src/mbfunccoils.o
 .ARM.attributes
                0x00000099       0x33 ./src/mbfuncdisc.o
 .ARM.attributes
                0x000000cc       0x33 ./src/mbfuncinput.o
 .ARM.attributes
                0x000000ff       0x33 ./src/mbfuncother.o
 .ARM.attributes
                0x00000132       0x33 ./src/mbrtu.o
 .ARM.attributes
                0x00000165       0x33 ./src/mbutils.o
 .ARM.attributes
                0x00000198       0x33 ./src/portevent.o
 .ARM.attributes
                0x000001cb       0x33 ./src/portserial.o
 .ARM.attributes
                0x000001fe       0x33 ./src/porttimer.o
 .ARM.attributes
                0x00000231       0x33 ./include/mbfuncholding.o
 .ARM.attributes
                0x00000264       0x33 ./cr_startup_lpc17.o
 .ARM.attributes
                0x00000297       0x33 ./main.o
 .ARM.attributes
                0x000002ca       0x33 C:\Users\veena\Documents\LPCXpresso_8.1.0_597\workspace\CMSISv1p30_LPC17xx\Debug\libCMSISv1p30_LPC17xx.a(system_LPC17xx.o)
 .ARM.attributes
                0x000002fd       0x33 C:\Users\veena\Documents\LPCXpresso_8.1.0_597\workspace\FreeRTOS_Library\Debug\libFreeRTOS_Library.a(port.o)
 .ARM.attributes
                0x00000330       0x33 C:\Users\veena\Documents\LPCXpresso_8.1.0_597\workspace\FreeRTOS_Library\Debug\libFreeRTOS_Library.a(tasks.o)
 .ARM.attributes
                0x00000363       0x33 C:\Users\veena\Documents\LPCXpresso_8.1.0_597\workspace\FreeRTOS_Library\Debug\libFreeRTOS_Library.a(heap_2.o)
 .ARM.attributes
                0x00000396       0x33 C:\Users\veena\Documents\LPCXpresso_8.1.0_597\workspace\FreeRTOS_Library\Debug\libFreeRTOS_Library.a(list.o)
 .ARM.attributes
                0x000003c9       0x33 c:/nxp/lpcxpresso_8.1.0_597/lpcxpresso/tools/bin/../lib/gcc/arm-none-eabi/5.2.1/../../../../arm-none-eabi/lib/armv7-m\libcr_c.a(memcpy.o)
 .ARM.attributes
                0x000003fc       0x33 c:/nxp/lpcxpresso_8.1.0_597/lpcxpresso/tools/bin/../lib/gcc/arm-none-eabi/5.2.1/../../../../arm-none-eabi/lib/armv7-m\libcr_c.a(memset.o)
 .ARM.attributes
                0x0000042f       0x33 c:/nxp/lpcxpresso_8.1.0_597/lpcxpresso/tools/bin/../lib/gcc/arm-none-eabi/5.2.1/../../../../arm-none-eabi/lib/armv7-m\libcr_c.a(_cr_assert.o)
 .ARM.attributes
                0x00000462       0x33 c:/nxp/lpcxpresso_8.1.0_597/lpcxpresso/tools/bin/../lib/gcc/arm-none-eabi/5.2.1/../../../../arm-none-eabi/lib/armv7-m\libcr_c.a(_deferredlazyseek.o)
 .ARM.attributes
                0x00000495       0x33 c:/nxp/lpcxpresso_8.1.0_597/lpcxpresso/tools/bin/../lib/gcc/arm-none-eabi/5.2.1/../../../../arm-none-eabi/lib/armv7-m\libcr_c.a(_fflush.o)
 .ARM.attributes
                0x000004c8       0x33 c:/nxp/lpcxpresso_8.1.0_597/lpcxpresso/tools/bin/../lib/gcc/arm-none-eabi/5.2.1/../../../../arm-none-eabi/lib/armv7-m\libcr_c.a(_writebuf.o)
 .ARM.attributes
                0x000004fb       0x33 c:/nxp/lpcxpresso_8.1.0_597/lpcxpresso/tools/bin/../lib/gcc/arm-none-eabi/5.2.1/../../../../arm-none-eabi/lib/armv7-m\libcr_c.a(alloc.o)
 .ARM.attributes
                0x0000052e       0x33 c:/nxp/lpcxpresso_8.1.0_597/lpcxpresso/tools/bin/../lib/gcc/arm-none-eabi/5.2.1/../../../../arm-none-eabi/lib/armv7-m\libcr_c.a(fpprintf.o)
 .ARM.attributes
                0x00000561       0x33 c:/nxp/lpcxpresso_8.1.0_597/lpcxpresso/tools/bin/../lib/gcc/arm-none-eabi/5.2.1/../../../../arm-none-eabi/lib/armv7-m\libcr_c.a(fputs.o)
 .ARM.attributes
                0x00000594       0x33 c:/nxp/lpcxpresso_8.1.0_597/lpcxpresso/tools/bin/../lib/gcc/arm-none-eabi/5.2.1/../../../../arm-none-eabi/lib/armv7-m\libcr_c.a(fseek.o)
 .ARM.attributes
                0x000005c7       0x33 c:/nxp/lpcxpresso_8.1.0_597/lpcxpresso/tools/bin/../lib/gcc/arm-none-eabi/5.2.1/../../../../arm-none-eabi/lib/armv7-m\libcr_c.a(ftell.o)
 .ARM.attributes
                0x000005fa       0x33 c:/nxp/lpcxpresso_8.1.0_597/lpcxpresso/tools/bin/../lib/gcc/arm-none-eabi/5.2.1/../../../../arm-none-eabi/lib/armv7-m\libcr_c.a(printf.o)
 .ARM.attributes
                0x0000062d       0x33 c:/nxp/lpcxpresso_8.1.0_597/lpcxpresso/tools/bin/../lib/gcc/arm-none-eabi/5.2.1/../../../../arm-none-eabi/lib/armv7-m\libcr_c.a(stdio.o)
 .ARM.attributes
                0x00000660       0x33 c:/nxp/lpcxpresso_8.1.0_597/lpcxpresso/tools/bin/../lib/gcc/arm-none-eabi/5.2.1/../../../../arm-none-eabi/lib/armv7-m\libcr_c.a(strlen.o)
 .ARM.attributes
                0x00000693       0x33 c:/nxp/lpcxpresso_8.1.0_597/lpcxpresso/tools/bin/../lib/gcc/arm-none-eabi/5.2.1/../../../../arm-none-eabi/lib/armv7-m\libcr_c.a(strncpy.o)
 .ARM.attributes
                0x000006c6       0x33 c:/nxp/lpcxpresso_8.1.0_597/lpcxpresso/tools/bin/../lib/gcc/arm-none-eabi/5.2.1/../../../../arm-none-eabi/lib/armv7-m\libcr_c.a(__init_alloc.o)
 .ARM.attributes
                0x000006f9       0x33 c:/nxp/lpcxpresso_8.1.0_597/lpcxpresso/tools/bin/../lib/gcc/arm-none-eabi/5.2.1/../../../../arm-none-eabi/lib/armv7-m\libcr_c.a(_cr_sbrk.o)
 .ARM.attributes
                0x0000072c       0x33 c:/nxp/lpcxpresso_8.1.0_597/lpcxpresso/tools/bin/../lib/gcc/arm-none-eabi/5.2.1/../../../../arm-none-eabi/lib/armv7-m\libcr_c.a(_frexpl.o)
 .ARM.attributes
                0x0000075f       0x33 c:/nxp/lpcxpresso_8.1.0_597/lpcxpresso/tools/bin/../lib/gcc/arm-none-eabi/5.2.1/../../../../arm-none-eabi/lib/armv7-m\libcr_c.a(_ldexpl.o)
 .ARM.attributes
                0x00000792       0x33 c:/nxp/lpcxpresso_8.1.0_597/lpcxpresso/tools/bin/../lib/gcc/arm-none-eabi/5.2.1/../../../../arm-none-eabi/lib/armv7-m\libcr_c.a(errno.o)
 .ARM.attributes
                0x000007c5       0x33 c:/nxp/lpcxpresso_8.1.0_597/lpcxpresso/tools/bin/../lib/gcc/arm-none-eabi/5.2.1/../../../../arm-none-eabi/lib/armv7-m\libcr_c.a(_cr_check_heap.o)
 .ARM.attributes
                0x000007f8       0x33 c:/nxp/lpcxpresso_8.1.0_597/lpcxpresso/tools/bin/../lib/gcc/arm-none-eabi/5.2.1/../../../../arm-none-eabi/lib/armv7-m\libcr_c.a(_hugeval.o)
 .ARM.attributes
                0x0000082b       0x33 c:/nxp/lpcxpresso_8.1.0_597/lpcxpresso/tools/bin/../lib/gcc/arm-none-eabi/5.2.1/armv7-m\libcr_eabihelpers.a(double.o)
 .ARM.attributes
                0x0000085e       0x21 c:/nxp/lpcxpresso_8.1.0_597/lpcxpresso/tools/bin/../lib/gcc/arm-none-eabi/5.2.1/armv7-m\libcr_eabihelpers.a(memcpy.o)
 .ARM.attributes
                0x0000087f       0x21 c:/nxp/lpcxpresso_8.1.0_597/lpcxpresso/tools/bin/../lib/gcc/arm-none-eabi/5.2.1/../../../../arm-none-eabi/lib/armv7-m\libcr_semihost.a(__sys_appexit.o)
 .ARM.attributes
                0x000008a0       0x21 c:/nxp/lpcxpresso_8.1.0_597/lpcxpresso/tools/bin/../lib/gcc/arm-none-eabi/5.2.1/../../../../arm-none-eabi/lib/armv7-m\libcr_semihost.a(__sys_flen.o)
 .ARM.attributes
                0x000008c1       0x21 c:/nxp/lpcxpresso_8.1.0_597/lpcxpresso/tools/bin/../lib/gcc/arm-none-eabi/5.2.1/../../../../arm-none-eabi/lib/armv7-m\libcr_semihost.a(__sys_istty.o)
 .ARM.attributes
                0x000008e2       0x21 c:/nxp/lpcxpresso_8.1.0_597/lpcxpresso/tools/bin/../lib/gcc/arm-none-eabi/5.2.1/../../../../arm-none-eabi/lib/armv7-m\libcr_semihost.a(__sys_seek.o)
 .ARM.attributes
                0x00000903       0x21 c:/nxp/lpcxpresso_8.1.0_597/lpcxpresso/tools/bin/../lib/gcc/arm-none-eabi/5.2.1/../../../../arm-none-eabi/lib/armv7-m\libcr_semihost.a(__sys_write.o)

.debug_frame    0x00000000     0x1068
 .debug_frame   0x00000000       0xe8 ./src/mb.o
 .debug_frame   0x000000e8       0x38 ./src/mbcrc.o
 .debug_frame   0x00000120       0x7c ./src/mbfunccoils.o
 .debug_frame   0x0000019c       0x34 ./src/mbfuncdisc.o
 .debug_frame   0x000001d0       0x34 ./src/mbfuncinput.o
 .debug_frame   0x00000204       0x58 ./src/mbfuncother.o
 .debug_frame   0x0000025c      0x120 ./src/mbrtu.o
 .debug_frame   0x0000037c       0xd4 ./src/mbutils.o
 .debug_frame   0x00000450       0x80 ./src/portevent.o
 .debug_frame   0x000004d0      0x320 ./src/portserial.o
 .debug_frame   0x000007f0       0xfc ./src/porttimer.o
 .debug_frame   0x000008ec       0xa0 ./include/mbfuncholding.o
 .debug_frame   0x0000098c      0x120 ./cr_startup_lpc17.o
 .debug_frame   0x00000aac       0xec ./main.o
 .debug_frame   0x00000b98       0x50 C:\Users\veena\Documents\LPCXpresso_8.1.0_597\workspace\CMSISv1p30_LPC17xx\Debug\libCMSISv1p30_LPC17xx.a(system_LPC17xx.o)
 .debug_frame   0x00000be8       0xc0 C:\Users\veena\Documents\LPCXpresso_8.1.0_597\workspace\FreeRTOS_Library\Debug\libFreeRTOS_Library.a(port.o)
 .debug_frame   0x00000ca8      0x2e4 C:\Users\veena\Documents\LPCXpresso_8.1.0_597\workspace\FreeRTOS_Library\Debug\libFreeRTOS_Library.a(tasks.o)
 .debug_frame   0x00000f8c       0x70 C:\Users\veena\Documents\LPCXpresso_8.1.0_597\workspace\FreeRTOS_Library\Debug\libFreeRTOS_Library.a(heap_2.o)
 .debug_frame   0x00000ffc       0x6c C:\Users\veena\Documents\LPCXpresso_8.1.0_597\workspace\FreeRTOS_Library\Debug\libFreeRTOS_Library.a(list.o)

.debug_loc      0x00000000      0xe55
 .debug_loc     0x00000000       0x5f C:\Users\veena\Documents\LPCXpresso_8.1.0_597\workspace\FreeRTOS_Library\Debug\libFreeRTOS_Library.a(port.o)
 .debug_loc     0x0000005f      0xb85 C:\Users\veena\Documents\LPCXpresso_8.1.0_597\workspace\FreeRTOS_Library\Debug\libFreeRTOS_Library.a(tasks.o)
 .debug_loc     0x00000be4      0x22d C:\Users\veena\Documents\LPCXpresso_8.1.0_597\workspace\FreeRTOS_Library\Debug\libFreeRTOS_Library.a(heap_2.o)
 .debug_loc     0x00000e11       0x44 C:\Users\veena\Documents\LPCXpresso_8.1.0_597\workspace\FreeRTOS_Library\Debug\libFreeRTOS_Library.a(list.o)
