00:21:25 **** Incremental Build of configuration Debug for project CMSISv1p30_LPC17xx ****
make -r all 
make: Nothing to be done for `all'.
00:21:26 **** Incremental Build of configuration Debug for project FreeRTOS_Library ****
make -r all 
make: Nothing to be done for `all'.
00:21:26 **** Incremental Build of configuration Debug for project SimpleDemo ****
make -r all 
Building file: ../main.c
Invoking: MCU C Compiler
arm-none-eabi-gcc -DDEBUG -D__USE_CMSIS=CMSISv1p30_LPC17xx -D__CODE_RED -D__REDLIB__ -I"/Users/sudheerdoddapaneni/Documents/Sudheer/Sem4/Project/LPCXpresso/RTOS_Proj3/SimpleDemo" -I"/Users/sudheerdoddapaneni/Documents/Sudheer/Sem4/Project/LPCXpresso/RTOS_Proj3/CMSISv1p30_LPC17xx/inc" -I"/Users/sudheerdoddapaneni/Documents/Sudheer/Sem4/Project/LPCXpresso/RTOS_Proj3/FreeRTOS_Library/include" -I"/Users/sudheerdoddapaneni/Documents/Sudheer/Sem4/Project/LPCXpresso/RTOS_Proj3/FreeRTOS_Library/portable" -O0 -g3 -fsigned-char -c -fmessage-length=0 -fno-builtin -ffunction-sections -mcpu=cortex-m3 -mthumb -D__REDLIB__ -specs=redlib.specs -MMD -MP -MF"main.d" -MT"main.o" -MT"main.d" -o "main.o" "../main.c"
Finished building: ../main.c
 
Building target: SimpleDemo.axf
Invoking: MCU Linker
arm-none-eabi-gcc -nostdlib -L"/Users/sudheerdoddapaneni/Documents/Sudheer/Sem4/Project/LPCXpresso/RTOS_Proj3/CMSISv1p30_LPC17xx/Debug" -L"/Users/sudheerdoddapaneni/Documents/Sudheer/Sem4/Project/LPCXpresso/RTOS_Proj3/FreeRTOS_Library/Debug" -Xlinker --gc-sections -Xlinker -Map=SimpleDemo.map -mcpu=cortex-m3 -mthumb -T "SimpleDemo_Debug.ld" -o "SimpleDemo.axf"  ./Sensors.o ./cr_startup_lpc17.o ./main.o   -lCMSISv1p30_LPC17xx -lFreeRTOS_Library
Finished building target: SimpleDemo.axf
 
make --no-print-directory post-build
Performing post-build steps
arm-none-eabi-size SimpleDemo.axf; # arm-none-eabi-objcopy -O ihex SimpleDemo.axf SimpleDemo.hex ;
   text	   data	    bss	    dec	    hex	filename
  14232	      8	   2660	  16900	   4204	SimpleDemo.axf
 
00:21:32 **** Incremental Build of configuration Debug for project SimpleDemo ****
make -r all 
make: Nothing to be done for `all'.
